Archive member included to satisfy reference by file (symbol)

/home/strayker/Pkgs/arm-gnu-toolchain/arm-gnu-toolchain-12.2.mpacbti-bet1-x86_64-arm-none-eabi/bin/../lib/gcc/arm-none-eabi/12.2.0/../../../../arm-none-eabi/lib/thumb/v7e-m/nofp/libg_nano.a(libc_a-exit.o)
                              /home/strayker/Pkgs/arm-gnu-toolchain/arm-gnu-toolchain-12.2.mpacbti-bet1-x86_64-arm-none-eabi/bin/../lib/gcc/arm-none-eabi/12.2.0/../../../../arm-none-eabi/lib/thumb/v7e-m/nofp/crt0.o (exit)
/home/strayker/Pkgs/arm-gnu-toolchain/arm-gnu-toolchain-12.2.mpacbti-bet1-x86_64-arm-none-eabi/bin/../lib/gcc/arm-none-eabi/12.2.0/../../../../arm-none-eabi/lib/thumb/v7e-m/nofp/libg_nano.a(libc_a-init.o)
                              /home/strayker/Pkgs/arm-gnu-toolchain/arm-gnu-toolchain-12.2.mpacbti-bet1-x86_64-arm-none-eabi/bin/../lib/gcc/arm-none-eabi/12.2.0/../../../../arm-none-eabi/lib/thumb/v7e-m/nofp/crt0.o (__libc_init_array)
/home/strayker/Pkgs/arm-gnu-toolchain/arm-gnu-toolchain-12.2.mpacbti-bet1-x86_64-arm-none-eabi/bin/../lib/gcc/arm-none-eabi/12.2.0/../../../../arm-none-eabi/lib/thumb/v7e-m/nofp/libg_nano.a(libc_a-printf.o)
                              src/obj/main.o (printf)
/home/strayker/Pkgs/arm-gnu-toolchain/arm-gnu-toolchain-12.2.mpacbti-bet1-x86_64-arm-none-eabi/bin/../lib/gcc/arm-none-eabi/12.2.0/../../../../arm-none-eabi/lib/thumb/v7e-m/nofp/libg_nano.a(libc_a-nano-vfprintf.o)
                              /home/strayker/Pkgs/arm-gnu-toolchain/arm-gnu-toolchain-12.2.mpacbti-bet1-x86_64-arm-none-eabi/bin/../lib/gcc/arm-none-eabi/12.2.0/../../../../arm-none-eabi/lib/thumb/v7e-m/nofp/libg_nano.a(libc_a-printf.o) (_vfprintf_r)
/home/strayker/Pkgs/arm-gnu-toolchain/arm-gnu-toolchain-12.2.mpacbti-bet1-x86_64-arm-none-eabi/bin/../lib/gcc/arm-none-eabi/12.2.0/../../../../arm-none-eabi/lib/thumb/v7e-m/nofp/libg_nano.a(libc_a-wbuf.o)
                              /home/strayker/Pkgs/arm-gnu-toolchain/arm-gnu-toolchain-12.2.mpacbti-bet1-x86_64-arm-none-eabi/bin/../lib/gcc/arm-none-eabi/12.2.0/../../../../arm-none-eabi/lib/thumb/v7e-m/nofp/libg_nano.a(libc_a-nano-vfprintf.o) (__swbuf_r)
/home/strayker/Pkgs/arm-gnu-toolchain/arm-gnu-toolchain-12.2.mpacbti-bet1-x86_64-arm-none-eabi/bin/../lib/gcc/arm-none-eabi/12.2.0/../../../../arm-none-eabi/lib/thumb/v7e-m/nofp/libg_nano.a(libc_a-wsetup.o)
                              /home/strayker/Pkgs/arm-gnu-toolchain/arm-gnu-toolchain-12.2.mpacbti-bet1-x86_64-arm-none-eabi/bin/../lib/gcc/arm-none-eabi/12.2.0/../../../../arm-none-eabi/lib/thumb/v7e-m/nofp/libg_nano.a(libc_a-nano-vfprintf.o) (__swsetup_r)
/home/strayker/Pkgs/arm-gnu-toolchain/arm-gnu-toolchain-12.2.mpacbti-bet1-x86_64-arm-none-eabi/bin/../lib/gcc/arm-none-eabi/12.2.0/../../../../arm-none-eabi/lib/thumb/v7e-m/nofp/libg_nano.a(libc_a-nano-vfprintf_i.o)
                              /home/strayker/Pkgs/arm-gnu-toolchain/arm-gnu-toolchain-12.2.mpacbti-bet1-x86_64-arm-none-eabi/bin/../lib/gcc/arm-none-eabi/12.2.0/../../../../arm-none-eabi/lib/thumb/v7e-m/nofp/libg_nano.a(libc_a-nano-vfprintf.o) (_printf_i)
/home/strayker/Pkgs/arm-gnu-toolchain/arm-gnu-toolchain-12.2.mpacbti-bet1-x86_64-arm-none-eabi/bin/../lib/gcc/arm-none-eabi/12.2.0/../../../../arm-none-eabi/lib/thumb/v7e-m/nofp/libg_nano.a(libc_a-impure.o)
                              /home/strayker/Pkgs/arm-gnu-toolchain/arm-gnu-toolchain-12.2.mpacbti-bet1-x86_64-arm-none-eabi/bin/../lib/gcc/arm-none-eabi/12.2.0/../../../../arm-none-eabi/lib/thumb/v7e-m/nofp/libg_nano.a(libc_a-printf.o) (_impure_ptr)
/home/strayker/Pkgs/arm-gnu-toolchain/arm-gnu-toolchain-12.2.mpacbti-bet1-x86_64-arm-none-eabi/bin/../lib/gcc/arm-none-eabi/12.2.0/../../../../arm-none-eabi/lib/thumb/v7e-m/nofp/libg_nano.a(libc_a-fflush.o)
                              /home/strayker/Pkgs/arm-gnu-toolchain/arm-gnu-toolchain-12.2.mpacbti-bet1-x86_64-arm-none-eabi/bin/../lib/gcc/arm-none-eabi/12.2.0/../../../../arm-none-eabi/lib/thumb/v7e-m/nofp/libg_nano.a(libc_a-wbuf.o) (_fflush_r)
/home/strayker/Pkgs/arm-gnu-toolchain/arm-gnu-toolchain-12.2.mpacbti-bet1-x86_64-arm-none-eabi/bin/../lib/gcc/arm-none-eabi/12.2.0/../../../../arm-none-eabi/lib/thumb/v7e-m/nofp/libg_nano.a(libc_a-memchr.o)
                              /home/strayker/Pkgs/arm-gnu-toolchain/arm-gnu-toolchain-12.2.mpacbti-bet1-x86_64-arm-none-eabi/bin/../lib/gcc/arm-none-eabi/12.2.0/../../../../arm-none-eabi/lib/thumb/v7e-m/nofp/libg_nano.a(libc_a-nano-vfprintf.o) (memchr)
/home/strayker/Pkgs/arm-gnu-toolchain/arm-gnu-toolchain-12.2.mpacbti-bet1-x86_64-arm-none-eabi/bin/../lib/gcc/arm-none-eabi/12.2.0/../../../../arm-none-eabi/lib/thumb/v7e-m/nofp/libg_nano.a(libc_a-findfp.o)
                              /home/strayker/Pkgs/arm-gnu-toolchain/arm-gnu-toolchain-12.2.mpacbti-bet1-x86_64-arm-none-eabi/bin/../lib/gcc/arm-none-eabi/12.2.0/../../../../arm-none-eabi/lib/thumb/v7e-m/nofp/libg_nano.a(libc_a-fflush.o) (__sglue)
[...]
Memory Configuration

Name             Origin             Length             Attributes
SRAM             0x20000000         0x00018000         xrw
FLASH            0x08000000         0x00080000         xr
*default*        0x00000000         0xffffffff

Linker script and memory map

LOAD /home/strayker/Pkgs/arm-gnu-toolchain/arm-gnu-toolchain-12.2.mpacbti-bet1-x86_64-arm-none-eabi/bin/../lib/gcc/arm-none-eabi/12.2.0/thumb/v7e-m/nofp/crti.o
LOAD /home/strayker/Pkgs/arm-gnu-toolchain/arm-gnu-toolchain-12.2.mpacbti-bet1-x86_64-arm-none-eabi/bin/../lib/gcc/arm-none-eabi/12.2.0/thumb/v7e-m/nofp/crtbegin.o
LOAD /home/strayker/Pkgs/arm-gnu-toolchain/arm-gnu-toolchain-12.2.mpacbti-bet1-x86_64-arm-none-eabi/bin/../lib/gcc/arm-none-eabi/12.2.0/../../../../arm-none-eabi/lib/thumb/v7e-m/nofp/crt0.o
LOAD src/obj/main.o
LOAD src/obj/syscalls.o
LOAD src/obj/startup_STM32F401RE.o
START GROUP
LOAD /home/strayker/Pkgs/arm-gnu-toolchain/arm-gnu-toolchain-12.2.mpacbti-bet1-x86_64-arm-none-eabi/bin/../lib/gcc/arm-none-eabi/12.2.0/thumb/v7e-m/nofp/libgcc.a
LOAD /home/strayker/Pkgs/arm-gnu-toolchain/arm-gnu-toolchain-12.2.mpacbti-bet1-x86_64-arm-none-eabi/bin/../lib/gcc/arm-none-eabi/12.2.0/../../../../arm-none-eabi/lib/thumb/v7e-m/nofp/libg_nano.a
LOAD /home/strayker/Pkgs/arm-gnu-toolchain/arm-gnu-toolchain-12.2.mpacbti-bet1-x86_64-arm-none-eabi/bin/../lib/gcc/arm-none-eabi/12.2.0/../../../../arm-none-eabi/lib/thumb/v7e-m/nofp/libc_nano.a
END GROUP
START GROUP
LOAD /home/strayker/Pkgs/arm-gnu-toolchain/arm-gnu-toolchain-12.2.mpacbti-bet1-x86_64-arm-none-eabi/bin/../lib/gcc/arm-none-eabi/12.2.0/thumb/v7e-m/nofp/libgcc.a
LOAD /home/strayker/Pkgs/arm-gnu-toolchain/arm-gnu-toolchain-12.2.mpacbti-bet1-x86_64-arm-none-eabi/bin/../lib/gcc/arm-none-eabi/12.2.0/../../../../arm-none-eabi/lib/thumb/v7e-m/nofp/libc_nano.a
END GROUP
LOAD /home/strayker/Pkgs/arm-gnu-toolchain/arm-gnu-toolchain-12.2.mpacbti-bet1-x86_64-arm-none-eabi/bin/../lib/gcc/arm-none-eabi/12.2.0/thumb/v7e-m/nofp/crtend.o
LOAD /home/strayker/Pkgs/arm-gnu-toolchain/arm-gnu-toolchain-12.2.mpacbti-bet1-x86_64-arm-none-eabi/bin/../lib/gcc/arm-none-eabi/12.2.0/thumb/v7e-m/nofp/crtn.o
                0x20018000                        _estack = (ORIGIN (SRAM) + LENGTH (SRAM))

.isr_vector     0x08000000      0x194
                0x08000000                        . = ALIGN (0x4)
 *(.isr_vector)
 .isr_vector    0x08000000      0x194 src/obj/startup_STM32F401RE.o
                0x08000000                fpn_vector
                0x08000194                        . = ALIGN (0x4)

.text           0x080001a0     0x26cc
                0x080001a0                        . = ALIGN (0x4)
 *(.text)
 .text          0x080001a0        0x0 /home/strayker/Pkgs/arm-gnu-toolchain/arm-gnu-toolchain-12.2.mpacbti-bet1-x86_64-arm-none-eabi/bin/../lib/gcc/arm-none-eabi/12.2.0/thumb/v7e-m/nofp/crti.o
 .text          0x080001a0        0x0 /home/strayker/Pkgs/arm-gnu-toolchain/arm-gnu-toolchain-12.2.mpacbti-bet1-x86_64-arm-none-eabi/bin/../lib/gcc/arm-none-eabi/12.2.0/thumb/v7e-m/nofp/crtbegin.o
 .text          0x080001a0       0x7c /home/strayker/Pkgs/arm-gnu-toolchain/arm-gnu-toolchain-12.2.mpacbti-bet1-x86_64-arm-none-eabi/bin/../lib/gcc/arm-none-eabi/12.2.0/../../../../arm-none-eabi/lib/thumb/v7e-m/nofp/crt0.o
                0x080001a0                _stack_init
                0x080001a8                _mainCRTStartup
                0x080001a8                _start
 .text          0x0800021c      0x488 src/obj/main.o
                0x0800021c                wait_ms
                0x08000258                I2C1_init
                0x08000340                I2C1_byte_read
                0x08000430                I2C1_byte_write
                0x080004d8                configure_i2c_pullup
                0x08000588                checkINT_init
                0x080005b4                checkINT
                0x08000610                main
 .text          0x080006a4      0x404 src/obj/syscalls.o
                0x080006a4                UART_GPIO_init
                0x08000748                UART_CONFIG_init
                0x080007f0                UART_write
                0x08000820                UART_read
                0x08000848                initialise_monitor_handles
                0x08000858                _getpid
                0x08000866                _kill
                0x08000886                _exit
                0x0800089c                _read
                0x080008d6                _write
                0x0800090e                _close
                0x08000924                _fstat
                0x08000942                _isatty
                0x08000956                _lseek
                0x0800096e                _open
                0x08000988                _wait
                0x080009a6                _unlink
                0x080009c4                _times
                0x080009da                _stat
                0x080009f8                _link
                0x08000a18                _fork
                0x08000a2e                _execve
                0x08000a50                _sbrk
 .text          0x08000aa8       0x70 src/obj/startup_STM32F401RE.o
                0x08000aa8                Reset_handler
                0x08000b10                UART2_handler
                0x08000b10                EXTI15_10_handler
                0x08000b10                DMA1_Stream7_handler
                0x08000b10                UART1_handler
                0x08000b10                TIM1_UP_TIM10_handler
                0x08000b10                EXTI0_handler
                0x08000b10                DMA1_Stream1_handler
                0x08000b10                SDIO_handler
                0x08000b10                NMI_handler
                0x08000b10                DMA2_Stream3_handler
                0x08000b10                TIM2_handler
                0x08000b10                SPI3_handler
                0x08000b10                TIM3_handler
                0x08000b10                WWDG_handler
                0x08000b10                UART6_handler
                0x08000b10                SPI2_handler
                0x08000b10                UsuageFault_handler
                0x08000b10                SVCall_handler
                0x08000b10                DMA2_Stream6_handler
                0x08000b10                DebugMonitor_handler
                0x08000b10                I2C3_ER_handler
                0x08000b10                DMA1_Stream3_handler
                0x08000b10                MemManage_handler
                0x08000b10                SPI4_handler
                0x08000b10                HardFault_handler
                0x08000b10                DMA1_Stream5_handler
                0x08000b10                FPU_handler
                0x08000b10                DMA2_Stream5_handler
                0x08000b10                EXITI21_TAMP_STAMP_handler
                0x08000b10                EXTI18_OTG_FS_WKUP_handler
                0x08000b10                RCC_handler
                0x08000b10                Systick_handler
                0x08000b10                EXTI2_handler
                0x08000b10                DMA2_Stream1_handler
                0x08000b10                I2C1_ER_handler
                0x08000b10                EXTI9_5__handler
                0x08000b10                EXTI17_RTC_Alarm_handler
                0x08000b10                I2C2_EV_handler
                0x08000b10                EXITI22_RTC_WKUP_handler
                0x08000b10                EXTI3_handler
                0x08000b10                DMA2_Stream0_handler
                0x08000b10                FLASH_handler
                0x08000b10                OTG_FS_handler
                0x08000b10                DMA1_Stream4_handler
                0x08000b10                I2C2_ER_handler
                0x08000b10                TIM1_BRK_TIM9_handler
                0x08000b10                TIM4_handler
                0x08000b10                DMA1_Stream2_handler
                0x08000b10                EXTI4_handler
                0x08000b10                DMA1_Stream6_handler
                0x08000b10                ADC_handler
                0x08000b10                I2C1_EV_handler
                0x08000b10                SPI1_handler
                0x08000b10                DMA2_Stream4_handler
                0x08000b10                PendSV_handler
                0x08000b10                DMA2_Stream7_handler
                0x08000b10                DMA1_Stream0_handler
                0x08000b10                DMA2_Stream2_handler
                0x08000b10                EXTI1_handler
                0x08000b10                TIM1_TRG_COM_TIM11_handler
                0x08000b10                TIM5_handler
                0x08000b10                EXITI16_PVD__handler
                0x08000b10                I2C3_EV_handler
                0x08000b10                BusFault_handler
                0x08000b10                TIM1_CC_handler
                0x08000b10                Default_handler
 .text          0x08000b18        0x0 /home/strayker/Pkgs/arm-gnu-toolchain/arm-gnu-toolchain-12.2.mpacbti-bet1-x86_64-arm-none-eabi/bin/../lib/gcc/arm-none-eabi/12.2.0/../../../../arm-none-eabi/lib/thumb/v7e-m/nofp/libg_nano.a(libc_a-exit.o)
 .text          0x08000b18        0x0 /home/strayker/Pkgs/arm-gnu-toolchain/arm-gnu-toolchain-12.2.mpacbti-bet1-x86_64-arm-none-eabi/bin/../lib/gcc/arm-none-eabi/12.2.0/../../../../arm-none-eabi/lib/thumb/v7e-m/nofp/libg_nano.a(libc_a-init.o)
 .text          0x08000b18        0x0 /home/strayker/Pkgs/arm-gnu-toolchain/arm-gnu-toolchain-12.2.mpacbti-bet1-x86_64-arm-none-eabi/bin/../lib/gcc/arm-none-eabi/12.2.0/../../../../arm-none-eabi/lib/thumb/v7e-m/nofp/libg_nano.a(libc_a-printf.o)
 .text          0x08000b18        0x0 /home/strayker/Pkgs/arm-gnu-toolchain/arm-gnu-toolchain-12.2.mpacbti-bet1-x86_64-arm-none-eabi/bin/../lib/gcc/arm-none-eabi/12.2.0/../../../../arm-none-eabi/lib/thumb/v7e-m/nofp/libg_nano.a(libc_a-nano-vfprintf.o)
 .text          0x08000b18        0x0 /home/strayker/Pkgs/arm-gnu-toolchain/arm-gnu-toolchain-12.2.mpacbti-bet1-x86_64-arm-none-eabi/bin/../lib/gcc/arm-none-eabi/12.2.0/../../../../arm-none-eabi/lib/thumb/v7e-m/nofp/libg_nano.a(libc_a-wbuf.o)
 .text          0x08000b18        0x0 /home/strayker/Pkgs/arm-gnu-toolchain/arm-gnu-toolchain-12.2.mpacbti-bet1-x86_64-arm-none-eabi/bin/../lib/gcc/arm-none-eabi/12.2.0/../../../../arm-none-eabi/lib/thumb/v7e-m/nofp/libg_nano.a(libc_a-wsetup.o)
 .text          0x08000b18        0x0 /home/strayker/Pkgs/arm-gnu-toolchain/arm-gnu-toolchain-12.2.mpacbti-bet1-x86_64-arm-none-eabi/bin/../lib/gcc/arm-none-eabi/12.2.0/../../../../arm-none-eabi/lib/thumb/v7e-m/nofp/libg_nano.a(libc_a-nano-vfprintf_i.o)
 .text          0x08000b18        0x0 /home/strayker/Pkgs/arm-gnu-toolchain/arm-gnu-toolchain-12.2.mpacbti-bet1-x86_64-arm-none-eabi/bin/../lib/gcc/arm-none-eabi/12.2.0/../../../../arm-none-eabi/lib/thumb/v7e-m/nofp/libg_nano.a(libc_a-impure.o)
 .text          0x08000b18        0x0 /home/strayker/Pkgs/arm-gnu-toolchain/arm-gnu-toolchain-12.2.mpacbti-bet1-x86_64-arm-none-eabi/bin/../lib/gcc/arm-none-eabi/12.2.0/../../../../arm-none-eabi/lib/thumb/v7e-m/nofp/libg_nano.a(libc_a-fflush.o)
 *fill*         0x08000b18        0x8 
 .text          0x08000b20       0xa0 /home/strayker/Pkgs/arm-gnu-toolchain/arm-gnu-toolchain-12.2.mpacbti-bet1-x86_64-arm-none-eabi/bin/../lib/gcc/arm-none-eabi/12.2.0/../../../../arm-none-eabi/lib/thumb/v7e-m/nofp/libg_nano.a(libc_a-memchr.o)
                0x08000b20                memchr
 .text          0x08000bc0        0x0 /home/strayker/Pkgs/arm-gnu-toolchain/arm-gnu-toolchain-12.2.mpacbti-bet1-x86_64-arm-none-eabi/bin/../lib/gcc/arm-none-eabi/12.2.0/../../../../arm-none-eabi/lib/thumb/v7e-m/nofp/libg_nano.a(libc_a-findfp.o)
 .text          0x08000bc0        0x0 /home/strayker/Pkgs/arm-gnu-toolchain/arm-gnu-toolchain-12.2.mpacbti-bet1-x86_64-arm-none-eabi/bin/../lib/gcc/arm-none-eabi/12.2.0/../../../../arm-none-eabi/lib/thumb/v7e-m/nofp/libg_nano.a(libc_a-stdio.o)
 .text          0x08000bc0        0x0 /home/strayker/Pkgs/arm-gnu-toolchain/arm-gnu-toolchain-12.2.mpacbti-bet1-x86_64-arm-none-eabi/bin/../lib/gcc/arm-none-eabi/12.2.0/../../../../arm-none-eabi/lib/thumb/v7e-m/nofp/libg_nano.a(libc_a-writer.o)
 .text          0x08000bc0        0x0 /home/strayker/Pkgs/arm-gnu-toolchain/arm-gnu-toolchain-12.2.mpacbti-bet1-x86_64-arm-none-eabi/bin/../lib/gcc/arm-none-eabi/12.2.0/../../../../arm-none-eabi/lib/thumb/v7e-m/nofp/libg_nano.a(libc_a-errno.o)
 .text          0x08000bc0        0x0 /home/strayker/Pkgs/arm-gnu-toolchain/arm-gnu-toolchain-12.2.mpacbti-bet1-x86_64-arm-none-eabi/bin/../lib/gcc/arm-none-eabi/12.2.0/../../../../arm-none-eabi/lib/thumb/v7e-m/nofp/libg_nano.a(libc_a-fvwrite.o)
 .text          0x08000bc0        0x0 /home/strayker/Pkgs/arm-gnu-toolchain/arm-gnu-toolchain-12.2.mpacbti-bet1-x86_64-arm-none-eabi/bin/../lib/gcc/arm-none-eabi/12.2.0/../../../../arm-none-eabi/lib/thumb/v7e-m/nofp/libg_nano.a(libc_a-fwalk.o)
 .text          0x08000bc0        0x0 /home/strayker/Pkgs/arm-gnu-toolchain/arm-gnu-toolchain-12.2.mpacbti-bet1-x86_64-arm-none-eabi/bin/../lib/gcc/arm-none-eabi/12.2.0/../../../../arm-none-eabi/lib/thumb/v7e-m/nofp/libg_nano.a(libc_a-memmove.o)
 .text          0x08000bc0        0x0 /home/strayker/Pkgs/arm-gnu-toolchain/arm-gnu-toolchain-12.2.mpacbti-bet1-x86_64-arm-none-eabi/bin/../lib/gcc/arm-none-eabi/12.2.0/../../../../arm-none-eabi/lib/thumb/v7e-m/nofp/libg_nano.a(libc_a-memset.o)
 .text          0x08000bc0        0x0 /home/strayker/Pkgs/arm-gnu-toolchain/arm-gnu-toolchain-12.2.mpacbti-bet1-x86_64-arm-none-eabi/bin/../lib/gcc/arm-none-eabi/12.2.0/../../../../arm-none-eabi/lib/thumb/v7e-m/nofp/libg_nano.a(libc_a-reallocr.o)
 .text          0x08000bc0        0x0 /home/strayker/Pkgs/arm-gnu-toolchain/arm-gnu-toolchain-12.2.mpacbti-bet1-x86_64-arm-none-eabi/bin/../lib/gcc/arm-none-eabi/12.2.0/../../../../arm-none-eabi/lib/thumb/v7e-m/nofp/libg_nano.a(libc_a-freer.o)
 .text          0x08000bc0        0x0 /home/strayker/Pkgs/arm-gnu-toolchain/arm-gnu-toolchain-12.2.mpacbti-bet1-x86_64-arm-none-eabi/bin/../lib/gcc/arm-none-eabi/12.2.0/../../../../arm-none-eabi/lib/thumb/v7e-m/nofp/libg_nano.a(libc_a-lock.o)
 .text          0x08000bc0        0x0 /home/strayker/Pkgs/arm-gnu-toolchain/arm-gnu-toolchain-12.2.mpacbti-bet1-x86_64-arm-none-eabi/bin/../lib/gcc/arm-none-eabi/12.2.0/../../../../arm-none-eabi/lib/thumb/v7e-m/nofp/libg_nano.a(libc_a-makebuf.o)
 .text          0x08000bc0        0x0 /home/strayker/Pkgs/arm-gnu-toolchain/arm-gnu-toolchain-12.2.mpacbti-bet1-x86_64-arm-none-eabi/bin/../lib/gcc/arm-none-eabi/12.2.0/../../../../arm-none-eabi/lib/thumb/v7e-m/nofp/libg_nano.a(libc_a-closer.o)
 .text          0x08000bc0        0x0 /home/strayker/Pkgs/arm-gnu-toolchain/arm-gnu-toolchain-12.2.mpacbti-bet1-x86_64-arm-none-eabi/bin/../lib/gcc/arm-none-eabi/12.2.0/../../../../arm-none-eabi/lib/thumb/v7e-m/nofp/libg_nano.a(libc_a-reent.o)
 .text          0x08000bc0        0x0 /home/strayker/Pkgs/arm-gnu-toolchain/arm-gnu-toolchain-12.2.mpacbti-bet1-x86_64-arm-none-eabi/bin/../lib/gcc/arm-none-eabi/12.2.0/../../../../arm-none-eabi/lib/thumb/v7e-m/nofp/libg_nano.a(libc_a-memcpy-stub.o)
 .text          0x08000bc0        0x0 /home/strayker/Pkgs/arm-gnu-toolchain/arm-gnu-toolchain-12.2.mpacbti-bet1-x86_64-arm-none-eabi/bin/../lib/gcc/arm-none-eabi/12.2.0/../../../../arm-none-eabi/lib/thumb/v7e-m/nofp/libg_nano.a(libc_a-mallocr.o)
 .text          0x08000bc0        0x0 /home/strayker/Pkgs/arm-gnu-toolchain/arm-gnu-toolchain-12.2.mpacbti-bet1-x86_64-arm-none-eabi/bin/../lib/gcc/arm-none-eabi/12.2.0/../../../../arm-none-eabi/lib/thumb/v7e-m/nofp/libg_nano.a(libc_a-fstatr.o)
 .text          0x08000bc0        0x0 /home/strayker/Pkgs/arm-gnu-toolchain/arm-gnu-toolchain-12.2.mpacbti-bet1-x86_64-arm-none-eabi/bin/../lib/gcc/arm-none-eabi/12.2.0/../../../../arm-none-eabi/lib/thumb/v7e-m/nofp/libg_nano.a(libc_a-isattyr.o)
 .text          0x08000bc0        0x0 /home/strayker/Pkgs/arm-gnu-toolchain/arm-gnu-toolchain-12.2.mpacbti-bet1-x86_64-arm-none-eabi/bin/../lib/gcc/arm-none-eabi/12.2.0/../../../../arm-none-eabi/lib/thumb/v7e-m/nofp/libg_nano.a(libc_a-lseekr.o)
 .text          0x08000bc0        0x0 /home/strayker/Pkgs/arm-gnu-toolchain/arm-gnu-toolchain-12.2.mpacbti-bet1-x86_64-arm-none-eabi/bin/../lib/gcc/arm-none-eabi/12.2.0/../../../../arm-none-eabi/lib/thumb/v7e-m/nofp/libg_nano.a(libc_a-readr.o)
 .text          0x08000bc0        0x0 /home/strayker/Pkgs/arm-gnu-toolchain/arm-gnu-toolchain-12.2.mpacbti-bet1-x86_64-arm-none-eabi/bin/../lib/gcc/arm-none-eabi/12.2.0/../../../../arm-none-eabi/lib/thumb/v7e-m/nofp/libg_nano.a(libc_a-mlock.o)
 .text          0x08000bc0        0x0 /home/strayker/Pkgs/arm-gnu-toolchain/arm-gnu-toolchain-12.2.mpacbti-bet1-x86_64-arm-none-eabi/bin/../lib/gcc/arm-none-eabi/12.2.0/../../../../arm-none-eabi/lib/thumb/v7e-m/nofp/libg_nano.a(libc_a-msizer.o)
 .text          0x08000bc0        0x0 /home/strayker/Pkgs/arm-gnu-toolchain/arm-gnu-toolchain-12.2.mpacbti-bet1-x86_64-arm-none-eabi/bin/../lib/gcc/arm-none-eabi/12.2.0/../../../../arm-none-eabi/lib/thumb/v7e-m/nofp/libg_nano.a(libc_a-sbrkr.o)
 .text          0x08000bc0        0x0 /home/strayker/Pkgs/arm-gnu-toolchain/arm-gnu-toolchain-12.2.mpacbti-bet1-x86_64-arm-none-eabi/bin/../lib/gcc/arm-none-eabi/12.2.0/thumb/v7e-m/nofp/crtend.o
 .text          0x08000bc0        0x0 /home/strayker/Pkgs/arm-gnu-toolchain/arm-gnu-toolchain-12.2.mpacbti-bet1-x86_64-arm-none-eabi/bin/../lib/gcc/arm-none-eabi/12.2.0/thumb/v7e-m/nofp/crtn.o
 *(.text.*)
 .text.deregister_tm_clones
                0x08000bc0       0x1c /home/strayker/Pkgs/arm-gnu-toolchain/arm-gnu-toolchain-12.2.mpacbti-bet1-x86_64-arm-none-eabi/bin/../lib/gcc/arm-none-eabi/12.2.0/thumb/v7e-m/nofp/crtbegin.o
 .text.register_tm_clones
                0x08000bdc       0x24 /home/strayker/Pkgs/arm-gnu-toolchain/arm-gnu-toolchain-12.2.mpacbti-bet1-x86_64-arm-none-eabi/bin/../lib/gcc/arm-none-eabi/12.2.0/thumb/v7e-m/nofp/crtbegin.o
 .text.__do_global_dtors_aux
                0x08000c00       0x28 /home/strayker/Pkgs/arm-gnu-toolchain/arm-gnu-toolchain-12.2.mpacbti-bet1-x86_64-arm-none-eabi/bin/../lib/gcc/arm-none-eabi/12.2.0/thumb/v7e-m/nofp/crtbegin.o
 .text.frame_dummy
                0x08000c28       0x24 /home/strayker/Pkgs/arm-gnu-toolchain/arm-gnu-toolchain-12.2.mpacbti-bet1-x86_64-arm-none-eabi/bin/../lib/gcc/arm-none-eabi/12.2.0/thumb/v7e-m/nofp/crtbegin.o
 .text.exit     0x08000c4c       0x24 /home/strayker/Pkgs/arm-gnu-toolchain/arm-gnu-toolchain-12.2.mpacbti-bet1-x86_64-arm-none-eabi/bin/../lib/gcc/arm-none-eabi/12.2.0/../../../../arm-none-eabi/lib/thumb/v7e-m/nofp/libg_nano.a(libc_a-exit.o)
                0x08000c4c                exit
 .text.__libc_init_array
                0x08000c70       0x48 /home/strayker/Pkgs/arm-gnu-toolchain/arm-gnu-toolchain-12.2.mpacbti-bet1-x86_64-arm-none-eabi/bin/../lib/gcc/arm-none-eabi/12.2.0/../../../../arm-none-eabi/lib/thumb/v7e-m/nofp/libg_nano.a(libc_a-init.o)
                0x08000c70                __libc_init_array
 .text._printf_r
                0x08000cb8       0x1c /home/strayker/Pkgs/arm-gnu-toolchain/arm-gnu-toolchain-12.2.mpacbti-bet1-x86_64-arm-none-eabi/bin/../lib/gcc/arm-none-eabi/12.2.0/../../../../arm-none-eabi/lib/thumb/v7e-m/nofp/libg_nano.a(libc_a-printf.o)
                0x08000cb8                _printf_r
                0x08000cb8                _iprintf_r
 .text.printf   0x08000cd4       0x24 /home/strayker/Pkgs/arm-gnu-toolchain/arm-gnu-toolchain-12.2.mpacbti-bet1-x86_64-arm-none-eabi/bin/../lib/gcc/arm-none-eabi/12.2.0/../../../../arm-none-eabi/lib/thumb/v7e-m/nofp/libg_nano.a(libc_a-printf.o)
                0x08000cd4                printf
                0x08000cd4                iprintf
 .text.__sfputc_r
                0x08000cf8       0x2a /home/strayker/Pkgs/arm-gnu-toolchain/arm-gnu-toolchain-12.2.mpacbti-bet1-x86_64-arm-none-eabi/bin/../lib/gcc/arm-none-eabi/12.2.0/../../../../arm-none-eabi/lib/thumb/v7e-m/nofp/libg_nano.a(libc_a-nano-vfprintf.o)
 .text.__sfputs_r
                0x08000d22       0x24 /home/strayker/Pkgs/arm-gnu-toolchain/arm-gnu-toolchain-12.2.mpacbti-bet1-x86_64-arm-none-eabi/bin/../lib/gcc/arm-none-eabi/12.2.0/../../../../arm-none-eabi/lib/thumb/v7e-m/nofp/libg_nano.a(libc_a-nano-vfprintf.o)
                0x08000d22                __sfputs_r
 .text.__sprint_r
                0x08000d46       0x1a /home/strayker/Pkgs/arm-gnu-toolchain/arm-gnu-toolchain-12.2.mpacbti-bet1-x86_64-arm-none-eabi/bin/../lib/gcc/arm-none-eabi/12.2.0/../../../../arm-none-eabi/lib/thumb/v7e-m/nofp/libg_nano.a(libc_a-nano-vfprintf.o)
                0x08000d46                __sprint_r
 .text._vfprintf_r
                0x08000d60      0x230 /home/strayker/Pkgs/arm-gnu-toolchain/arm-gnu-toolchain-12.2.mpacbti-bet1-x86_64-arm-none-eabi/bin/../lib/gcc/arm-none-eabi/12.2.0/../../../../arm-none-eabi/lib/thumb/v7e-m/nofp/libg_nano.a(libc_a-nano-vfprintf.o)
                0x08000d60                _vfiprintf_r
                0x08000d60                _vfprintf_r
 .text.vfprintf
                0x08000f90       0x14 /home/strayker/Pkgs/arm-gnu-toolchain/arm-gnu-toolchain-12.2.mpacbti-bet1-x86_64-arm-none-eabi/bin/../lib/gcc/arm-none-eabi/12.2.0/../../../../arm-none-eabi/lib/thumb/v7e-m/nofp/libg_nano.a(libc_a-nano-vfprintf.o)
                0x08000f90                vfiprintf
                0x08000f90                vfprintf
 .text.__swbuf_r
                0x08000fa4       0x7c /home/strayker/Pkgs/arm-gnu-toolchain/arm-gnu-toolchain-12.2.mpacbti-bet1-x86_64-arm-none-eabi/bin/../lib/gcc/arm-none-eabi/12.2.0/../../../../arm-none-eabi/lib/thumb/v7e-m/nofp/libg_nano.a(libc_a-wbuf.o)
                0x08000fa4                __swbuf_r
 .text.__swbuf  0x08001020       0x10 /home/strayker/Pkgs/arm-gnu-toolchain/arm-gnu-toolchain-12.2.mpacbti-bet1-x86_64-arm-none-eabi/bin/../lib/gcc/arm-none-eabi/12.2.0/../../../../arm-none-eabi/lib/thumb/v7e-m/nofp/libg_nano.a(libc_a-wbuf.o)
                0x08001020                __swbuf
 .text.__swsetup_r
                0x08001030       0xac /home/strayker/Pkgs/arm-gnu-toolchain/arm-gnu-toolchain-12.2.mpacbti-bet1-x86_64-arm-none-eabi/bin/../lib/gcc/arm-none-eabi/12.2.0/../../../../arm-none-eabi/lib/thumb/v7e-m/nofp/libg_nano.a(libc_a-wsetup.o)
                0x08001030                __swsetup_r
 .text._printf_common
                0x080010dc       0xda /home/strayker/Pkgs/arm-gnu-toolchain/arm-gnu-toolchain-12.2.mpacbti-bet1-x86_64-arm-none-eabi/bin/../lib/gcc/arm-none-eabi/12.2.0/../../../../arm-none-eabi/lib/thumb/v7e-m/nofp/libg_nano.a(libc_a-nano-vfprintf_i.o)
                0x080010dc                _printf_common
 *fill*         0x080011b6        0x2 
 .text._printf_i
                0x080011b8      0x25c /home/strayker/Pkgs/arm-gnu-toolchain/arm-gnu-toolchain-12.2.mpacbti-bet1-x86_64-arm-none-eabi/bin/../lib/gcc/arm-none-eabi/12.2.0/../../../../arm-none-eabi/lib/thumb/v7e-m/nofp/libg_nano.a(libc_a-nano-vfprintf_i.o)
                0x080011b8                _printf_i
 .text.__sflush_r
                0x08001414      0x100 /home/strayker/Pkgs/arm-gnu-toolchain/arm-gnu-toolchain-12.2.mpacbti-bet1-x86_64-arm-none-eabi/bin/../lib/gcc/arm-none-eabi/12.2.0/../../../../arm-none-eabi/lib/thumb/v7e-m/nofp/libg_nano.a(libc_a-fflush.o)
                0x08001414                __sflush_r
 .text._fflush_r
                0x08001514       0x50 /home/strayker/Pkgs/arm-gnu-toolchain/arm-gnu-toolchain-12.2.mpacbti-bet1-x86_64-arm-none-eabi/bin/../lib/gcc/arm-none-eabi/12.2.0/../../../../arm-none-eabi/lib/thumb/v7e-m/nofp/libg_nano.a(libc_a-fflush.o)
                0x08001514                _fflush_r
 .text.fflush   0x08001564       0x28 /home/strayker/Pkgs/arm-gnu-toolchain/arm-gnu-toolchain-12.2.mpacbti-bet1-x86_64-arm-none-eabi/bin/../lib/gcc/arm-none-eabi/12.2.0/../../../../arm-none-eabi/lib/thumb/v7e-m/nofp/libg_nano.a(libc_a-fflush.o)
                0x08001564                fflush
 .text.std      0x0800158c       0x48 /home/strayker/Pkgs/arm-gnu-toolchain/arm-gnu-toolchain-12.2.mpacbti-bet1-x86_64-arm-none-eabi/bin/../lib/gcc/arm-none-eabi/12.2.0/../../../../arm-none-eabi/lib/thumb/v7e-m/nofp/libg_nano.a(libc_a-findfp.o)
 .text.stdio_exit_handler
                0x080015d4       0x18 /home/strayker/Pkgs/arm-gnu-toolchain/arm-gnu-toolchain-12.2.mpacbti-bet1-x86_64-arm-none-eabi/bin/../lib/gcc/arm-none-eabi/12.2.0/../../../../arm-none-eabi/lib/thumb/v7e-m/nofp/libg_nano.a(libc_a-findfp.o)
 .text.cleanup_stdio
                0x080015ec       0x40 /home/strayker/Pkgs/arm-gnu-toolchain/arm-gnu-toolchain-12.2.mpacbti-bet1-x86_64-arm-none-eabi/bin/../lib/gcc/arm-none-eabi/12.2.0/../../../../arm-none-eabi/lib/thumb/v7e-m/nofp/libg_nano.a(libc_a-findfp.o)
 .text.__fp_lock
                0x0800162c       0x18 /home/strayker/Pkgs/arm-gnu-toolchain/arm-gnu-toolchain-12.2.mpacbti-bet1-x86_64-arm-none-eabi/bin/../lib/gcc/arm-none-eabi/12.2.0/../../../../arm-none-eabi/lib/thumb/v7e-m/nofp/libg_nano.a(libc_a-findfp.o)
 .text.__fp_unlock
                0x08001644       0x18 /home/strayker/Pkgs/arm-gnu-toolchain/arm-gnu-toolchain-12.2.mpacbti-bet1-x86_64-arm-none-eabi/bin/../lib/gcc/arm-none-eabi/12.2.0/../../../../arm-none-eabi/lib/thumb/v7e-m/nofp/libg_nano.a(libc_a-findfp.o)
 .text.global_stdio_init.part.0
                0x0800165c       0x3c /home/strayker/Pkgs/arm-gnu-toolchain/arm-gnu-toolchain-12.2.mpacbti-bet1-x86_64-arm-none-eabi/bin/../lib/gcc/arm-none-eabi/12.2.0/../../../../arm-none-eabi/lib/thumb/v7e-m/nofp/libg_nano.a(libc_a-findfp.o)
 .text.__sfp_lock_acquire
                0x08001698        0xc /home/strayker/Pkgs/arm-gnu-toolchain/arm-gnu-toolchain-12.2.mpacbti-bet1-x86_64-arm-none-eabi/bin/../lib/gcc/arm-none-eabi/12.2.0/../../../../arm-none-eabi/lib/thumb/v7e-m/nofp/libg_nano.a(libc_a-findfp.o)
                0x08001698                __sfp_lock_acquire
 .text.__sfp_lock_release
                0x080016a4        0xc /home/strayker/Pkgs/arm-gnu-toolchain/arm-gnu-toolchain-12.2.mpacbti-bet1-x86_64-arm-none-eabi/bin/../lib/gcc/arm-none-eabi/12.2.0/../../../../arm-none-eabi/lib/thumb/v7e-m/nofp/libg_nano.a(libc_a-findfp.o)
                0x080016a4                __sfp_lock_release
 .text.__sfp    0x080016b0       0xa4 /home/strayker/Pkgs/arm-gnu-toolchain/arm-gnu-toolchain-12.2.mpacbti-bet1-x86_64-arm-none-eabi/bin/../lib/gcc/arm-none-eabi/12.2.0/../../../../arm-none-eabi/lib/thumb/v7e-m/nofp/libg_nano.a(libc_a-findfp.o)
                0x080016b0                __sfp
 .text.__sinit  0x08001754       0x30 /home/strayker/Pkgs/arm-gnu-toolchain/arm-gnu-toolchain-12.2.mpacbti-bet1-x86_64-arm-none-eabi/bin/../lib/gcc/arm-none-eabi/12.2.0/../../../../arm-none-eabi/lib/thumb/v7e-m/nofp/libg_nano.a(libc_a-findfp.o)
                0x08001754                __sinit
 .text.__fp_lock_all
                0x08001784       0x1c /home/strayker/Pkgs/arm-gnu-toolchain/arm-gnu-toolchain-12.2.mpacbti-bet1-x86_64-arm-none-eabi/bin/../lib/gcc/arm-none-eabi/12.2.0/../../../../arm-none-eabi/lib/thumb/v7e-m/nofp/libg_nano.a(libc_a-findfp.o)
                0x08001784                __fp_lock_all
 .text.__fp_unlock_all
                0x080017a0       0x1c /home/strayker/Pkgs/arm-gnu-toolchain/arm-gnu-toolchain-12.2.mpacbti-bet1-x86_64-arm-none-eabi/bin/../lib/gcc/arm-none-eabi/12.2.0/../../../../arm-none-eabi/lib/thumb/v7e-m/nofp/libg_nano.a(libc_a-findfp.o)
                0x080017a0                __fp_unlock_all
 .text.__sread  0x080017bc       0x22 /home/strayker/Pkgs/arm-gnu-toolchain/arm-gnu-toolchain-12.2.mpacbti-bet1-x86_64-arm-none-eabi/bin/../lib/gcc/arm-none-eabi/12.2.0/../../../../arm-none-eabi/lib/thumb/v7e-m/nofp/libg_nano.a(libc_a-stdio.o)
                0x080017bc                __sread
 .text.__seofread
                0x080017de        0x4 /home/strayker/Pkgs/arm-gnu-toolchain/arm-gnu-toolchain-12.2.mpacbti-bet1-x86_64-arm-none-eabi/bin/../lib/gcc/arm-none-eabi/12.2.0/../../../../arm-none-eabi/lib/thumb/v7e-m/nofp/libg_nano.a(libc_a-stdio.o)
                0x080017de                __seofread
 .text.__swrite
                0x080017e2       0x38 /home/strayker/Pkgs/arm-gnu-toolchain/arm-gnu-toolchain-12.2.mpacbti-bet1-x86_64-arm-none-eabi/bin/../lib/gcc/arm-none-eabi/12.2.0/../../../../arm-none-eabi/lib/thumb/v7e-m/nofp/libg_nano.a(libc_a-stdio.o)
                0x080017e2                __swrite
 .text.__sseek  0x0800181a       0x24 /home/strayker/Pkgs/arm-gnu-toolchain/arm-gnu-toolchain-12.2.mpacbti-bet1-x86_64-arm-none-eabi/bin/../lib/gcc/arm-none-eabi/12.2.0/../../../../arm-none-eabi/lib/thumb/v7e-m/nofp/libg_nano.a(libc_a-stdio.o)
                0x0800181a                __sseek
 .text.__sclose
                0x0800183e        0x8 /home/strayker/Pkgs/arm-gnu-toolchain/arm-gnu-toolchain-12.2.mpacbti-bet1-x86_64-arm-none-eabi/bin/../lib/gcc/arm-none-eabi/12.2.0/../../../../arm-none-eabi/lib/thumb/v7e-m/nofp/libg_nano.a(libc_a-stdio.o)
                0x0800183e                __sclose
 *fill*         0x08001846        0x2 
 .text._write_r
                0x08001848       0x24 /home/strayker/Pkgs/arm-gnu-toolchain/arm-gnu-toolchain-12.2.mpacbti-bet1-x86_64-arm-none-eabi/bin/../lib/gcc/arm-none-eabi/12.2.0/../../../../arm-none-eabi/lib/thumb/v7e-m/nofp/libg_nano.a(libc_a-writer.o)
                0x08001848                _write_r
 .text.__errno  0x0800186c        0xc /home/strayker/Pkgs/arm-gnu-toolchain/arm-gnu-toolchain-12.2.mpacbti-bet1-x86_64-arm-none-eabi/bin/../lib/gcc/arm-none-eabi/12.2.0/../../../../arm-none-eabi/lib/thumb/v7e-m/nofp/libg_nano.a(libc_a-errno.o)
                0x0800186c                __errno
 .text.__sfvwrite_r
                0x08001878      0x2a0 /home/strayker/Pkgs/arm-gnu-toolchain/arm-gnu-toolchain-12.2.mpacbti-bet1-x86_64-arm-none-eabi/bin/../lib/gcc/arm-none-eabi/12.2.0/../../../../arm-none-eabi/lib/thumb/v7e-m/nofp/libg_nano.a(libc_a-fvwrite.o)
                0x08001878                __sfvwrite_r
 .text._fwalk_sglue
                0x08001b18       0x3c /home/strayker/Pkgs/arm-gnu-toolchain/arm-gnu-toolchain-12.2.mpacbti-bet1-x86_64-arm-none-eabi/bin/../lib/gcc/arm-none-eabi/12.2.0/../../../../arm-none-eabi/lib/thumb/v7e-m/nofp/libg_nano.a(libc_a-fwalk.o)
                0x08001b18                _fwalk_sglue
 .text.memmove  0x08001b54       0x34 /home/strayker/Pkgs/arm-gnu-toolchain/arm-gnu-toolchain-12.2.mpacbti-bet1-x86_64-arm-none-eabi/bin/../lib/gcc/arm-none-eabi/12.2.0/../../../../arm-none-eabi/lib/thumb/v7e-m/nofp/libg_nano.a(libc_a-memmove.o)
                0x08001b54                memmove
 .text.memset   0x08001b88       0x10 /home/strayker/Pkgs/arm-gnu-toolchain/arm-gnu-toolchain-12.2.mpacbti-bet1-x86_64-arm-none-eabi/bin/../lib/gcc/arm-none-eabi/12.2.0/../../../../arm-none-eabi/lib/thumb/v7e-m/nofp/libg_nano.a(libc_a-memset.o)
                0x08001b88                memset
 .text._realloc_r
                0x08001b98       0x5c /home/strayker/Pkgs/arm-gnu-toolchain/arm-gnu-toolchain-12.2.mpacbti-bet1-x86_64-arm-none-eabi/bin/../lib/gcc/arm-none-eabi/12.2.0/../../../../arm-none-eabi/lib/thumb/v7e-m/nofp/libg_nano.a(libc_a-reallocr.o)
                0x08001b98                _realloc_r
 .text._free_r  0x08001bf4       0x94 /home/strayker/Pkgs/arm-gnu-toolchain/arm-gnu-toolchain-12.2.mpacbti-bet1-x86_64-arm-none-eabi/bin/../lib/gcc/arm-none-eabi/12.2.0/../../../../arm-none-eabi/lib/thumb/v7e-m/nofp/libg_nano.a(libc_a-freer.o)
                0x08001bf4                _free_r
 .text.__retarget_lock_init
                0x08001c88        0x2 /home/strayker/Pkgs/arm-gnu-toolchain/arm-gnu-toolchain-12.2.mpacbti-bet1-x86_64-arm-none-eabi/bin/../lib/gcc/arm-none-eabi/12.2.0/../../../../arm-none-eabi/lib/thumb/v7e-m/nofp/libg_nano.a(libc_a-lock.o)
                0x08001c88                __retarget_lock_init
 .text.__retarget_lock_init_recursive
                0x08001c8a        0x2 /home/strayker/Pkgs/arm-gnu-toolchain/arm-gnu-toolchain-12.2.mpacbti-bet1-x86_64-arm-none-eabi/bin/../lib/gcc/arm-none-eabi/12.2.0/../../../../arm-none-eabi/lib/thumb/v7e-m/nofp/libg_nano.a(libc_a-lock.o)
                0x08001c8a                __retarget_lock_init_recursive
 .text.__retarget_lock_close
                0x08001c8c        0x2 /home/strayker/Pkgs/arm-gnu-toolchain/arm-gnu-toolchain-12.2.mpacbti-bet1-x86_64-arm-none-eabi/bin/../lib/gcc/arm-none-eabi/12.2.0/../../../../arm-none-eabi/lib/thumb/v7e-m/nofp/libg_nano.a(libc_a-lock.o)
                0x08001c8c                __retarget_lock_close
 .text.__retarget_lock_close_recursive
                0x08001c8e        0x2 /home/strayker/Pkgs/arm-gnu-toolchain/arm-gnu-toolchain-12.2.mpacbti-bet1-x86_64-arm-none-eabi/bin/../lib/gcc/arm-none-eabi/12.2.0/../../../../arm-none-eabi/lib/thumb/v7e-m/nofp/libg_nano.a(libc_a-lock.o)
                0x08001c8e                __retarget_lock_close_recursive
 .text.__retarget_lock_acquire
                0x08001c90        0x2 /home/strayker/Pkgs/arm-gnu-toolchain/arm-gnu-toolchain-12.2.mpacbti-bet1-x86_64-arm-none-eabi/bin/../lib/gcc/arm-none-eabi/12.2.0/../../../../arm-none-eabi/lib/thumb/v7e-m/nofp/libg_nano.a(libc_a-lock.o)
                0x08001c90                __retarget_lock_acquire
 .text.__retarget_lock_acquire_recursive
                0x08001c92        0x2 /home/strayker/Pkgs/arm-gnu-toolchain/arm-gnu-toolchain-12.2.mpacbti-bet1-x86_64-arm-none-eabi/bin/../lib/gcc/arm-none-eabi/12.2.0/../../../../arm-none-eabi/lib/thumb/v7e-m/nofp/libg_nano.a(libc_a-lock.o)
                0x08001c92                __retarget_lock_acquire_recursive
 .text.__retarget_lock_try_acquire
                0x08001c94        0x4 /home/strayker/Pkgs/arm-gnu-toolchain/arm-gnu-toolchain-12.2.mpacbti-bet1-x86_64-arm-none-eabi/bin/../lib/gcc/arm-none-eabi/12.2.0/../../../../arm-none-eabi/lib/thumb/v7e-m/nofp/libg_nano.a(libc_a-lock.o)
                0x08001c94                __retarget_lock_try_acquire
 .text.__retarget_lock_try_acquire_recursive
                0x08001c98        0x4 /home/strayker/Pkgs/arm-gnu-toolchain/arm-gnu-toolchain-12.2.mpacbti-bet1-x86_64-arm-none-eabi/bin/../lib/gcc/arm-none-eabi/12.2.0/../../../../arm-none-eabi/lib/thumb/v7e-m/nofp/libg_nano.a(libc_a-lock.o)
                0x08001c98                __retarget_lock_try_acquire_recursive
 .text.__retarget_lock_release
                0x08001c9c        0x2 /home/strayker/Pkgs/arm-gnu-toolchain/arm-gnu-toolchain-12.2.mpacbti-bet1-x86_64-arm-none-eabi/bin/../lib/gcc/arm-none-eabi/12.2.0/../../../../arm-none-eabi/lib/thumb/v7e-m/nofp/libg_nano.a(libc_a-lock.o)
                0x08001c9c                __retarget_lock_release
 .text.__retarget_lock_release_recursive
                0x08001c9e        0x2 /home/strayker/Pkgs/arm-gnu-toolchain/arm-gnu-toolchain-12.2.mpacbti-bet1-x86_64-arm-none-eabi/bin/../lib/gcc/arm-none-eabi/12.2.0/../../../../arm-none-eabi/lib/thumb/v7e-m/nofp/libg_nano.a(libc_a-lock.o)
                0x08001c9e                __retarget_lock_release_recursive
 .text.__swhatbuf_r
                0x08001ca0       0x4c /home/strayker/Pkgs/arm-gnu-toolchain/arm-gnu-toolchain-12.2.mpacbti-bet1-x86_64-arm-none-eabi/bin/../lib/gcc/arm-none-eabi/12.2.0/../../../../arm-none-eabi/lib/thumb/v7e-m/nofp/libg_nano.a(libc_a-makebuf.o)
                0x08001ca0                __swhatbuf_r
 .text.__smakebuf_r
                0x08001cec       0x78 /home/strayker/Pkgs/arm-gnu-toolchain/arm-gnu-toolchain-12.2.mpacbti-bet1-x86_64-arm-none-eabi/bin/../lib/gcc/arm-none-eabi/12.2.0/../../../../arm-none-eabi/lib/thumb/v7e-m/nofp/libg_nano.a(libc_a-makebuf.o)
                0x08001cec                __smakebuf_r
 .text._close_r
                0x08001d64       0x20 /home/strayker/Pkgs/arm-gnu-toolchain/arm-gnu-toolchain-12.2.mpacbti-bet1-x86_64-arm-none-eabi/bin/../lib/gcc/arm-none-eabi/12.2.0/../../../../arm-none-eabi/lib/thumb/v7e-m/nofp/libg_nano.a(libc_a-closer.o)
                0x08001d64                _close_r
 .text._reclaim_reent
                0x08001d84       0xac /home/strayker/Pkgs/arm-gnu-toolchain/arm-gnu-toolchain-12.2.mpacbti-bet1-x86_64-arm-none-eabi/bin/../lib/gcc/arm-none-eabi/12.2.0/../../../../arm-none-eabi/lib/thumb/v7e-m/nofp/libg_nano.a(libc_a-reent.o)
                0x08001d84                _reclaim_reent
 .text.memcpy   0x08001e30       0x1c /home/strayker/Pkgs/arm-gnu-toolchain/arm-gnu-toolchain-12.2.mpacbti-bet1-x86_64-arm-none-eabi/bin/../lib/gcc/arm-none-eabi/12.2.0/../../../../arm-none-eabi/lib/thumb/v7e-m/nofp/libg_nano.a(libc_a-memcpy-stub.o)
                0x08001e30                memcpy
 .text.sbrk_aligned
                0x08001e4c       0x44 /home/strayker/Pkgs/arm-gnu-toolchain/arm-gnu-toolchain-12.2.mpacbti-bet1-x86_64-arm-none-eabi/bin/../lib/gcc/arm-none-eabi/12.2.0/../../../../arm-none-eabi/lib/thumb/v7e-m/nofp/libg_nano.a(libc_a-mallocr.o)
 .text._malloc_r
                0x08001e90       0xe0 /home/strayker/Pkgs/arm-gnu-toolchain/arm-gnu-toolchain-12.2.mpacbti-bet1-x86_64-arm-none-eabi/bin/../lib/gcc/arm-none-eabi/12.2.0/../../../../arm-none-eabi/lib/thumb/v7e-m/nofp/libg_nano.a(libc_a-mallocr.o)
                0x08001e90                _malloc_r
 .text._fstat_r
                0x08001f70       0x24 /home/strayker/Pkgs/arm-gnu-toolchain/arm-gnu-toolchain-12.2.mpacbti-bet1-x86_64-arm-none-eabi/bin/../lib/gcc/arm-none-eabi/12.2.0/../../../../arm-none-eabi/lib/thumb/v7e-m/nofp/libg_nano.a(libc_a-fstatr.o)
                0x08001f70                _fstat_r
 .text._isatty_r
                0x08001f94       0x20 /home/strayker/Pkgs/arm-gnu-toolchain/arm-gnu-toolchain-12.2.mpacbti-bet1-x86_64-arm-none-eabi/bin/../lib/gcc/arm-none-eabi/12.2.0/../../../../arm-none-eabi/lib/thumb/v7e-m/nofp/libg_nano.a(libc_a-isattyr.o)
                0x08001f94                _isatty_r
 .text._lseek_r
                0x08001fb4       0x24 /home/strayker/Pkgs/arm-gnu-toolchain/arm-gnu-toolchain-12.2.mpacbti-bet1-x86_64-arm-none-eabi/bin/../lib/gcc/arm-none-eabi/12.2.0/../../../../arm-none-eabi/lib/thumb/v7e-m/nofp/libg_nano.a(libc_a-lseekr.o)
                0x08001fb4                _lseek_r
 .text._read_r  0x08001fd8       0x24 /home/strayker/Pkgs/arm-gnu-toolchain/arm-gnu-toolchain-12.2.mpacbti-bet1-x86_64-arm-none-eabi/bin/../lib/gcc/arm-none-eabi/12.2.0/../../../../arm-none-eabi/lib/thumb/v7e-m/nofp/libg_nano.a(libc_a-readr.o)
                0x08001fd8                _read_r
 .text.__malloc_lock
                0x08001ffc        0xc /home/strayker/Pkgs/arm-gnu-toolchain/arm-gnu-toolchain-12.2.mpacbti-bet1-x86_64-arm-none-eabi/bin/../lib/gcc/arm-none-eabi/12.2.0/../../../../arm-none-eabi/lib/thumb/v7e-m/nofp/libg_nano.a(libc_a-mlock.o)
                0x08001ffc                __malloc_lock
 .text.__malloc_unlock
                0x08002008        0xc /home/strayker/Pkgs/arm-gnu-toolchain/arm-gnu-toolchain-12.2.mpacbti-bet1-x86_64-arm-none-eabi/bin/../lib/gcc/arm-none-eabi/12.2.0/../../../../arm-none-eabi/lib/thumb/v7e-m/nofp/libg_nano.a(libc_a-mlock.o)
                0x08002008                __malloc_unlock
 .text._malloc_usable_size_r
                0x08002014       0x10 /home/strayker/Pkgs/arm-gnu-toolchain/arm-gnu-toolchain-12.2.mpacbti-bet1-x86_64-arm-none-eabi/bin/../lib/gcc/arm-none-eabi/12.2.0/../../../../arm-none-eabi/lib/thumb/v7e-m/nofp/libg_nano.a(libc_a-msizer.o)
                0x08002014                _malloc_usable_size_r
 .text._sbrk_r  0x08002024       0x20 /home/strayker/Pkgs/arm-gnu-toolchain/arm-gnu-toolchain-12.2.mpacbti-bet1-x86_64-arm-none-eabi/bin/../lib/gcc/arm-none-eabi/12.2.0/../../../../arm-none-eabi/lib/thumb/v7e-m/nofp/libg_nano.a(libc_a-sbrkr.o)
                0x08002024                _sbrk_r
 *(.eh_frame)
 .eh_frame      0x08002044        0x0 /home/strayker/Pkgs/arm-gnu-toolchain/arm-gnu-toolchain-12.2.mpacbti-bet1-x86_64-arm-none-eabi/bin/../lib/gcc/arm-none-eabi/12.2.0/thumb/v7e-m/nofp/crtbegin.o
 .eh_frame      0x08002044       0x44 /home/strayker/Pkgs/arm-gnu-toolchain/arm-gnu-toolchain-12.2.mpacbti-bet1-x86_64-arm-none-eabi/bin/../lib/gcc/arm-none-eabi/12.2.0/../../../../arm-none-eabi/lib/thumb/v7e-m/nofp/libg_nano.a(libc_a-memchr.o)
 .eh_frame      0x08002088        0x4 /home/strayker/Pkgs/arm-gnu-toolchain/arm-gnu-toolchain-12.2.mpacbti-bet1-x86_64-arm-none-eabi/bin/../lib/gcc/arm-none-eabi/12.2.0/thumb/v7e-m/nofp/crtend.o
 *(.init)
 .init          0x0800208c        0x4 /home/strayker/Pkgs/arm-gnu-toolchain/arm-gnu-toolchain-12.2.mpacbti-bet1-x86_64-arm-none-eabi/bin/../lib/gcc/arm-none-eabi/12.2.0/thumb/v7e-m/nofp/crti.o
                0x0800208c                _init
 .init          0x08002090        0x8 /home/strayker/Pkgs/arm-gnu-toolchain/arm-gnu-toolchain-12.2.mpacbti-bet1-x86_64-arm-none-eabi/bin/../lib/gcc/arm-none-eabi/12.2.0/thumb/v7e-m/nofp/crtn.o
 *(.fini)
 .fini          0x08002098        0x4 /home/strayker/Pkgs/arm-gnu-toolchain/arm-gnu-toolchain-12.2.mpacbti-bet1-x86_64-arm-none-eabi/bin/../lib/gcc/arm-none-eabi/12.2.0/thumb/v7e-m/nofp/crti.o
                0x08002098                _fini
 .fini          0x0800209c        0x8 /home/strayker/Pkgs/arm-gnu-toolchain/arm-gnu-toolchain-12.2.mpacbti-bet1-x86_64-arm-none-eabi/bin/../lib/gcc/arm-none-eabi/12.2.0/thumb/v7e-m/nofp/crtn.o
 *(.ARM)
 *(.ARM*)
 .ARM.attributes
                0x080020a4       0x1e /home/strayker/Pkgs/arm-gnu-toolchain/arm-gnu-toolchain-12.2.mpacbti-bet1-x86_64-arm-none-eabi/bin/../lib/gcc/arm-none-eabi/12.2.0/thumb/v7e-m/nofp/crti.o
 .ARM.attributes
                0x080020c2       0x2e /home/strayker/Pkgs/arm-gnu-toolchain/arm-gnu-toolchain-12.2.mpacbti-bet1-x86_64-arm-none-eabi/bin/../lib/gcc/arm-none-eabi/12.2.0/thumb/v7e-m/nofp/crtbegin.o
 .ARM.extab     0x080020f0        0x0 /home/strayker/Pkgs/arm-gnu-toolchain/arm-gnu-toolchain-12.2.mpacbti-bet1-x86_64-arm-none-eabi/bin/../lib/gcc/arm-none-eabi/12.2.0/../../../../arm-none-eabi/lib/thumb/v7e-m/nofp/crt0.o
 .ARM.attributes
                0x080020f0       0x1c /home/strayker/Pkgs/arm-gnu-toolchain/arm-gnu-toolchain-12.2.mpacbti-bet1-x86_64-arm-none-eabi/bin/../lib/gcc/arm-none-eabi/12.2.0/../../../../arm-none-eabi/lib/thumb/v7e-m/nofp/crt0.o
 .ARM.attributes
                0x0800210c       0x2e src/obj/main.o
 .ARM.attributes
                0x0800213a       0x2e src/obj/syscalls.o
 .ARM.attributes
                0x08002168       0x2e src/obj/startup_STM32F401RE.o
 .ARM.attributes
                0x08002196       0x2e /home/strayker/Pkgs/arm-gnu-toolchain/arm-gnu-toolchain-12.2.mpacbti-bet1-x86_64-arm-none-eabi/bin/../lib/gcc/arm-none-eabi/12.2.0/../../../../arm-none-eabi/lib/thumb/v7e-m/nofp/libg_nano.a(libc_a-exit.o)
 .ARM.attributes
                0x080021c4       0x2e /home/strayker/Pkgs/arm-gnu-toolchain/arm-gnu-toolchain-12.2.mpacbti-bet1-x86_64-arm-none-eabi/bin/../lib/gcc/arm-none-eabi/12.2.0/../../../../arm-none-eabi/lib/thumb/v7e-m/nofp/libg_nano.a(libc_a-init.o)
 .ARM.attributes
                0x080021f2       0x2e /home/strayker/Pkgs/arm-gnu-toolchain/arm-gnu-toolchain-12.2.mpacbti-bet1-x86_64-arm-none-eabi/bin/../lib/gcc/arm-none-eabi/12.2.0/../../../../arm-none-eabi/lib/thumb/v7e-m/nofp/libg_nano.a(libc_a-printf.o)
 .ARM.attributes
                0x08002220       0x2e /home/strayker/Pkgs/arm-gnu-toolchain/arm-gnu-toolchain-12.2.mpacbti-bet1-x86_64-arm-none-eabi/bin/../lib/gcc/arm-none-eabi/12.2.0/../../../../arm-none-eabi/lib/thumb/v7e-m/nofp/libg_nano.a(libc_a-nano-vfprintf.o)
 .ARM.attributes
                0x0800224e       0x2e /home/strayker/Pkgs/arm-gnu-toolchain/arm-gnu-toolchain-12.2.mpacbti-bet1-x86_64-arm-none-eabi/bin/../lib/gcc/arm-none-eabi/12.2.0/../../../../arm-none-eabi/lib/thumb/v7e-m/nofp/libg_nano.a(libc_a-wbuf.o)
 .ARM.attributes
                0x0800227c       0x2e /home/strayker/Pkgs/arm-gnu-toolchain/arm-gnu-toolchain-12.2.mpacbti-bet1-x86_64-arm-none-eabi/bin/../lib/gcc/arm-none-eabi/12.2.0/../../../../arm-none-eabi/lib/thumb/v7e-m/nofp/libg_nano.a(libc_a-wsetup.o)
 .ARM.attributes
                0x080022aa       0x2e /home/strayker/Pkgs/arm-gnu-toolchain/arm-gnu-toolchain-12.2.mpacbti-bet1-x86_64-arm-none-eabi/bin/../lib/gcc/arm-none-eabi/12.2.0/../../../../arm-none-eabi/lib/thumb/v7e-m/nofp/libg_nano.a(libc_a-nano-vfprintf_i.o)
 .ARM.attributes
                0x080022d8       0x2e /home/strayker/Pkgs/arm-gnu-toolchain/arm-gnu-toolchain-12.2.mpacbti-bet1-x86_64-arm-none-eabi/bin/../lib/gcc/arm-none-eabi/12.2.0/../../../../arm-none-eabi/lib/thumb/v7e-m/nofp/libg_nano.a(libc_a-impure.o)
 .ARM.attributes
                0x08002306       0x2e /home/strayker/Pkgs/arm-gnu-toolchain/arm-gnu-toolchain-12.2.mpacbti-bet1-x86_64-arm-none-eabi/bin/../lib/gcc/arm-none-eabi/12.2.0/../../../../arm-none-eabi/lib/thumb/v7e-m/nofp/libg_nano.a(libc_a-fflush.o)
 .ARM.extab     0x08002334        0x0 /home/strayker/Pkgs/arm-gnu-toolchain/arm-gnu-toolchain-12.2.mpacbti-bet1-x86_64-arm-none-eabi/bin/../lib/gcc/arm-none-eabi/12.2.0/../../../../arm-none-eabi/lib/thumb/v7e-m/nofp/libg_nano.a(libc_a-memchr.o)
 .ARM.attributes
                0x08002334       0x1c /home/strayker/Pkgs/arm-gnu-toolchain/arm-gnu-toolchain-12.2.mpacbti-bet1-x86_64-arm-none-eabi/bin/../lib/gcc/arm-none-eabi/12.2.0/../../../../arm-none-eabi/lib/thumb/v7e-m/nofp/libg_nano.a(libc_a-memchr.o)
 .ARM.attributes
                0x08002350       0x2e /home/strayker/Pkgs/arm-gnu-toolchain/arm-gnu-toolchain-12.2.mpacbti-bet1-x86_64-arm-none-eabi/bin/../lib/gcc/arm-none-eabi/12.2.0/../../../../arm-none-eabi/lib/thumb/v7e-m/nofp/libg_nano.a(libc_a-findfp.o)
 .ARM.attributes
                0x0800237e       0x2e /home/strayker/Pkgs/arm-gnu-toolchain/arm-gnu-toolchain-12.2.mpacbti-bet1-x86_64-arm-none-eabi/bin/../lib/gcc/arm-none-eabi/12.2.0/../../../../arm-none-eabi/lib/thumb/v7e-m/nofp/libg_nano.a(libc_a-stdio.o)
 .ARM.attributes
                0x080023ac       0x2e /home/strayker/Pkgs/arm-gnu-toolchain/arm-gnu-toolchain-12.2.mpacbti-bet1-x86_64-arm-none-eabi/bin/../lib/gcc/arm-none-eabi/12.2.0/../../../../arm-none-eabi/lib/thumb/v7e-m/nofp/libg_nano.a(libc_a-writer.o)
 .ARM.attributes
                0x080023da       0x2e /home/strayker/Pkgs/arm-gnu-toolchain/arm-gnu-toolchain-12.2.mpacbti-bet1-x86_64-arm-none-eabi/bin/../lib/gcc/arm-none-eabi/12.2.0/../../../../arm-none-eabi/lib/thumb/v7e-m/nofp/libg_nano.a(libc_a-errno.o)
 .ARM.attributes
                0x08002408       0x2e /home/strayker/Pkgs/arm-gnu-toolchain/arm-gnu-toolchain-12.2.mpacbti-bet1-x86_64-arm-none-eabi/bin/../lib/gcc/arm-none-eabi/12.2.0/../../../../arm-none-eabi/lib/thumb/v7e-m/nofp/libg_nano.a(libc_a-fvwrite.o)
 .ARM.attributes
                0x08002436       0x2e /home/strayker/Pkgs/arm-gnu-toolchain/arm-gnu-toolchain-12.2.mpacbti-bet1-x86_64-arm-none-eabi/bin/../lib/gcc/arm-none-eabi/12.2.0/../../../../arm-none-eabi/lib/thumb/v7e-m/nofp/libg_nano.a(libc_a-fwalk.o)
 .ARM.attributes
                0x08002464       0x2e /home/strayker/Pkgs/arm-gnu-toolchain/arm-gnu-toolchain-12.2.mpacbti-bet1-x86_64-arm-none-eabi/bin/../lib/gcc/arm-none-eabi/12.2.0/../../../../arm-none-eabi/lib/thumb/v7e-m/nofp/libg_nano.a(libc_a-memmove.o)
 .ARM.attributes
                0x08002492       0x2e /home/strayker/Pkgs/arm-gnu-toolchain/arm-gnu-toolchain-12.2.mpacbti-bet1-x86_64-arm-none-eabi/bin/../lib/gcc/arm-none-eabi/12.2.0/../../../../arm-none-eabi/lib/thumb/v7e-m/nofp/libg_nano.a(libc_a-memset.o)
 .ARM.attributes
                0x080024c0       0x2e /home/strayker/Pkgs/arm-gnu-toolchain/arm-gnu-toolchain-12.2.mpacbti-bet1-x86_64-arm-none-eabi/bin/../lib/gcc/arm-none-eabi/12.2.0/../../../../arm-none-eabi/lib/thumb/v7e-m/nofp/libg_nano.a(libc_a-reallocr.o)
 .ARM.attributes
                0x080024ee       0x2e /home/strayker/Pkgs/arm-gnu-toolchain/arm-gnu-toolchain-12.2.mpacbti-bet1-x86_64-arm-none-eabi/bin/../lib/gcc/arm-none-eabi/12.2.0/../../../../arm-none-eabi/lib/thumb/v7e-m/nofp/libg_nano.a(libc_a-freer.o)
 .ARM.attributes
                0x0800251c       0x2e /home/strayker/Pkgs/arm-gnu-toolchain/arm-gnu-toolchain-12.2.mpacbti-bet1-x86_64-arm-none-eabi/bin/../lib/gcc/arm-none-eabi/12.2.0/../../../../arm-none-eabi/lib/thumb/v7e-m/nofp/libg_nano.a(libc_a-lock.o)
 .ARM.attributes
                0x0800254a       0x2e /home/strayker/Pkgs/arm-gnu-toolchain/arm-gnu-toolchain-12.2.mpacbti-bet1-x86_64-arm-none-eabi/bin/../lib/gcc/arm-none-eabi/12.2.0/../../../../arm-none-eabi/lib/thumb/v7e-m/nofp/libg_nano.a(libc_a-makebuf.o)
 .ARM.attributes
                0x08002578       0x2e /home/strayker/Pkgs/arm-gnu-toolchain/arm-gnu-toolchain-12.2.mpacbti-bet1-x86_64-arm-none-eabi/bin/../lib/gcc/arm-none-eabi/12.2.0/../../../../arm-none-eabi/lib/thumb/v7e-m/nofp/libg_nano.a(libc_a-closer.o)
 .ARM.attributes
                0x080025a6       0x2e /home/strayker/Pkgs/arm-gnu-toolchain/arm-gnu-toolchain-12.2.mpacbti-bet1-x86_64-arm-none-eabi/bin/../lib/gcc/arm-none-eabi/12.2.0/../../../../arm-none-eabi/lib/thumb/v7e-m/nofp/libg_nano.a(libc_a-reent.o)
 .ARM.attributes
                0x080025d4       0x2e /home/strayker/Pkgs/arm-gnu-toolchain/arm-gnu-toolchain-12.2.mpacbti-bet1-x86_64-arm-none-eabi/bin/../lib/gcc/arm-none-eabi/12.2.0/../../../../arm-none-eabi/lib/thumb/v7e-m/nofp/libg_nano.a(libc_a-memcpy-stub.o)
 .ARM.attributes
                0x08002602       0x2e /home/strayker/Pkgs/arm-gnu-toolchain/arm-gnu-toolchain-12.2.mpacbti-bet1-x86_64-arm-none-eabi/bin/../lib/gcc/arm-none-eabi/12.2.0/../../../../arm-none-eabi/lib/thumb/v7e-m/nofp/libg_nano.a(libc_a-mallocr.o)
 .ARM.attributes
                0x08002630       0x2e /home/strayker/Pkgs/arm-gnu-toolchain/arm-gnu-toolchain-12.2.mpacbti-bet1-x86_64-arm-none-eabi/bin/../lib/gcc/arm-none-eabi/12.2.0/../../../../arm-none-eabi/lib/thumb/v7e-m/nofp/libg_nano.a(libc_a-fstatr.o)
 .ARM.attributes
                0x0800265e       0x2e /home/strayker/Pkgs/arm-gnu-toolchain/arm-gnu-toolchain-12.2.mpacbti-bet1-x86_64-arm-none-eabi/bin/../lib/gcc/arm-none-eabi/12.2.0/../../../../arm-none-eabi/lib/thumb/v7e-m/nofp/libg_nano.a(libc_a-isattyr.o)
 .ARM.attributes
                0x0800268c       0x2e /home/strayker/Pkgs/arm-gnu-toolchain/arm-gnu-toolchain-12.2.mpacbti-bet1-x86_64-arm-none-eabi/bin/../lib/gcc/arm-none-eabi/12.2.0/../../../../arm-none-eabi/lib/thumb/v7e-m/nofp/libg_nano.a(libc_a-lseekr.o)
 .ARM.attributes
                0x080026ba       0x2e /home/strayker/Pkgs/arm-gnu-toolchain/arm-gnu-toolchain-12.2.mpacbti-bet1-x86_64-arm-none-eabi/bin/../lib/gcc/arm-none-eabi/12.2.0/../../../../arm-none-eabi/lib/thumb/v7e-m/nofp/libg_nano.a(libc_a-readr.o)
 .ARM.attributes
                0x080026e8       0x2e /home/strayker/Pkgs/arm-gnu-toolchain/arm-gnu-toolchain-12.2.mpacbti-bet1-x86_64-arm-none-eabi/bin/../lib/gcc/arm-none-eabi/12.2.0/../../../../arm-none-eabi/lib/thumb/v7e-m/nofp/libg_nano.a(libc_a-mlock.o)
 .ARM.attributes
                0x08002716       0x2e /home/strayker/Pkgs/arm-gnu-toolchain/arm-gnu-toolchain-12.2.mpacbti-bet1-x86_64-arm-none-eabi/bin/../lib/gcc/arm-none-eabi/12.2.0/../../../../arm-none-eabi/lib/thumb/v7e-m/nofp/libg_nano.a(libc_a-msizer.o)
 .ARM.attributes
                0x08002744       0x2e /home/strayker/Pkgs/arm-gnu-toolchain/arm-gnu-toolchain-12.2.mpacbti-bet1-x86_64-arm-none-eabi/bin/../lib/gcc/arm-none-eabi/12.2.0/../../../../arm-none-eabi/lib/thumb/v7e-m/nofp/libg_nano.a(libc_a-sbrkr.o)
 .ARM.attributes
                0x08002772       0x2e /home/strayker/Pkgs/arm-gnu-toolchain/arm-gnu-toolchain-12.2.mpacbti-bet1-x86_64-arm-none-eabi/bin/../lib/gcc/arm-none-eabi/12.2.0/thumb/v7e-m/nofp/crtend.o
 .ARM.attributes
                0x080027a0       0x1e /home/strayker/Pkgs/arm-gnu-toolchain/arm-gnu-toolchain-12.2.mpacbti-bet1-x86_64-arm-none-eabi/bin/../lib/gcc/arm-none-eabi/12.2.0/thumb/v7e-m/nofp/crtn.o
 *fill*         0x080027be        0x2 
 .ARM.exidx     0x080027c0        0x8 /home/strayker/Pkgs/arm-gnu-toolchain/arm-gnu-toolchain-12.2.mpacbti-bet1-x86_64-arm-none-eabi/bin/../lib/gcc/arm-none-eabi/12.2.0/../../../../arm-none-eabi/lib/thumb/v7e-m/nofp/crt0.o
                                 0x10 (size before relaxing)
 .ARM.exidx     0x080027c8        0x0 /home/strayker/Pkgs/arm-gnu-toolchain/arm-gnu-toolchain-12.2.mpacbti-bet1-x86_64-arm-none-eabi/bin/../lib/gcc/arm-none-eabi/12.2.0/../../../../arm-none-eabi/lib/thumb/v7e-m/nofp/libg_nano.a(libc_a-memchr.o)
                                  0x8 (size before relaxing)
 *(.rodata)
 *fill*         0x080027c8        0x0 
 .rodata        0x080027c8       0x27 src/obj/main.o
                0x080027c8                RCC
                0x080027cc                GPIOA
                0x080027d0                GPIOB
                0x080027d4                USART2
                0x080027d8                NVIC
                0x080027dc                I2C1
 *(.rodata.*)
 *fill*         0x080027ef        0x1 
 .rodata.all_implied_fbits
                0x080027f0       0x24 /home/strayker/Pkgs/arm-gnu-toolchain/arm-gnu-toolchain-12.2.mpacbti-bet1-x86_64-arm-none-eabi/bin/../lib/gcc/arm-none-eabi/12.2.0/thumb/v7e-m/nofp/crtbegin.o
 .rodata._vfprintf_r.str1.1
                0x08002814       0x11 /home/strayker/Pkgs/arm-gnu-toolchain/arm-gnu-toolchain-12.2.mpacbti-bet1-x86_64-arm-none-eabi/bin/../lib/gcc/arm-none-eabi/12.2.0/../../../../arm-none-eabi/lib/thumb/v7e-m/nofp/libg_nano.a(libc_a-nano-vfprintf.o)
 .rodata._printf_i.str1.1
                0x08002825       0x22 /home/strayker/Pkgs/arm-gnu-toolchain/arm-gnu-toolchain-12.2.mpacbti-bet1-x86_64-arm-none-eabi/bin/../lib/gcc/arm-none-eabi/12.2.0/../../../../arm-none-eabi/lib/thumb/v7e-m/nofp/libg_nano.a(libc_a-nano-vfprintf_i.o)
 *fill*         0x08002847        0x1 
 .rodata.all_implied_fbits
                0x08002848       0x24 /home/strayker/Pkgs/arm-gnu-toolchain/arm-gnu-toolchain-12.2.mpacbti-bet1-x86_64-arm-none-eabi/bin/../lib/gcc/arm-none-eabi/12.2.0/thumb/v7e-m/nofp/crtend.o
                0x0800286c                        . = ALIGN (0x4)
                0x0800286c                        _sidata = LOADADDR (.data)

.glue_7         0x0800286c        0x0
 .glue_7        0x0800286c        0x0 linker stubs

.glue_7t        0x0800286c        0x0
 .glue_7t       0x0800286c        0x0 linker stubs

.vfp11_veneer   0x0800286c        0x0
 .vfp11_veneer  0x0800286c        0x0 linker stubs

.v4_bx          0x0800286c        0x0
 .v4_bx         0x0800286c        0x0 linker stubs

.iplt           0x0800286c        0x0
 .iplt          0x0800286c        0x0 /home/strayker/Pkgs/arm-gnu-toolchain/arm-gnu-toolchain-12.2.mpacbti-bet1-x86_64-arm-none-eabi/bin/../lib/gcc/arm-none-eabi/12.2.0/thumb/v7e-m/nofp/crtbegin.o

.rel.dyn        0x0800286c        0x0
 .rel.iplt      0x0800286c        0x0 /home/strayker/Pkgs/arm-gnu-toolchain/arm-gnu-toolchain-12.2.mpacbti-bet1-x86_64-arm-none-eabi/bin/../lib/gcc/arm-none-eabi/12.2.0/thumb/v7e-m/nofp/crtbegin.o

.data           0x20000000       0x6c load address 0x0800286c
                0x20000000                        . = ALIGN (0x4)
                0x20000000                        _sdata = .
 *(.data)
 .data          0x20000000        0x0 /home/strayker/Pkgs/arm-gnu-toolchain/arm-gnu-toolchain-12.2.mpacbti-bet1-x86_64-arm-none-eabi/bin/../lib/gcc/arm-none-eabi/12.2.0/thumb/v7e-m/nofp/crti.o
 .data          0x20000000        0x0 /home/strayker/Pkgs/arm-gnu-toolchain/arm-gnu-toolchain-12.2.mpacbti-bet1-x86_64-arm-none-eabi/bin/../lib/gcc/arm-none-eabi/12.2.0/thumb/v7e-m/nofp/crtbegin.o
 .data          0x20000000        0x0 /home/strayker/Pkgs/arm-gnu-toolchain/arm-gnu-toolchain-12.2.mpacbti-bet1-x86_64-arm-none-eabi/bin/../lib/gcc/arm-none-eabi/12.2.0/../../../../arm-none-eabi/lib/thumb/v7e-m/nofp/crt0.o
 .data          0x20000000        0x0 src/obj/main.o
 .data          0x20000000        0x4 src/obj/syscalls.o
                0x20000000                environ
 .data          0x20000004        0x0 src/obj/startup_STM32F401RE.o
 .data          0x20000004        0x0 /home/strayker/Pkgs/arm-gnu-toolchain/arm-gnu-toolchain-12.2.mpacbti-bet1-x86_64-arm-none-eabi/bin/../lib/gcc/arm-none-eabi/12.2.0/../../../../arm-none-eabi/lib/thumb/v7e-m/nofp/libg_nano.a(libc_a-exit.o)
 .data          0x20000004        0x0 /home/strayker/Pkgs/arm-gnu-toolchain/arm-gnu-toolchain-12.2.mpacbti-bet1-x86_64-arm-none-eabi/bin/../lib/gcc/arm-none-eabi/12.2.0/../../../../arm-none-eabi/lib/thumb/v7e-m/nofp/libg_nano.a(libc_a-init.o)
 .data          0x20000004        0x0 /home/strayker/Pkgs/arm-gnu-toolchain/arm-gnu-toolchain-12.2.mpacbti-bet1-x86_64-arm-none-eabi/bin/../lib/gcc/arm-none-eabi/12.2.0/../../../../arm-none-eabi/lib/thumb/v7e-m/nofp/libg_nano.a(libc_a-printf.o)
 .data          0x20000004        0x0 /home/strayker/Pkgs/arm-gnu-toolchain/arm-gnu-toolchain-12.2.mpacbti-bet1-x86_64-arm-none-eabi/bin/../lib/gcc/arm-none-eabi/12.2.0/../../../../arm-none-eabi/lib/thumb/v7e-m/nofp/libg_nano.a(libc_a-nano-vfprintf.o)
 .data          0x20000004        0x0 /home/strayker/Pkgs/arm-gnu-toolchain/arm-gnu-toolchain-12.2.mpacbti-bet1-x86_64-arm-none-eabi/bin/../lib/gcc/arm-none-eabi/12.2.0/../../../../arm-none-eabi/lib/thumb/v7e-m/nofp/libg_nano.a(libc_a-wbuf.o)
 .data          0x20000004        0x0 /home/strayker/Pkgs/arm-gnu-toolchain/arm-gnu-toolchain-12.2.mpacbti-bet1-x86_64-arm-none-eabi/bin/../lib/gcc/arm-none-eabi/12.2.0/../../../../arm-none-eabi/lib/thumb/v7e-m/nofp/libg_nano.a(libc_a-wsetup.o)
 .data          0x20000004        0x0 /home/strayker/Pkgs/arm-gnu-toolchain/arm-gnu-toolchain-12.2.mpacbti-bet1-x86_64-arm-none-eabi/bin/../lib/gcc/arm-none-eabi/12.2.0/../../../../arm-none-eabi/lib/thumb/v7e-m/nofp/libg_nano.a(libc_a-nano-vfprintf_i.o)
 .data          0x20000004        0x0 /home/strayker/Pkgs/arm-gnu-toolchain/arm-gnu-toolchain-12.2.mpacbti-bet1-x86_64-arm-none-eabi/bin/../lib/gcc/arm-none-eabi/12.2.0/../../../../arm-none-eabi/lib/thumb/v7e-m/nofp/libg_nano.a(libc_a-impure.o)
 .data          0x20000004        0x0 /home/strayker/Pkgs/arm-gnu-toolchain/arm-gnu-toolchain-12.2.mpacbti-bet1-x86_64-arm-none-eabi/bin/../lib/gcc/arm-none-eabi/12.2.0/../../../../arm-none-eabi/lib/thumb/v7e-m/nofp/libg_nano.a(libc_a-fflush.o)
 .data          0x20000004        0x0 /home/strayker/Pkgs/arm-gnu-toolchain/arm-gnu-toolchain-12.2.mpacbti-bet1-x86_64-arm-none-eabi/bin/../lib/gcc/arm-none-eabi/12.2.0/../../../../arm-none-eabi/lib/thumb/v7e-m/nofp/libg_nano.a(libc_a-memchr.o)
 .data          0x20000004        0x0 /home/strayker/Pkgs/arm-gnu-toolchain/arm-gnu-toolchain-12.2.mpacbti-bet1-x86_64-arm-none-eabi/bin/../lib/gcc/arm-none-eabi/12.2.0/../../../../arm-none-eabi/lib/thumb/v7e-m/nofp/libg_nano.a(libc_a-findfp.o)
 .data          0x20000004        0x0 /home/strayker/Pkgs/arm-gnu-toolchain/arm-gnu-toolchain-12.2.mpacbti-bet1-x86_64-arm-none-eabi/bin/../lib/gcc/arm-none-eabi/12.2.0/../../../../arm-none-eabi/lib/thumb/v7e-m/nofp/libg_nano.a(libc_a-stdio.o)
 .data          0x20000004        0x0 /home/strayker/Pkgs/arm-gnu-toolchain/arm-gnu-toolchain-12.2.mpacbti-bet1-x86_64-arm-none-eabi/bin/../lib/gcc/arm-none-eabi/12.2.0/../../../../arm-none-eabi/lib/thumb/v7e-m/nofp/libg_nano.a(libc_a-writer.o)
 .data          0x20000004        0x0 /home/strayker/Pkgs/arm-gnu-toolchain/arm-gnu-toolchain-12.2.mpacbti-bet1-x86_64-arm-none-eabi/bin/../lib/gcc/arm-none-eabi/12.2.0/../../../../arm-none-eabi/lib/thumb/v7e-m/nofp/libg_nano.a(libc_a-errno.o)
 .data          0x20000004        0x0 /home/strayker/Pkgs/arm-gnu-toolchain/arm-gnu-toolchain-12.2.mpacbti-bet1-x86_64-arm-none-eabi/bin/../lib/gcc/arm-none-eabi/12.2.0/../../../../arm-none-eabi/lib/thumb/v7e-m/nofp/libg_nano.a(libc_a-fvwrite.o)
 .data          0x20000004        0x0 /home/strayker/Pkgs/arm-gnu-toolchain/arm-gnu-toolchain-12.2.mpacbti-bet1-x86_64-arm-none-eabi/bin/../lib/gcc/arm-none-eabi/12.2.0/../../../../arm-none-eabi/lib/thumb/v7e-m/nofp/libg_nano.a(libc_a-fwalk.o)
 .data          0x20000004        0x0 /home/strayker/Pkgs/arm-gnu-toolchain/arm-gnu-toolchain-12.2.mpacbti-bet1-x86_64-arm-none-eabi/bin/../lib/gcc/arm-none-eabi/12.2.0/../../../../arm-none-eabi/lib/thumb/v7e-m/nofp/libg_nano.a(libc_a-memmove.o)
 .data          0x20000004        0x0 /home/strayker/Pkgs/arm-gnu-toolchain/arm-gnu-toolchain-12.2.mpacbti-bet1-x86_64-arm-none-eabi/bin/../lib/gcc/arm-none-eabi/12.2.0/../../../../arm-none-eabi/lib/thumb/v7e-m/nofp/libg_nano.a(libc_a-memset.o)
 .data          0x20000004        0x0 /home/strayker/Pkgs/arm-gnu-toolchain/arm-gnu-toolchain-12.2.mpacbti-bet1-x86_64-arm-none-eabi/bin/../lib/gcc/arm-none-eabi/12.2.0/../../../../arm-none-eabi/lib/thumb/v7e-m/nofp/libg_nano.a(libc_a-reallocr.o)
 .data          0x20000004        0x0 /home/strayker/Pkgs/arm-gnu-toolchain/arm-gnu-toolchain-12.2.mpacbti-bet1-x86_64-arm-none-eabi/bin/../lib/gcc/arm-none-eabi/12.2.0/../../../../arm-none-eabi/lib/thumb/v7e-m/nofp/libg_nano.a(libc_a-freer.o)
 .data          0x20000004        0x0 /home/strayker/Pkgs/arm-gnu-toolchain/arm-gnu-toolchain-12.2.mpacbti-bet1-x86_64-arm-none-eabi/bin/../lib/gcc/arm-none-eabi/12.2.0/../../../../arm-none-eabi/lib/thumb/v7e-m/nofp/libg_nano.a(libc_a-lock.o)
 .data          0x20000004        0x0 /home/strayker/Pkgs/arm-gnu-toolchain/arm-gnu-toolchain-12.2.mpacbti-bet1-x86_64-arm-none-eabi/bin/../lib/gcc/arm-none-eabi/12.2.0/../../../../arm-none-eabi/lib/thumb/v7e-m/nofp/libg_nano.a(libc_a-makebuf.o)
 .data          0x20000004        0x0 /home/strayker/Pkgs/arm-gnu-toolchain/arm-gnu-toolchain-12.2.mpacbti-bet1-x86_64-arm-none-eabi/bin/../lib/gcc/arm-none-eabi/12.2.0/../../../../arm-none-eabi/lib/thumb/v7e-m/nofp/libg_nano.a(libc_a-closer.o)
 .data          0x20000004        0x0 /home/strayker/Pkgs/arm-gnu-toolchain/arm-gnu-toolchain-12.2.mpacbti-bet1-x86_64-arm-none-eabi/bin/../lib/gcc/arm-none-eabi/12.2.0/../../../../arm-none-eabi/lib/thumb/v7e-m/nofp/libg_nano.a(libc_a-reent.o)
 .data          0x20000004        0x0 /home/strayker/Pkgs/arm-gnu-toolchain/arm-gnu-toolchain-12.2.mpacbti-bet1-x86_64-arm-none-eabi/bin/../lib/gcc/arm-none-eabi/12.2.0/../../../../arm-none-eabi/lib/thumb/v7e-m/nofp/libg_nano.a(libc_a-memcpy-stub.o)
 .data          0x20000004        0x0 /home/strayker/Pkgs/arm-gnu-toolchain/arm-gnu-toolchain-12.2.mpacbti-bet1-x86_64-arm-none-eabi/bin/../lib/gcc/arm-none-eabi/12.2.0/../../../../arm-none-eabi/lib/thumb/v7e-m/nofp/libg_nano.a(libc_a-mallocr.o)
 .data          0x20000004        0x0 /home/strayker/Pkgs/arm-gnu-toolchain/arm-gnu-toolchain-12.2.mpacbti-bet1-x86_64-arm-none-eabi/bin/../lib/gcc/arm-none-eabi/12.2.0/../../../../arm-none-eabi/lib/thumb/v7e-m/nofp/libg_nano.a(libc_a-fstatr.o)
 .data          0x20000004        0x0 /home/strayker/Pkgs/arm-gnu-toolchain/arm-gnu-toolchain-12.2.mpacbti-bet1-x86_64-arm-none-eabi/bin/../lib/gcc/arm-none-eabi/12.2.0/../../../../arm-none-eabi/lib/thumb/v7e-m/nofp/libg_nano.a(libc_a-isattyr.o)
 .data          0x20000004        0x0 /home/strayker/Pkgs/arm-gnu-toolchain/arm-gnu-toolchain-12.2.mpacbti-bet1-x86_64-arm-none-eabi/bin/../lib/gcc/arm-none-eabi/12.2.0/../../../../arm-none-eabi/lib/thumb/v7e-m/nofp/libg_nano.a(libc_a-lseekr.o)
 .data          0x20000004        0x0 /home/strayker/Pkgs/arm-gnu-toolchain/arm-gnu-toolchain-12.2.mpacbti-bet1-x86_64-arm-none-eabi/bin/../lib/gcc/arm-none-eabi/12.2.0/../../../../arm-none-eabi/lib/thumb/v7e-m/nofp/libg_nano.a(libc_a-readr.o)
 .data          0x20000004        0x0 /home/strayker/Pkgs/arm-gnu-toolchain/arm-gnu-toolchain-12.2.mpacbti-bet1-x86_64-arm-none-eabi/bin/../lib/gcc/arm-none-eabi/12.2.0/../../../../arm-none-eabi/lib/thumb/v7e-m/nofp/libg_nano.a(libc_a-mlock.o)
 .data          0x20000004        0x0 /home/strayker/Pkgs/arm-gnu-toolchain/arm-gnu-toolchain-12.2.mpacbti-bet1-x86_64-arm-none-eabi/bin/../lib/gcc/arm-none-eabi/12.2.0/../../../../arm-none-eabi/lib/thumb/v7e-m/nofp/libg_nano.a(libc_a-msizer.o)
 .data          0x20000004        0x0 /home/strayker/Pkgs/arm-gnu-toolchain/arm-gnu-toolchain-12.2.mpacbti-bet1-x86_64-arm-none-eabi/bin/../lib/gcc/arm-none-eabi/12.2.0/../../../../arm-none-eabi/lib/thumb/v7e-m/nofp/libg_nano.a(libc_a-sbrkr.o)
 .data          0x20000004        0x0 /home/strayker/Pkgs/arm-gnu-toolchain/arm-gnu-toolchain-12.2.mpacbti-bet1-x86_64-arm-none-eabi/bin/../lib/gcc/arm-none-eabi/12.2.0/thumb/v7e-m/nofp/crtend.o
 .data          0x20000004        0x0 /home/strayker/Pkgs/arm-gnu-toolchain/arm-gnu-toolchain-12.2.mpacbti-bet1-x86_64-arm-none-eabi/bin/../lib/gcc/arm-none-eabi/12.2.0/thumb/v7e-m/nofp/crtn.o
 *(.data.*)
 .data.__dso_handle
                0x20000004        0x4 /home/strayker/Pkgs/arm-gnu-toolchain/arm-gnu-toolchain-12.2.mpacbti-bet1-x86_64-arm-none-eabi/bin/../lib/gcc/arm-none-eabi/12.2.0/thumb/v7e-m/nofp/crtbegin.o
                0x20000004                __dso_handle
 .data._impure_ptr
                0x20000008        0x4 /home/strayker/Pkgs/arm-gnu-toolchain/arm-gnu-toolchain-12.2.mpacbti-bet1-x86_64-arm-none-eabi/bin/../lib/gcc/arm-none-eabi/12.2.0/../../../../arm-none-eabi/lib/thumb/v7e-m/nofp/libg_nano.a(libc_a-impure.o)
                0x20000008                _impure_ptr
 .data._impure_data
                0x2000000c       0x4c /home/strayker/Pkgs/arm-gnu-toolchain/arm-gnu-toolchain-12.2.mpacbti-bet1-x86_64-arm-none-eabi/bin/../lib/gcc/arm-none-eabi/12.2.0/../../../../arm-none-eabi/lib/thumb/v7e-m/nofp/libg_nano.a(libc_a-impure.o)
                0x2000000c                _impure_data
 .data.__sglue  0x20000058        0xc /home/strayker/Pkgs/arm-gnu-toolchain/arm-gnu-toolchain-12.2.mpacbti-bet1-x86_64-arm-none-eabi/bin/../lib/gcc/arm-none-eabi/12.2.0/../../../../arm-none-eabi/lib/thumb/v7e-m/nofp/libg_nano.a(libc_a-findfp.o)
                0x20000058                __sglue
 *(.init_*)
 .init_array    0x20000064        0x4 /home/strayker/Pkgs/arm-gnu-toolchain/arm-gnu-toolchain-12.2.mpacbti-bet1-x86_64-arm-none-eabi/bin/../lib/gcc/arm-none-eabi/12.2.0/thumb/v7e-m/nofp/crtbegin.o
 *(.fini_*)
 .fini_array    0x20000068        0x4 /home/strayker/Pkgs/arm-gnu-toolchain/arm-gnu-toolchain-12.2.mpacbti-bet1-x86_64-arm-none-eabi/bin/../lib/gcc/arm-none-eabi/12.2.0/thumb/v7e-m/nofp/crtbegin.o
                0x2000006c                        . = ALIGN (0x4)
                0x2000006c                        _edata = .

.tm_clone_table
                0x2000006c        0x0 load address 0x080028d8
 .tm_clone_table
                0x2000006c        0x0 /home/strayker/Pkgs/arm-gnu-toolchain/arm-gnu-toolchain-12.2.mpacbti-bet1-x86_64-arm-none-eabi/bin/../lib/gcc/arm-none-eabi/12.2.0/thumb/v7e-m/nofp/crtbegin.o
 .tm_clone_table
                0x2000006c        0x0 /home/strayker/Pkgs/arm-gnu-toolchain/arm-gnu-toolchain-12.2.mpacbti-bet1-x86_64-arm-none-eabi/bin/../lib/gcc/arm-none-eabi/12.2.0/thumb/v7e-m/nofp/crtend.o

.igot.plt       0x2000006c        0x0 load address 0x080028d8
 .igot.plt      0x2000006c        0x0 /home/strayker/Pkgs/arm-gnu-toolchain/arm-gnu-toolchain-12.2.mpacbti-bet1-x86_64-arm-none-eabi/bin/../lib/gcc/arm-none-eabi/12.2.0/thumb/v7e-m/nofp/crtbegin.o

.bss            0x2000006c      0x174 load address 0x080028d8
                0x2000006c                        . = ALIGN (0x4)
                0x2000006c                        _sbss = .
                0x2000006c                        __bss_start__ = _sbss
 *(.bss)
 .bss           0x2000006c        0x0 /home/strayker/Pkgs/arm-gnu-toolchain/arm-gnu-toolchain-12.2.mpacbti-bet1-x86_64-arm-none-eabi/bin/../lib/gcc/arm-none-eabi/12.2.0/thumb/v7e-m/nofp/crti.o
 .bss           0x2000006c        0x0 /home/strayker/Pkgs/arm-gnu-toolchain/arm-gnu-toolchain-12.2.mpacbti-bet1-x86_64-arm-none-eabi/bin/../lib/gcc/arm-none-eabi/12.2.0/thumb/v7e-m/nofp/crtbegin.o
 .bss           0x2000006c        0x0 /home/strayker/Pkgs/arm-gnu-toolchain/arm-gnu-toolchain-12.2.mpacbti-bet1-x86_64-arm-none-eabi/bin/../lib/gcc/arm-none-eabi/12.2.0/../../../../arm-none-eabi/lib/thumb/v7e-m/nofp/crt0.o
 .bss           0x2000006c        0x0 src/obj/main.o
 .bss           0x2000006c        0x8 src/obj/syscalls.o
                0x2000006c                __env
 .bss           0x20000074        0x0 src/obj/startup_STM32F401RE.o
 .bss           0x20000074        0x0 /home/strayker/Pkgs/arm-gnu-toolchain/arm-gnu-toolchain-12.2.mpacbti-bet1-x86_64-arm-none-eabi/bin/../lib/gcc/arm-none-eabi/12.2.0/../../../../arm-none-eabi/lib/thumb/v7e-m/nofp/libg_nano.a(libc_a-exit.o)
 .bss           0x20000074        0x0 /home/strayker/Pkgs/arm-gnu-toolchain/arm-gnu-toolchain-12.2.mpacbti-bet1-x86_64-arm-none-eabi/bin/../lib/gcc/arm-none-eabi/12.2.0/../../../../arm-none-eabi/lib/thumb/v7e-m/nofp/libg_nano.a(libc_a-init.o)
 .bss           0x20000074        0x0 /home/strayker/Pkgs/arm-gnu-toolchain/arm-gnu-toolchain-12.2.mpacbti-bet1-x86_64-arm-none-eabi/bin/../lib/gcc/arm-none-eabi/12.2.0/../../../../arm-none-eabi/lib/thumb/v7e-m/nofp/libg_nano.a(libc_a-printf.o)
 .bss           0x20000074        0x0 /home/strayker/Pkgs/arm-gnu-toolchain/arm-gnu-toolchain-12.2.mpacbti-bet1-x86_64-arm-none-eabi/bin/../lib/gcc/arm-none-eabi/12.2.0/../../../../arm-none-eabi/lib/thumb/v7e-m/nofp/libg_nano.a(libc_a-nano-vfprintf.o)
 .bss           0x20000074        0x0 /home/strayker/Pkgs/arm-gnu-toolchain/arm-gnu-toolchain-12.2.mpacbti-bet1-x86_64-arm-none-eabi/bin/../lib/gcc/arm-none-eabi/12.2.0/../../../../arm-none-eabi/lib/thumb/v7e-m/nofp/libg_nano.a(libc_a-wbuf.o)
 .bss           0x20000074        0x0 /home/strayker/Pkgs/arm-gnu-toolchain/arm-gnu-toolchain-12.2.mpacbti-bet1-x86_64-arm-none-eabi/bin/../lib/gcc/arm-none-eabi/12.2.0/../../../../arm-none-eabi/lib/thumb/v7e-m/nofp/libg_nano.a(libc_a-wsetup.o)
 .bss           0x20000074        0x0 /home/strayker/Pkgs/arm-gnu-toolchain/arm-gnu-toolchain-12.2.mpacbti-bet1-x86_64-arm-none-eabi/bin/../lib/gcc/arm-none-eabi/12.2.0/../../../../arm-none-eabi/lib/thumb/v7e-m/nofp/libg_nano.a(libc_a-nano-vfprintf_i.o)
 .bss           0x20000074        0x0 /home/strayker/Pkgs/arm-gnu-toolchain/arm-gnu-toolchain-12.2.mpacbti-bet1-x86_64-arm-none-eabi/bin/../lib/gcc/arm-none-eabi/12.2.0/../../../../arm-none-eabi/lib/thumb/v7e-m/nofp/libg_nano.a(libc_a-impure.o)
 .bss           0x20000074        0x0 /home/strayker/Pkgs/arm-gnu-toolchain/arm-gnu-toolchain-12.2.mpacbti-bet1-x86_64-arm-none-eabi/bin/../lib/gcc/arm-none-eabi/12.2.0/../../../../arm-none-eabi/lib/thumb/v7e-m/nofp/libg_nano.a(libc_a-fflush.o)
 .bss           0x20000074        0x0 /home/strayker/Pkgs/arm-gnu-toolchain/arm-gnu-toolchain-12.2.mpacbti-bet1-x86_64-arm-none-eabi/bin/../lib/gcc/arm-none-eabi/12.2.0/../../../../arm-none-eabi/lib/thumb/v7e-m/nofp/libg_nano.a(libc_a-memchr.o)
 .bss           0x20000074        0x0 /home/strayker/Pkgs/arm-gnu-toolchain/arm-gnu-toolchain-12.2.mpacbti-bet1-x86_64-arm-none-eabi/bin/../lib/gcc/arm-none-eabi/12.2.0/../../../../arm-none-eabi/lib/thumb/v7e-m/nofp/libg_nano.a(libc_a-findfp.o)
 .bss           0x20000074        0x0 /home/strayker/Pkgs/arm-gnu-toolchain/arm-gnu-toolchain-12.2.mpacbti-bet1-x86_64-arm-none-eabi/bin/../lib/gcc/arm-none-eabi/12.2.0/../../../../arm-none-eabi/lib/thumb/v7e-m/nofp/libg_nano.a(libc_a-stdio.o)
 .bss           0x20000074        0x0 /home/strayker/Pkgs/arm-gnu-toolchain/arm-gnu-toolchain-12.2.mpacbti-bet1-x86_64-arm-none-eabi/bin/../lib/gcc/arm-none-eabi/12.2.0/../../../../arm-none-eabi/lib/thumb/v7e-m/nofp/libg_nano.a(libc_a-writer.o)
 .bss           0x20000074        0x0 /home/strayker/Pkgs/arm-gnu-toolchain/arm-gnu-toolchain-12.2.mpacbti-bet1-x86_64-arm-none-eabi/bin/../lib/gcc/arm-none-eabi/12.2.0/../../../../arm-none-eabi/lib/thumb/v7e-m/nofp/libg_nano.a(libc_a-errno.o)
 .bss           0x20000074        0x0 /home/strayker/Pkgs/arm-gnu-toolchain/arm-gnu-toolchain-12.2.mpacbti-bet1-x86_64-arm-none-eabi/bin/../lib/gcc/arm-none-eabi/12.2.0/../../../../arm-none-eabi/lib/thumb/v7e-m/nofp/libg_nano.a(libc_a-fvwrite.o)
 .bss           0x20000074        0x0 /home/strayker/Pkgs/arm-gnu-toolchain/arm-gnu-toolchain-12.2.mpacbti-bet1-x86_64-arm-none-eabi/bin/../lib/gcc/arm-none-eabi/12.2.0/../../../../arm-none-eabi/lib/thumb/v7e-m/nofp/libg_nano.a(libc_a-fwalk.o)
 .bss           0x20000074        0x0 /home/strayker/Pkgs/arm-gnu-toolchain/arm-gnu-toolchain-12.2.mpacbti-bet1-x86_64-arm-none-eabi/bin/../lib/gcc/arm-none-eabi/12.2.0/../../../../arm-none-eabi/lib/thumb/v7e-m/nofp/libg_nano.a(libc_a-memmove.o)
 .bss           0x20000074        0x0 /home/strayker/Pkgs/arm-gnu-toolchain/arm-gnu-toolchain-12.2.mpacbti-bet1-x86_64-arm-none-eabi/bin/../lib/gcc/arm-none-eabi/12.2.0/../../../../arm-none-eabi/lib/thumb/v7e-m/nofp/libg_nano.a(libc_a-memset.o)
 .bss           0x20000074        0x0 /home/strayker/Pkgs/arm-gnu-toolchain/arm-gnu-toolchain-12.2.mpacbti-bet1-x86_64-arm-none-eabi/bin/../lib/gcc/arm-none-eabi/12.2.0/../../../../arm-none-eabi/lib/thumb/v7e-m/nofp/libg_nano.a(libc_a-reallocr.o)
 .bss           0x20000074        0x0 /home/strayker/Pkgs/arm-gnu-toolchain/arm-gnu-toolchain-12.2.mpacbti-bet1-x86_64-arm-none-eabi/bin/../lib/gcc/arm-none-eabi/12.2.0/../../../../arm-none-eabi/lib/thumb/v7e-m/nofp/libg_nano.a(libc_a-freer.o)
 .bss           0x20000074        0x0 /home/strayker/Pkgs/arm-gnu-toolchain/arm-gnu-toolchain-12.2.mpacbti-bet1-x86_64-arm-none-eabi/bin/../lib/gcc/arm-none-eabi/12.2.0/../../../../arm-none-eabi/lib/thumb/v7e-m/nofp/libg_nano.a(libc_a-lock.o)
 .bss           0x20000074        0x0 /home/strayker/Pkgs/arm-gnu-toolchain/arm-gnu-toolchain-12.2.mpacbti-bet1-x86_64-arm-none-eabi/bin/../lib/gcc/arm-none-eabi/12.2.0/../../../../arm-none-eabi/lib/thumb/v7e-m/nofp/libg_nano.a(libc_a-makebuf.o)
 .bss           0x20000074        0x0 /home/strayker/Pkgs/arm-gnu-toolchain/arm-gnu-toolchain-12.2.mpacbti-bet1-x86_64-arm-none-eabi/bin/../lib/gcc/arm-none-eabi/12.2.0/../../../../arm-none-eabi/lib/thumb/v7e-m/nofp/libg_nano.a(libc_a-closer.o)
 .bss           0x20000074        0x0 /home/strayker/Pkgs/arm-gnu-toolchain/arm-gnu-toolchain-12.2.mpacbti-bet1-x86_64-arm-none-eabi/bin/../lib/gcc/arm-none-eabi/12.2.0/../../../../arm-none-eabi/lib/thumb/v7e-m/nofp/libg_nano.a(libc_a-reent.o)
 .bss           0x20000074        0x0 /home/strayker/Pkgs/arm-gnu-toolchain/arm-gnu-toolchain-12.2.mpacbti-bet1-x86_64-arm-none-eabi/bin/../lib/gcc/arm-none-eabi/12.2.0/../../../../arm-none-eabi/lib/thumb/v7e-m/nofp/libg_nano.a(libc_a-memcpy-stub.o)
 .bss           0x20000074        0x0 /home/strayker/Pkgs/arm-gnu-toolchain/arm-gnu-toolchain-12.2.mpacbti-bet1-x86_64-arm-none-eabi/bin/../lib/gcc/arm-none-eabi/12.2.0/../../../../arm-none-eabi/lib/thumb/v7e-m/nofp/libg_nano.a(libc_a-mallocr.o)
 .bss           0x20000074        0x0 /home/strayker/Pkgs/arm-gnu-toolchain/arm-gnu-toolchain-12.2.mpacbti-bet1-x86_64-arm-none-eabi/bin/../lib/gcc/arm-none-eabi/12.2.0/../../../../arm-none-eabi/lib/thumb/v7e-m/nofp/libg_nano.a(libc_a-fstatr.o)
 .bss           0x20000074        0x0 /home/strayker/Pkgs/arm-gnu-toolchain/arm-gnu-toolchain-12.2.mpacbti-bet1-x86_64-arm-none-eabi/bin/../lib/gcc/arm-none-eabi/12.2.0/../../../../arm-none-eabi/lib/thumb/v7e-m/nofp/libg_nano.a(libc_a-isattyr.o)
 .bss           0x20000074        0x0 /home/strayker/Pkgs/arm-gnu-toolchain/arm-gnu-toolchain-12.2.mpacbti-bet1-x86_64-arm-none-eabi/bin/../lib/gcc/arm-none-eabi/12.2.0/../../../../arm-none-eabi/lib/thumb/v7e-m/nofp/libg_nano.a(libc_a-lseekr.o)
 .bss           0x20000074        0x0 /home/strayker/Pkgs/arm-gnu-toolchain/arm-gnu-toolchain-12.2.mpacbti-bet1-x86_64-arm-none-eabi/bin/../lib/gcc/arm-none-eabi/12.2.0/../../../../arm-none-eabi/lib/thumb/v7e-m/nofp/libg_nano.a(libc_a-readr.o)
 .bss           0x20000074        0x0 /home/strayker/Pkgs/arm-gnu-toolchain/arm-gnu-toolchain-12.2.mpacbti-bet1-x86_64-arm-none-eabi/bin/../lib/gcc/arm-none-eabi/12.2.0/../../../../arm-none-eabi/lib/thumb/v7e-m/nofp/libg_nano.a(libc_a-mlock.o)
 .bss           0x20000074        0x0 /home/strayker/Pkgs/arm-gnu-toolchain/arm-gnu-toolchain-12.2.mpacbti-bet1-x86_64-arm-none-eabi/bin/../lib/gcc/arm-none-eabi/12.2.0/../../../../arm-none-eabi/lib/thumb/v7e-m/nofp/libg_nano.a(libc_a-msizer.o)
 .bss           0x20000074        0x0 /home/strayker/Pkgs/arm-gnu-toolchain/arm-gnu-toolchain-12.2.mpacbti-bet1-x86_64-arm-none-eabi/bin/../lib/gcc/arm-none-eabi/12.2.0/../../../../arm-none-eabi/lib/thumb/v7e-m/nofp/libg_nano.a(libc_a-sbrkr.o)
 .bss           0x20000074        0x0 /home/strayker/Pkgs/arm-gnu-toolchain/arm-gnu-toolchain-12.2.mpacbti-bet1-x86_64-arm-none-eabi/bin/../lib/gcc/arm-none-eabi/12.2.0/thumb/v7e-m/nofp/crtend.o
 .bss           0x20000074        0x0 /home/strayker/Pkgs/arm-gnu-toolchain/arm-gnu-toolchain-12.2.mpacbti-bet1-x86_64-arm-none-eabi/bin/../lib/gcc/arm-none-eabi/12.2.0/thumb/v7e-m/nofp/crtn.o
 *(.bss.*)
 .bss.completed.1
                0x20000074        0x1 /home/strayker/Pkgs/arm-gnu-toolchain/arm-gnu-toolchain-12.2.mpacbti-bet1-x86_64-arm-none-eabi/bin/../lib/gcc/arm-none-eabi/12.2.0/thumb/v7e-m/nofp/crtbegin.o
 *fill*         0x20000075        0x3 
 .bss.object.0  0x20000078       0x18 /home/strayker/Pkgs/arm-gnu-toolchain/arm-gnu-toolchain-12.2.mpacbti-bet1-x86_64-arm-none-eabi/bin/../lib/gcc/arm-none-eabi/12.2.0/thumb/v7e-m/nofp/crtbegin.o
 .bss.__sf      0x20000090      0x138 /home/strayker/Pkgs/arm-gnu-toolchain/arm-gnu-toolchain-12.2.mpacbti-bet1-x86_64-arm-none-eabi/bin/../lib/gcc/arm-none-eabi/12.2.0/../../../../arm-none-eabi/lib/thumb/v7e-m/nofp/libg_nano.a(libc_a-findfp.o)
                0x20000090                __sf
 .bss.__stdio_exit_handler
                0x200001c8        0x4 /home/strayker/Pkgs/arm-gnu-toolchain/arm-gnu-toolchain-12.2.mpacbti-bet1-x86_64-arm-none-eabi/bin/../lib/gcc/arm-none-eabi/12.2.0/../../../../arm-none-eabi/lib/thumb/v7e-m/nofp/libg_nano.a(libc_a-findfp.o)
                0x200001c8                __stdio_exit_handler
 .bss.__lock___arc4random_mutex
                0x200001cc        0x1 /home/strayker/Pkgs/arm-gnu-toolchain/arm-gnu-toolchain-12.2.mpacbti-bet1-x86_64-arm-none-eabi/bin/../lib/gcc/arm-none-eabi/12.2.0/../../../../arm-none-eabi/lib/thumb/v7e-m/nofp/libg_nano.a(libc_a-lock.o)
                0x200001cc                __lock___arc4random_mutex
 .bss.__lock___dd_hash_mutex
                0x200001cd        0x1 /home/strayker/Pkgs/arm-gnu-toolchain/arm-gnu-toolchain-12.2.mpacbti-bet1-x86_64-arm-none-eabi/bin/../lib/gcc/arm-none-eabi/12.2.0/../../../../arm-none-eabi/lib/thumb/v7e-m/nofp/libg_nano.a(libc_a-lock.o)
                0x200001cd                __lock___dd_hash_mutex
 .bss.__lock___tz_mutex
                0x200001ce        0x1 /home/strayker/Pkgs/arm-gnu-toolchain/arm-gnu-toolchain-12.2.mpacbti-bet1-x86_64-arm-none-eabi/bin/../lib/gcc/arm-none-eabi/12.2.0/../../../../arm-none-eabi/lib/thumb/v7e-m/nofp/libg_nano.a(libc_a-lock.o)
                0x200001ce                __lock___tz_mutex
 .bss.__lock___env_recursive_mutex
                0x200001cf        0x1 /home/strayker/Pkgs/arm-gnu-toolchain/arm-gnu-toolchain-12.2.mpacbti-bet1-x86_64-arm-none-eabi/bin/../lib/gcc/arm-none-eabi/12.2.0/../../../../arm-none-eabi/lib/thumb/v7e-m/nofp/libg_nano.a(libc_a-lock.o)
                0x200001cf                __lock___env_recursive_mutex
 .bss.__lock___malloc_recursive_mutex
                0x200001d0        0x1 /home/strayker/Pkgs/arm-gnu-toolchain/arm-gnu-toolchain-12.2.mpacbti-bet1-x86_64-arm-none-eabi/bin/../lib/gcc/arm-none-eabi/12.2.0/../../../../arm-none-eabi/lib/thumb/v7e-m/nofp/libg_nano.a(libc_a-lock.o)
                0x200001d0                __lock___malloc_recursive_mutex
 .bss.__lock___at_quick_exit_mutex
                0x200001d1        0x1 /home/strayker/Pkgs/arm-gnu-toolchain/arm-gnu-toolchain-12.2.mpacbti-bet1-x86_64-arm-none-eabi/bin/../lib/gcc/arm-none-eabi/12.2.0/../../../../arm-none-eabi/lib/thumb/v7e-m/nofp/libg_nano.a(libc_a-lock.o)
                0x200001d1                __lock___at_quick_exit_mutex
 .bss.__lock___atexit_recursive_mutex
                0x200001d2        0x1 /home/strayker/Pkgs/arm-gnu-toolchain/arm-gnu-toolchain-12.2.mpacbti-bet1-x86_64-arm-none-eabi/bin/../lib/gcc/arm-none-eabi/12.2.0/../../../../arm-none-eabi/lib/thumb/v7e-m/nofp/libg_nano.a(libc_a-lock.o)
                0x200001d2                __lock___atexit_recursive_mutex
 .bss.__lock___sfp_recursive_mutex
                0x200001d3        0x1 /home/strayker/Pkgs/arm-gnu-toolchain/arm-gnu-toolchain-12.2.mpacbti-bet1-x86_64-arm-none-eabi/bin/../lib/gcc/arm-none-eabi/12.2.0/../../../../arm-none-eabi/lib/thumb/v7e-m/nofp/libg_nano.a(libc_a-lock.o)
                0x200001d3                __lock___sfp_recursive_mutex
 .bss.errno     0x200001d4        0x4 /home/strayker/Pkgs/arm-gnu-toolchain/arm-gnu-toolchain-12.2.mpacbti-bet1-x86_64-arm-none-eabi/bin/../lib/gcc/arm-none-eabi/12.2.0/../../../../arm-none-eabi/lib/thumb/v7e-m/nofp/libg_nano.a(libc_a-reent.o)
                0x200001d4                errno
 .bss.__malloc_sbrk_start
                0x200001d8        0x4 /home/strayker/Pkgs/arm-gnu-toolchain/arm-gnu-toolchain-12.2.mpacbti-bet1-x86_64-arm-none-eabi/bin/../lib/gcc/arm-none-eabi/12.2.0/../../../../arm-none-eabi/lib/thumb/v7e-m/nofp/libg_nano.a(libc_a-mallocr.o)
                0x200001d8                __malloc_sbrk_start
 .bss.__malloc_free_list
                0x200001dc        0x4 /home/strayker/Pkgs/arm-gnu-toolchain/arm-gnu-toolchain-12.2.mpacbti-bet1-x86_64-arm-none-eabi/bin/../lib/gcc/arm-none-eabi/12.2.0/../../../../arm-none-eabi/lib/thumb/v7e-m/nofp/libg_nano.a(libc_a-mallocr.o)
                0x200001dc                __malloc_free_list
                0x200001e0                        . = ALIGN (0x4)
                0x200001e0                        _ebss = .
                0x200001e0                        __bss_end__ = _ebss
                0x200001e0                        . = ALIGN (0x4)
                0x200001e0                        end = __bss_end__
OUTPUT(debug/main.elf elf32-littlearm)
LOAD linker stubs

.comment        0x00000000       0x4c
 .comment       0x00000000       0x4c /home/strayker/Pkgs/arm-gnu-toolchain/arm-gnu-toolchain-12.2.mpacbti-bet1-x86_64-arm-none-eabi/bin/../lib/gcc/arm-none-eabi/12.2.0/thumb/v7e-m/nofp/crtbegin.o
                                 0x4d (size before relaxing)
 .comment       0x0000004c       0x4d src/obj/main.o
 .comment       0x0000004c       0x4d src/obj/syscalls.o
 .comment       0x0000004c       0x4d src/obj/startup_STM32F401RE.o
 .comment       0x0000004c       0x4d /home/strayker/Pkgs/arm-gnu-toolchain/arm-gnu-toolchain-12.2.mpacbti-bet1-x86_64-arm-none-eabi/bin/../lib/gcc/arm-none-eabi/12.2.0/../../../../arm-none-eabi/lib/thumb/v7e-m/nofp/libg_nano.a(libc_a-exit.o)
 .comment       0x0000004c       0x4d /home/strayker/Pkgs/arm-gnu-toolchain/arm-gnu-toolchain-12.2.mpacbti-bet1-x86_64-arm-none-eabi/bin/../lib/gcc/arm-none-eabi/12.2.0/../../../../arm-none-eabi/lib/thumb/v7e-m/nofp/libg_nano.a(libc_a-init.o)
 .comment       0x0000004c       0x4d /home/strayker/Pkgs/arm-gnu-toolchain/arm-gnu-toolchain-12.2.mpacbti-bet1-x86_64-arm-none-eabi/bin/../lib/gcc/arm-none-eabi/12.2.0/../../../../arm-none-eabi/lib/thumb/v7e-m/nofp/libg_nano.a(libc_a-printf.o)
 .comment       0x0000004c       0x4d /home/strayker/Pkgs/arm-gnu-toolchain/arm-gnu-toolchain-12.2.mpacbti-bet1-x86_64-arm-none-eabi/bin/../lib/gcc/arm-none-eabi/12.2.0/../../../../arm-none-eabi/lib/thumb/v7e-m/nofp/libg_nano.a(libc_a-nano-vfprintf.o)
 .comment       0x0000004c       0x4d /home/strayker/Pkgs/arm-gnu-toolchain/arm-gnu-toolchain-12.2.mpacbti-bet1-x86_64-arm-none-eabi/bin/../lib/gcc/arm-none-eabi/12.2.0/../../../../arm-none-eabi/lib/thumb/v7e-m/nofp/libg_nano.a(libc_a-wbuf.o)
 .comment       0x0000004c       0x4d /home/strayker/Pkgs/arm-gnu-toolchain/arm-gnu-toolchain-12.2.mpacbti-bet1-x86_64-arm-none-eabi/bin/../lib/gcc/arm-none-eabi/12.2.0/../../../../arm-none-eabi/lib/thumb/v7e-m/nofp/libg_nano.a(libc_a-wsetup.o)
 .comment       0x0000004c       0x4d /home/strayker/Pkgs/arm-gnu-toolchain/arm-gnu-toolchain-12.2.mpacbti-bet1-x86_64-arm-none-eabi/bin/../lib/gcc/arm-none-eabi/12.2.0/../../../../arm-none-eabi/lib/thumb/v7e-m/nofp/libg_nano.a(libc_a-nano-vfprintf_i.o)
 .comment       0x0000004c       0x4d /home/strayker/Pkgs/arm-gnu-toolchain/arm-gnu-toolchain-12.2.mpacbti-bet1-x86_64-arm-none-eabi/bin/../lib/gcc/arm-none-eabi/12.2.0/../../../../arm-none-eabi/lib/thumb/v7e-m/nofp/libg_nano.a(libc_a-impure.o)
 .comment       0x0000004c       0x4d /home/strayker/Pkgs/arm-gnu-toolchain/arm-gnu-toolchain-12.2.mpacbti-bet1-x86_64-arm-none-eabi/bin/../lib/gcc/arm-none-eabi/12.2.0/../../../../arm-none-eabi/lib/thumb/v7e-m/nofp/libg_nano.a(libc_a-fflush.o)
 .comment       0x0000004c       0x4d /home/strayker/Pkgs/arm-gnu-toolchain/arm-gnu-toolchain-12.2.mpacbti-bet1-x86_64-arm-none-eabi/bin/../lib/gcc/arm-none-eabi/12.2.0/../../../../arm-none-eabi/lib/thumb/v7e-m/nofp/libg_nano.a(libc_a-findfp.o)
 .comment       0x0000004c       0x4d /home/strayker/Pkgs/arm-gnu-toolchain/arm-gnu-toolchain-12.2.mpacbti-bet1-x86_64-arm-none-eabi/bin/../lib/gcc/arm-none-eabi/12.2.0/../../../../arm-none-eabi/lib/thumb/v7e-m/nofp/libg_nano.a(libc_a-stdio.o)
 .comment       0x0000004c       0x4d /home/strayker/Pkgs/arm-gnu-toolchain/arm-gnu-toolchain-12.2.mpacbti-bet1-x86_64-arm-none-eabi/bin/../lib/gcc/arm-none-eabi/12.2.0/../../../../arm-none-eabi/lib/thumb/v7e-m/nofp/libg_nano.a(libc_a-writer.o)
 .comment       0x0000004c       0x4d /home/strayker/Pkgs/arm-gnu-toolchain/arm-gnu-toolchain-12.2.mpacbti-bet1-x86_64-arm-none-eabi/bin/../lib/gcc/arm-none-eabi/12.2.0/../../../../arm-none-eabi/lib/thumb/v7e-m/nofp/libg_nano.a(libc_a-errno.o)
 .comment       0x0000004c       0x4d /home/strayker/Pkgs/arm-gnu-toolchain/arm-gnu-toolchain-12.2.mpacbti-bet1-x86_64-arm-none-eabi/bin/../lib/gcc/arm-none-eabi/12.2.0/../../../../arm-none-eabi/lib/thumb/v7e-m/nofp/libg_nano.a(libc_a-fvwrite.o)
 .comment       0x0000004c       0x4d /home/strayker/Pkgs/arm-gnu-toolchain/arm-gnu-toolchain-12.2.mpacbti-bet1-x86_64-arm-none-eabi/bin/../lib/gcc/arm-none-eabi/12.2.0/../../../../arm-none-eabi/lib/thumb/v7e-m/nofp/libg_nano.a(libc_a-fwalk.o)
 .comment       0x0000004c       0x4d /home/strayker/Pkgs/arm-gnu-toolchain/arm-gnu-toolchain-12.2.mpacbti-bet1-x86_64-arm-none-eabi/bin/../lib/gcc/arm-none-eabi/12.2.0/../../../../arm-none-eabi/lib/thumb/v7e-m/nofp/libg_nano.a(libc_a-memmove.o)
 .comment       0x0000004c       0x4d /home/strayker/Pkgs/arm-gnu-toolchain/arm-gnu-toolchain-12.2.mpacbti-bet1-x86_64-arm-none-eabi/bin/../lib/gcc/arm-none-eabi/12.2.0/../../../../arm-none-eabi/lib/thumb/v7e-m/nofp/libg_nano.a(libc_a-memset.o)
 .comment       0x0000004c       0x4d /home/strayker/Pkgs/arm-gnu-toolchain/arm-gnu-toolchain-12.2.mpacbti-bet1-x86_64-arm-none-eabi/bin/../lib/gcc/arm-none-eabi/12.2.0/../../../../arm-none-eabi/lib/thumb/v7e-m/nofp/libg_nano.a(libc_a-reallocr.o)
 .comment       0x0000004c       0x4d /home/strayker/Pkgs/arm-gnu-toolchain/arm-gnu-toolchain-12.2.mpacbti-bet1-x86_64-arm-none-eabi/bin/../lib/gcc/arm-none-eabi/12.2.0/../../../../arm-none-eabi/lib/thumb/v7e-m/nofp/libg_nano.a(libc_a-freer.o)
 .comment       0x0000004c       0x4d /home/strayker/Pkgs/arm-gnu-toolchain/arm-gnu-toolchain-12.2.mpacbti-bet1-x86_64-arm-none-eabi/bin/../lib/gcc/arm-none-eabi/12.2.0/../../../../arm-none-eabi/lib/thumb/v7e-m/nofp/libg_nano.a(libc_a-lock.o)
 .comment       0x0000004c       0x4d /home/strayker/Pkgs/arm-gnu-toolchain/arm-gnu-toolchain-12.2.mpacbti-bet1-x86_64-arm-none-eabi/bin/../lib/gcc/arm-none-eabi/12.2.0/../../../../arm-none-eabi/lib/thumb/v7e-m/nofp/libg_nano.a(libc_a-makebuf.o)
 .comment       0x0000004c       0x4d /home/strayker/Pkgs/arm-gnu-toolchain/arm-gnu-toolchain-12.2.mpacbti-bet1-x86_64-arm-none-eabi/bin/../lib/gcc/arm-none-eabi/12.2.0/../../../../arm-none-eabi/lib/thumb/v7e-m/nofp/libg_nano.a(libc_a-closer.o)
 .comment       0x0000004c       0x4d /home/strayker/Pkgs/arm-gnu-toolchain/arm-gnu-toolchain-12.2.mpacbti-bet1-x86_64-arm-none-eabi/bin/../lib/gcc/arm-none-eabi/12.2.0/../../../../arm-none-eabi/lib/thumb/v7e-m/nofp/libg_nano.a(libc_a-reent.o)
 .comment       0x0000004c       0x4d /home/strayker/Pkgs/arm-gnu-toolchain/arm-gnu-toolchain-12.2.mpacbti-bet1-x86_64-arm-none-eabi/bin/../lib/gcc/arm-none-eabi/12.2.0/../../../../arm-none-eabi/lib/thumb/v7e-m/nofp/libg_nano.a(libc_a-memcpy-stub.o)
 .comment       0x0000004c       0x4d /home/strayker/Pkgs/arm-gnu-toolchain/arm-gnu-toolchain-12.2.mpacbti-bet1-x86_64-arm-none-eabi/bin/../lib/gcc/arm-none-eabi/12.2.0/../../../../arm-none-eabi/lib/thumb/v7e-m/nofp/libg_nano.a(libc_a-mallocr.o)
 .comment       0x0000004c       0x4d /home/strayker/Pkgs/arm-gnu-toolchain/arm-gnu-toolchain-12.2.mpacbti-bet1-x86_64-arm-none-eabi/bin/../lib/gcc/arm-none-eabi/12.2.0/../../../../arm-none-eabi/lib/thumb/v7e-m/nofp/libg_nano.a(libc_a-fstatr.o)
 .comment       0x0000004c       0x4d /home/strayker/Pkgs/arm-gnu-toolchain/arm-gnu-toolchain-12.2.mpacbti-bet1-x86_64-arm-none-eabi/bin/../lib/gcc/arm-none-eabi/12.2.0/../../../../arm-none-eabi/lib/thumb/v7e-m/nofp/libg_nano.a(libc_a-isattyr.o)
 .comment       0x0000004c       0x4d /home/strayker/Pkgs/arm-gnu-toolchain/arm-gnu-toolchain-12.2.mpacbti-bet1-x86_64-arm-none-eabi/bin/../lib/gcc/arm-none-eabi/12.2.0/../../../../arm-none-eabi/lib/thumb/v7e-m/nofp/libg_nano.a(libc_a-lseekr.o)
 .comment       0x0000004c       0x4d /home/strayker/Pkgs/arm-gnu-toolchain/arm-gnu-toolchain-12.2.mpacbti-bet1-x86_64-arm-none-eabi/bin/../lib/gcc/arm-none-eabi/12.2.0/../../../../arm-none-eabi/lib/thumb/v7e-m/nofp/libg_nano.a(libc_a-readr.o)
 .comment       0x0000004c       0x4d /home/strayker/Pkgs/arm-gnu-toolchain/arm-gnu-toolchain-12.2.mpacbti-bet1-x86_64-arm-none-eabi/bin/../lib/gcc/arm-none-eabi/12.2.0/../../../../arm-none-eabi/lib/thumb/v7e-m/nofp/libg_nano.a(libc_a-mlock.o)
 .comment       0x0000004c       0x4d /home/strayker/Pkgs/arm-gnu-toolchain/arm-gnu-toolchain-12.2.mpacbti-bet1-x86_64-arm-none-eabi/bin/../lib/gcc/arm-none-eabi/12.2.0/../../../../arm-none-eabi/lib/thumb/v7e-m/nofp/libg_nano.a(libc_a-msizer.o)
 .comment       0x0000004c       0x4d /home/strayker/Pkgs/arm-gnu-toolchain/arm-gnu-toolchain-12.2.mpacbti-bet1-x86_64-arm-none-eabi/bin/../lib/gcc/arm-none-eabi/12.2.0/../../../../arm-none-eabi/lib/thumb/v7e-m/nofp/libg_nano.a(libc_a-sbrkr.o)
 .comment       0x0000004c       0x4d /home/strayker/Pkgs/arm-gnu-toolchain/arm-gnu-toolchain-12.2.mpacbti-bet1-x86_64-arm-none-eabi/bin/../lib/gcc/arm-none-eabi/12.2.0/thumb/v7e-m/nofp/crtend.o

.debug_line     0x00000000     0x6a53
 .debug_line    0x00000000       0x76 /home/strayker/Pkgs/arm-gnu-toolchain/arm-gnu-toolchain-12.2.mpacbti-bet1-x86_64-arm-none-eabi/bin/../lib/gcc/arm-none-eabi/12.2.0/../../../../arm-none-eabi/lib/thumb/v7e-m/nofp/crt0.o
 .debug_line    0x00000076      0x528 src/obj/main.o
 .debug_line    0x0000059e      0x3b2 src/obj/syscalls.o
 .debug_line    0x00000950      0x1a8 src/obj/startup_STM32F401RE.o
 .debug_line    0x00000af8      0x19a /home/strayker/Pkgs/arm-gnu-toolchain/arm-gnu-toolchain-12.2.mpacbti-bet1-x86_64-arm-none-eabi/bin/../lib/gcc/arm-none-eabi/12.2.0/../../../../arm-none-eabi/lib/thumb/v7e-m/nofp/libg_nano.a(libc_a-exit.o)
 .debug_line    0x00000c92      0x188 /home/strayker/Pkgs/arm-gnu-toolchain/arm-gnu-toolchain-12.2.mpacbti-bet1-x86_64-arm-none-eabi/bin/../lib/gcc/arm-none-eabi/12.2.0/../../../../arm-none-eabi/lib/thumb/v7e-m/nofp/libg_nano.a(libc_a-init.o)
 .debug_line    0x00000e1a      0x26b /home/strayker/Pkgs/arm-gnu-toolchain/arm-gnu-toolchain-12.2.mpacbti-bet1-x86_64-arm-none-eabi/bin/../lib/gcc/arm-none-eabi/12.2.0/../../../../arm-none-eabi/lib/thumb/v7e-m/nofp/libg_nano.a(libc_a-printf.o)
 .debug_line    0x00001085      0x700 /home/strayker/Pkgs/arm-gnu-toolchain/arm-gnu-toolchain-12.2.mpacbti-bet1-x86_64-arm-none-eabi/bin/../lib/gcc/arm-none-eabi/12.2.0/../../../../arm-none-eabi/lib/thumb/v7e-m/nofp/libg_nano.a(libc_a-nano-vfprintf.o)
 .debug_line    0x00001785      0x2e6 /home/strayker/Pkgs/arm-gnu-toolchain/arm-gnu-toolchain-12.2.mpacbti-bet1-x86_64-arm-none-eabi/bin/../lib/gcc/arm-none-eabi/12.2.0/../../../../arm-none-eabi/lib/thumb/v7e-m/nofp/libg_nano.a(libc_a-wbuf.o)
 .debug_line    0x00001a6b      0x316 /home/strayker/Pkgs/arm-gnu-toolchain/arm-gnu-toolchain-12.2.mpacbti-bet1-x86_64-arm-none-eabi/bin/../lib/gcc/arm-none-eabi/12.2.0/../../../../arm-none-eabi/lib/thumb/v7e-m/nofp/libg_nano.a(libc_a-wsetup.o)
 .debug_line    0x00001d81      0x780 /home/strayker/Pkgs/arm-gnu-toolchain/arm-gnu-toolchain-12.2.mpacbti-bet1-x86_64-arm-none-eabi/bin/../lib/gcc/arm-none-eabi/12.2.0/../../../../arm-none-eabi/lib/thumb/v7e-m/nofp/libg_nano.a(libc_a-nano-vfprintf_i.o)
 .debug_line    0x00002501      0x16c /home/strayker/Pkgs/arm-gnu-toolchain/arm-gnu-toolchain-12.2.mpacbti-bet1-x86_64-arm-none-eabi/bin/../lib/gcc/arm-none-eabi/12.2.0/../../../../arm-none-eabi/lib/thumb/v7e-m/nofp/libg_nano.a(libc_a-impure.o)
 .debug_line    0x0000266d      0x4a6 /home/strayker/Pkgs/arm-gnu-toolchain/arm-gnu-toolchain-12.2.mpacbti-bet1-x86_64-arm-none-eabi/bin/../lib/gcc/arm-none-eabi/12.2.0/../../../../arm-none-eabi/lib/thumb/v7e-m/nofp/libg_nano.a(libc_a-fflush.o)
 .debug_line    0x00002b13       0x81 /home/strayker/Pkgs/arm-gnu-toolchain/arm-gnu-toolchain-12.2.mpacbti-bet1-x86_64-arm-none-eabi/bin/../lib/gcc/arm-none-eabi/12.2.0/../../../../arm-none-eabi/lib/thumb/v7e-m/nofp/libg_nano.a(libc_a-memchr.o)
 .debug_line    0x00002b94      0x589 /home/strayker/Pkgs/arm-gnu-toolchain/arm-gnu-toolchain-12.2.mpacbti-bet1-x86_64-arm-none-eabi/bin/../lib/gcc/arm-none-eabi/12.2.0/../../../../arm-none-eabi/lib/thumb/v7e-m/nofp/libg_nano.a(libc_a-findfp.o)
 .debug_line    0x0000311d      0x2fb /home/strayker/Pkgs/arm-gnu-toolchain/arm-gnu-toolchain-12.2.mpacbti-bet1-x86_64-arm-none-eabi/bin/../lib/gcc/arm-none-eabi/12.2.0/../../../../arm-none-eabi/lib/thumb/v7e-m/nofp/libg_nano.a(libc_a-stdio.o)
 .debug_line    0x00003418      0x22c /home/strayker/Pkgs/arm-gnu-toolchain/arm-gnu-toolchain-12.2.mpacbti-bet1-x86_64-arm-none-eabi/bin/../lib/gcc/arm-none-eabi/12.2.0/../../../../arm-none-eabi/lib/thumb/v7e-m/nofp/libg_nano.a(libc_a-writer.o)
 .debug_line    0x00003644      0x18e /home/strayker/Pkgs/arm-gnu-toolchain/arm-gnu-toolchain-12.2.mpacbti-bet1-x86_64-arm-none-eabi/bin/../lib/gcc/arm-none-eabi/12.2.0/../../../../arm-none-eabi/lib/thumb/v7e-m/nofp/libg_nano.a(libc_a-errno.o)
 .debug_line    0x000037d2      0x61b /home/strayker/Pkgs/arm-gnu-toolchain/arm-gnu-toolchain-12.2.mpacbti-bet1-x86_64-arm-none-eabi/bin/../lib/gcc/arm-none-eabi/12.2.0/../../../../arm-none-eabi/lib/thumb/v7e-m/nofp/libg_nano.a(libc_a-fvwrite.o)
 .debug_line    0x00003ded      0x24b /home/strayker/Pkgs/arm-gnu-toolchain/arm-gnu-toolchain-12.2.mpacbti-bet1-x86_64-arm-none-eabi/bin/../lib/gcc/arm-none-eabi/12.2.0/../../../../arm-none-eabi/lib/thumb/v7e-m/nofp/libg_nano.a(libc_a-fwalk.o)
 .debug_line    0x00004038      0x1c5 /home/strayker/Pkgs/arm-gnu-toolchain/arm-gnu-toolchain-12.2.mpacbti-bet1-x86_64-arm-none-eabi/bin/../lib/gcc/arm-none-eabi/12.2.0/../../../../arm-none-eabi/lib/thumb/v7e-m/nofp/libg_nano.a(libc_a-memmove.o)