Archive member included to satisfy reference by file (symbol)

/home/strayker/Pkgs/arm-gnu-toolchain/arm-gnu-toolchain-12.2.mpacbti-bet1-x86_64-arm-none-eabi/bin/../lib/gcc/arm-none-eabi/12.2.0/../../../../arm-none-eabi/lib/thumb/v7e-m/nofp/libg_nano.a(libc_a-exit.o)
                              /home/strayker/Pkgs/arm-gnu-toolchain/arm-gnu-toolchain-12.2.mpacbti-bet1-x86_64-arm-none-eabi/bin/../lib/gcc/arm-none-eabi/12.2.0/../../../../arm-none-eabi/lib/thumb/v7e-m/nofp/crt0.o (exit)
/home/strayker/Pkgs/arm-gnu-toolchain/arm-gnu-toolchain-12.2.mpacbti-bet1-x86_64-arm-none-eabi/bin/../lib/gcc/arm-none-eabi/12.2.0/../../../../arm-none-eabi/lib/thumb/v7e-m/nofp/libg_nano.a(libc_a-init.o)
                              /home/strayker/Pkgs/arm-gnu-toolchain/arm-gnu-toolchain-12.2.mpacbti-bet1-x86_64-arm-none-eabi/bin/../lib/gcc/arm-none-eabi/12.2.0/../../../../arm-none-eabi/lib/thumb/v7e-m/nofp/crt0.o (__libc_init_array)
/home/strayker/Pkgs/arm-gnu-toolchain/arm-gnu-toolchain-12.2.mpacbti-bet1-x86_64-arm-none-eabi/bin/../lib/gcc/arm-none-eabi/12.2.0/../../../../arm-none-eabi/lib/thumb/v7e-m/nofp/libg_nano.a(libc_a-strcmp.o)
                              src/obj/i2c.o (strcmp)
/home/strayker/Pkgs/arm-gnu-toolchain/arm-gnu-toolchain-12.2.mpacbti-bet1-x86_64-arm-none-eabi/bin/../lib/gcc/arm-none-eabi/12.2.0/../../../../arm-none-eabi/lib/thumb/v7e-m/nofp/libg_nano.a(libc_a-printf.o)
                              src/obj/i2c.o (printf)
/home/strayker/Pkgs/arm-gnu-toolchain/arm-gnu-toolchain-12.2.mpacbti-bet1-x86_64-arm-none-eabi/bin/../lib/gcc/arm-none-eabi/12.2.0/../../../../arm-none-eabi/lib/thumb/v7e-m/nofp/libg_nano.a(libc_a-nano-vfprintf.o)
                              /home/strayker/Pkgs/arm-gnu-toolchain/arm-gnu-toolchain-12.2.mpacbti-bet1-x86_64-arm-none-eabi/bin/../lib/gcc/arm-none-eabi/12.2.0/../../../../arm-none-eabi/lib/thumb/v7e-m/nofp/libg_nano.a(libc_a-printf.o) (_vfprintf_r)
/home/strayker/Pkgs/arm-gnu-toolchain/arm-gnu-toolchain-12.2.mpacbti-bet1-x86_64-arm-none-eabi/bin/../lib/gcc/arm-none-eabi/12.2.0/../../../../arm-none-eabi/lib/thumb/v7e-m/nofp/libg_nano.a(libc_a-wbuf.o)
                              /home/strayker/Pkgs/arm-gnu-toolchain/arm-gnu-toolchain-12.2.mpacbti-bet1-x86_64-arm-none-eabi/bin/../lib/gcc/arm-none-eabi/12.2.0/../../../../arm-none-eabi/lib/thumb/v7e-m/nofp/libg_nano.a(libc_a-nano-vfprintf.o) (__swbuf_r)
/home/strayker/Pkgs/arm-gnu-toolchain/arm-gnu-toolchain-12.2.mpacbti-bet1-x86_64-arm-none-eabi/bin/../lib/gcc/arm-none-eabi/12.2.0/../../../../arm-none-eabi/lib/thumb/v7e-m/nofp/libg_nano.a(libc_a-wsetup.o)
                              /home/strayker/Pkgs/arm-gnu-toolchain/arm-gnu-toolchain-12.2.mpacbti-bet1-x86_64-arm-none-eabi/bin/../lib/gcc/arm-none-eabi/12.2.0/../../../../arm-none-eabi/lib/thumb/v7e-m/nofp/libg_nano.a(libc_a-nano-vfprintf.o) (__swsetup_r)
/home/strayker/Pkgs/arm-gnu-toolchain/arm-gnu-toolchain-12.2.mpacbti-bet1-x86_64-arm-none-eabi/bin/../lib/gcc/arm-none-eabi/12.2.0/../../../../arm-none-eabi/lib/thumb/v7e-m/nofp/libg_nano.a(libc_a-nano-vfprintf_i.o)
                              /home/strayker/Pkgs/arm-gnu-toolchain/arm-gnu-toolchain-12.2.mpacbti-bet1-x86_64-arm-none-eabi/bin/../lib/gcc/arm-none-eabi/12.2.0/../../../../arm-none-eabi/lib/thumb/v7e-m/nofp/libg_nano.a(libc_a-nano-vfprintf.o) (_printf_i)
/home/strayker/Pkgs/arm-gnu-toolchain/arm-gnu-toolchain-12.2.mpacbti-bet1-x86_64-arm-none-eabi/bin/../lib/gcc/arm-none-eabi/12.2.0/../../../../arm-none-eabi/lib/thumb/v7e-m/nofp/libg_nano.a(libc_a-puts.o)
                              src/obj/i2c.o (puts)
/home/strayker/Pkgs/arm-gnu-toolchain/arm-gnu-toolchain-12.2.mpacbti-bet1-x86_64-arm-none-eabi/bin/../lib/gcc/arm-none-eabi/12.2.0/../../../../arm-none-eabi/lib/thumb/v7e-m/nofp/libg_nano.a(libc_a-impure.o)
                              /home/strayker/Pkgs/arm-gnu-toolchain/arm-gnu-toolchain-12.2.mpacbti-bet1-x86_64-arm-none-eabi/bin/../lib/gcc/arm-none-eabi/12.2.0/../../../../arm-none-eabi/lib/thumb/v7e-m/nofp/libg_nano.a(libc_a-printf.o) (_impure_ptr)
/home/strayker/Pkgs/arm-gnu-toolchain/arm-gnu-toolchain-12.2.mpacbti-bet1-x86_64-arm-none-eabi/bin/../lib/gcc/arm-none-eabi/12.2.0/../../../../arm-none-eabi/lib/thumb/v7e-m/nofp/libg_nano.a(libc_a-fflush.o)
                              /home/strayker/Pkgs/arm-gnu-toolchain/arm-gnu-toolchain-12.2.mpacbti-bet1-x86_64-arm-none-eabi/bin/../lib/gcc/arm-none-eabi/12.2.0/../../../../arm-none-eabi/lib/thumb/v7e-m/nofp/libg_nano.a(libc_a-wbuf.o) (_fflush_r)
/home/strayker/Pkgs/arm-gnu-toolchain/arm-gnu-toolchain-12.2.mpacbti-bet1-x86_64-arm-none-eabi/bin/../lib/gcc/arm-none-eabi/12.2.0/../../../../arm-none-eabi/lib/thumb/v7e-m/nofp/libg_nano.a(libc_a-memchr.o)
                              /home/strayker/Pkgs/arm-gnu-toolchain/arm-gnu-toolchain-12.2.mpacbti-bet1-x86_64-arm-none-eabi/bin/../lib/gcc/arm-none-eabi/12.2.0/../../../../arm-none-eabi/lib/thumb/v7e-m/nofp/libg_nano.a(libc_a-nano-vfprintf.o) (memchr)
[...]
Memory Configuration

Name             Origin             Length             Attributes
SRAM             0x20000000         0x00018000         xrw
FLASH            0x08000000         0x00080000         xr
*default*        0x00000000         0xffffffff

Linker script and memory map

LOAD /home/strayker/Pkgs/arm-gnu-toolchain/arm-gnu-toolchain-12.2.mpacbti-bet1-x86_64-arm-none-eabi/bin/../lib/gcc/arm-none-eabi/12.2.0/thumb/v7e-m/nofp/crti.o
LOAD /home/strayker/Pkgs/arm-gnu-toolchain/arm-gnu-toolchain-12.2.mpacbti-bet1-x86_64-arm-none-eabi/bin/../lib/gcc/arm-none-eabi/12.2.0/thumb/v7e-m/nofp/crtbegin.o
LOAD /home/strayker/Pkgs/arm-gnu-toolchain/arm-gnu-toolchain-12.2.mpacbti-bet1-x86_64-arm-none-eabi/bin/../lib/gcc/arm-none-eabi/12.2.0/../../../../arm-none-eabi/lib/thumb/v7e-m/nofp/crt0.o
LOAD src/obj/i2c.o
LOAD src/obj/main.o
LOAD src/obj/syscalls.o
LOAD src/obj/startup_STM32F401RE.o
START GROUP
LOAD /home/strayker/Pkgs/arm-gnu-toolchain/arm-gnu-toolchain-12.2.mpacbti-bet1-x86_64-arm-none-eabi/bin/../lib/gcc/arm-none-eabi/12.2.0/thumb/v7e-m/nofp/libgcc.a
LOAD /home/strayker/Pkgs/arm-gnu-toolchain/arm-gnu-toolchain-12.2.mpacbti-bet1-x86_64-arm-none-eabi/bin/../lib/gcc/arm-none-eabi/12.2.0/../../../../arm-none-eabi/lib/thumb/v7e-m/nofp/libg_nano.a
LOAD /home/strayker/Pkgs/arm-gnu-toolchain/arm-gnu-toolchain-12.2.mpacbti-bet1-x86_64-arm-none-eabi/bin/../lib/gcc/arm-none-eabi/12.2.0/../../../../arm-none-eabi/lib/thumb/v7e-m/nofp/libc_nano.a
END GROUP
START GROUP
LOAD /home/strayker/Pkgs/arm-gnu-toolchain/arm-gnu-toolchain-12.2.mpacbti-bet1-x86_64-arm-none-eabi/bin/../lib/gcc/arm-none-eabi/12.2.0/thumb/v7e-m/nofp/libgcc.a
LOAD /home/strayker/Pkgs/arm-gnu-toolchain/arm-gnu-toolchain-12.2.mpacbti-bet1-x86_64-arm-none-eabi/bin/../lib/gcc/arm-none-eabi/12.2.0/../../../../arm-none-eabi/lib/thumb/v7e-m/nofp/libc_nano.a
END GROUP
LOAD /home/strayker/Pkgs/arm-gnu-toolchain/arm-gnu-toolchain-12.2.mpacbti-bet1-x86_64-arm-none-eabi/bin/../lib/gcc/arm-none-eabi/12.2.0/thumb/v7e-m/nofp/crtend.o
LOAD /home/strayker/Pkgs/arm-gnu-toolchain/arm-gnu-toolchain-12.2.mpacbti-bet1-x86_64-arm-none-eabi/bin/../lib/gcc/arm-none-eabi/12.2.0/thumb/v7e-m/nofp/crtn.o
                0x20018000                        _estack = (ORIGIN (SRAM) + LENGTH (SRAM))

.isr_vector     0x08000000      0x194
                0x08000000                        . = ALIGN (0x4)
 *(.isr_vector)
 .isr_vector    0x08000000      0x194 src/obj/startup_STM32F401RE.o
                0x08000000                fpn_vector
                0x08000194                        . = ALIGN (0x4)

.text           0x080001a0     0x392c
                0x080001a0                        . = ALIGN (0x4)
 *(.text)
 .text          0x080001a0        0x0 /home/strayker/Pkgs/arm-gnu-toolchain/arm-gnu-toolchain-12.2.mpacbti-bet1-x86_64-arm-none-eabi/bin/../lib/gcc/arm-none-eabi/12.2.0/thumb/v7e-m/nofp/crti.o
 .text          0x080001a0        0x0 /home/strayker/Pkgs/arm-gnu-toolchain/arm-gnu-toolchain-12.2.mpacbti-bet1-x86_64-arm-none-eabi/bin/../lib/gcc/arm-none-eabi/12.2.0/thumb/v7e-m/nofp/crtbegin.o
 .text          0x080001a0       0x7c /home/strayker/Pkgs/arm-gnu-toolchain/arm-gnu-toolchain-12.2.mpacbti-bet1-x86_64-arm-none-eabi/bin/../lib/gcc/arm-none-eabi/12.2.0/../../../../arm-none-eabi/lib/thumb/v7e-m/nofp/crt0.o
                0x080001a0                _stack_init
                0x080001a8                _mainCRTStartup
                0x080001a8                _start
 .text          0x0800021c      0x600 src/obj/i2c.o
                0x0800021c                I2C1_init
                0x0800037c                I2C1_byte_write
                0x08000440                I2C1_byte_read
                0x0800055c                configure_i2c_pullup
                0x08000640                checkINT_init
                0x08000674                checkINT
                0x080006d8                determineTimebase
 .text          0x0800081c       0xca src/obj/main.o
                0x0800081c                wait_ms
                0x08000858                main
 *fill*         0x080008e6        0x2 
 .text          0x080008e8      0x404 src/obj/syscalls.o
                0x080008e8                UART_GPIO_init
                0x0800098c                UART_CONFIG_init
                0x08000a34                UART_write
                0x08000a64                UART_read
                0x08000a8c                initialise_monitor_handles
                0x08000a9c                _getpid
                0x08000aaa                _kill
                0x08000aca                _exit
                0x08000ae0                _read
                0x08000b1a                _write
                0x08000b52                _close
                0x08000b68                _fstat
                0x08000b86                _isatty
                0x08000b9a                _lseek
                0x08000bb2                _open
                0x08000bcc                _wait
                0x08000bea                _unlink
                0x08000c08                _times
                0x08000c1e                _stat
                0x08000c3c                _link
                0x08000c5c                _fork
                0x08000c72                _execve
                0x08000c94                _sbrk
 .text          0x08000cec       0x70 src/obj/startup_STM32F401RE.o
                0x08000cec                Reset_handler
                0x08000d54                UART2_handler
                0x08000d54                EXTI15_10_handler
                0x08000d54                DMA1_Stream7_handler
                0x08000d54                UART1_handler
                0x08000d54                TIM1_UP_TIM10_handler
                0x08000d54                EXTI0_handler
                0x08000d54                DMA1_Stream1_handler
                0x08000d54                SDIO_handler
                0x08000d54                NMI_handler
                0x08000d54                DMA2_Stream3_handler
                0x08000d54                TIM2_handler
                0x08000d54                SPI3_handler
                0x08000d54                TIM3_handler
                0x08000d54                WWDG_handler
                0x08000d54                UART6_handler
                0x08000d54                SPI2_handler
                0x08000d54                UsuageFault_handler
                0x08000d54                SVCall_handler
                0x08000d54                DMA2_Stream6_handler
                0x08000d54                DebugMonitor_handler
                0x08000d54                I2C3_ER_handler
                0x08000d54                DMA1_Stream3_handler
                0x08000d54                MemManage_handler
                0x08000d54                SPI4_handler
                0x08000d54                HardFault_handler
                0x08000d54                DMA1_Stream5_handler
                0x08000d54                FPU_handler
                0x08000d54                DMA2_Stream5_handler
                0x08000d54                EXITI21_TAMP_STAMP_handler
                0x08000d54                EXTI18_OTG_FS_WKUP_handler
                0x08000d54                RCC_handler
                0x08000d54                Systick_handler
                0x08000d54                EXTI2_handler
                0x08000d54                DMA2_Stream1_handler
                0x08000d54                I2C1_ER_handler
                0x08000d54                EXTI9_5__handler
                0x08000d54                EXTI17_RTC_Alarm_handler
                0x08000d54                I2C2_EV_handler
                0x08000d54                EXITI22_RTC_WKUP_handler
                0x08000d54                EXTI3_handler
                0x08000d54                DMA2_Stream0_handler
                0x08000d54                FLASH_handler
                0x08000d54                OTG_FS_handler
                0x08000d54                DMA1_Stream4_handler
                0x08000d54                I2C2_ER_handler
                0x08000d54                TIM1_BRK_TIM9_handler
                0x08000d54                TIM4_handler
                0x08000d54                DMA1_Stream2_handler
                0x08000d54                EXTI4_handler
                0x08000d54                DMA1_Stream6_handler
                0x08000d54                ADC_handler
                0x08000d54                I2C1_EV_handler
                0x08000d54                SPI1_handler
                0x08000d54                DMA2_Stream4_handler
                0x08000d54                PendSV_handler
                0x08000d54                DMA2_Stream7_handler
                0x08000d54                DMA1_Stream0_handler
                0x08000d54                DMA2_Stream2_handler
                0x08000d54                EXTI1_handler
                0x08000d54                TIM1_TRG_COM_TIM11_handler
                0x08000d54                TIM5_handler
                0x08000d54                EXITI16_PVD__handler
                0x08000d54                I2C3_EV_handler
                0x08000d54                BusFault_handler
                0x08000d54                TIM1_CC_handler
                0x08000d54                Default_handler
 .text          0x08000d5c        0x0 /home/strayker/Pkgs/arm-gnu-toolchain/arm-gnu-toolchain-12.2.mpacbti-bet1-x86_64-arm-none-eabi/bin/../lib/gcc/arm-none-eabi/12.2.0/../../../../arm-none-eabi/lib/thumb/v7e-m/nofp/libg_nano.a(libc_a-exit.o)
 .text          0x08000d5c        0x0 /home/strayker/Pkgs/arm-gnu-toolchain/arm-gnu-toolchain-12.2.mpacbti-bet1-x86_64-arm-none-eabi/bin/../lib/gcc/arm-none-eabi/12.2.0/../../../../arm-none-eabi/lib/thumb/v7e-m/nofp/libg_nano.a(libc_a-init.o)
 .text          0x08000d5c       0x14 /home/strayker/Pkgs/arm-gnu-toolchain/arm-gnu-toolchain-12.2.mpacbti-bet1-x86_64-arm-none-eabi/bin/../lib/gcc/arm-none-eabi/12.2.0/../../../../arm-none-eabi/lib/thumb/v7e-m/nofp/libg_nano.a(libc_a-strcmp.o)
                0x08000d5c                strcmp
 .text          0x08000d70        0x0 /home/strayker/Pkgs/arm-gnu-toolchain/arm-gnu-toolchain-12.2.mpacbti-bet1-x86_64-arm-none-eabi/bin/../lib/gcc/arm-none-eabi/12.2.0/../../../../arm-none-eabi/lib/thumb/v7e-m/nofp/libg_nano.a(libc_a-printf.o)
 .text          0x08000d70        0x0 /home/strayker/Pkgs/arm-gnu-toolchain/arm-gnu-toolchain-12.2.mpacbti-bet1-x86_64-arm-none-eabi/bin/../lib/gcc/arm-none-eabi/12.2.0/../../../../arm-none-eabi/lib/thumb/v7e-m/nofp/libg_nano.a(libc_a-nano-vfprintf.o)
 .text          0x08000d70        0x0 /home/strayker/Pkgs/arm-gnu-toolchain/arm-gnu-toolchain-12.2.mpacbti-bet1-x86_64-arm-none-eabi/bin/../lib/gcc/arm-none-eabi/12.2.0/../../../../arm-none-eabi/lib/thumb/v7e-m/nofp/libg_nano.a(libc_a-wbuf.o)
 .text          0x08000d70        0x0 /home/strayker/Pkgs/arm-gnu-toolchain/arm-gnu-toolchain-12.2.mpacbti-bet1-x86_64-arm-none-eabi/bin/../lib/gcc/arm-none-eabi/12.2.0/../../../../arm-none-eabi/lib/thumb/v7e-m/nofp/libg_nano.a(libc_a-wsetup.o)
 .text          0x08000d70        0x0 /home/strayker/Pkgs/arm-gnu-toolchain/arm-gnu-toolchain-12.2.mpacbti-bet1-x86_64-arm-none-eabi/bin/../lib/gcc/arm-none-eabi/12.2.0/../../../../arm-none-eabi/lib/thumb/v7e-m/nofp/libg_nano.a(libc_a-nano-vfprintf_i.o)
 .text          0x08000d70        0x0 /home/strayker/Pkgs/arm-gnu-toolchain/arm-gnu-toolchain-12.2.mpacbti-bet1-x86_64-arm-none-eabi/bin/../lib/gcc/arm-none-eabi/12.2.0/../../../../arm-none-eabi/lib/thumb/v7e-m/nofp/libg_nano.a(libc_a-puts.o)
 .text          0x08000d70        0x0 /home/strayker/Pkgs/arm-gnu-toolchain/arm-gnu-toolchain-12.2.mpacbti-bet1-x86_64-arm-none-eabi/bin/../lib/gcc/arm-none-eabi/12.2.0/../../../../arm-none-eabi/lib/thumb/v7e-m/nofp/libg_nano.a(libc_a-impure.o)
 .text          0x08000d70        0x0 /home/strayker/Pkgs/arm-gnu-toolchain/arm-gnu-toolchain-12.2.mpacbti-bet1-x86_64-arm-none-eabi/bin/../lib/gcc/arm-none-eabi/12.2.0/../../../../arm-none-eabi/lib/thumb/v7e-m/nofp/libg_nano.a(libc_a-fflush.o)
 .text          0x08000d70       0xa0 /home/strayker/Pkgs/arm-gnu-toolchain/arm-gnu-toolchain-12.2.mpacbti-bet1-x86_64-arm-none-eabi/bin/../lib/gcc/arm-none-eabi/12.2.0/../../../../arm-none-eabi/lib/thumb/v7e-m/nofp/libg_nano.a(libc_a-memchr.o)
                0x08000d70                memchr
 .text          0x08000e10        0x0 /home/strayker/Pkgs/arm-gnu-toolchain/arm-gnu-toolchain-12.2.mpacbti-bet1-x86_64-arm-none-eabi/bin/../lib/gcc/arm-none-eabi/12.2.0/../../../../arm-none-eabi/lib/thumb/v7e-m/nofp/libg_nano.a(libc_a-findfp.o)
 .text          0x08000e10        0x0 /home/strayker/Pkgs/arm-gnu-toolchain/arm-gnu-toolchain-12.2.mpacbti-bet1-x86_64-arm-none-eabi/bin/../lib/gcc/arm-none-eabi/12.2.0/../../../../arm-none-eabi/lib/thumb/v7e-m/nofp/libg_nano.a(libc_a-sscanf.o)
 .text          0x08000e10        0x0 /home/strayker/Pkgs/arm-gnu-toolchain/arm-gnu-toolchain-12.2.mpacbti-bet1-x86_64-arm-none-eabi/bin/../lib/gcc/arm-none-eabi/12.2.0/../../../../arm-none-eabi/lib/thumb/v7e-m/nofp/libg_nano.a(libc_a-stdio.o)
 .text          0x08000e10        0x0 /home/strayker/Pkgs/arm-gnu-toolchain/arm-gnu-toolchain-12.2.mpacbti-bet1-x86_64-arm-none-eabi/bin/../lib/gcc/arm-none-eabi/12.2.0/../../../../arm-none-eabi/lib/thumb/v7e-m/nofp/libg_nano.a(libc_a-writer.o)
 .text          0x08000e10        0x0 /home/strayker/Pkgs/arm-gnu-toolchain/arm-gnu-toolchain-12.2.mpacbti-bet1-x86_64-arm-none-eabi/bin/../lib/gcc/arm-none-eabi/12.2.0/../../../../arm-none-eabi/lib/thumb/v7e-m/nofp/libg_nano.a(libc_a-errno.o)
 .text          0x08000e10        0x0 /home/strayker/Pkgs/arm-gnu-toolchain/arm-gnu-toolchain-12.2.mpacbti-bet1-x86_64-arm-none-eabi/bin/../lib/gcc/arm-none-eabi/12.2.0/../../../../arm-none-eabi/lib/thumb/v7e-m/nofp/libg_nano.a(libc_a-fvwrite.o)
 .text          0x08000e10        0x0 /home/strayker/Pkgs/arm-gnu-toolchain/arm-gnu-toolchain-12.2.mpacbti-bet1-x86_64-arm-none-eabi/bin/../lib/gcc/arm-none-eabi/12.2.0/../../../../arm-none-eabi/lib/thumb/v7e-m/nofp/libg_nano.a(libc_a-fwalk.o)
 .text          0x08000e10        0x0 /home/strayker/Pkgs/arm-gnu-toolchain/arm-gnu-toolchain-12.2.mpacbti-bet1-x86_64-arm-none-eabi/bin/../lib/gcc/arm-none-eabi/12.2.0/../../../../arm-none-eabi/lib/thumb/v7e-m/nofp/libg_nano.a(libc_a-memmove.o)
 .text          0x08000e10        0x0 /home/strayker/Pkgs/arm-gnu-toolchain/arm-gnu-toolchain-12.2.mpacbti-bet1-x86_64-arm-none-eabi/bin/../lib/gcc/arm-none-eabi/12.2.0/../../../../arm-none-eabi/lib/thumb/v7e-m/nofp/libg_nano.a(libc_a-memset.o)
 .text          0x08000e10        0x0 /home/strayker/Pkgs/arm-gnu-toolchain/arm-gnu-toolchain-12.2.mpacbti-bet1-x86_64-arm-none-eabi/bin/../lib/gcc/arm-none-eabi/12.2.0/../../../../arm-none-eabi/lib/thumb/v7e-m/nofp/libg_nano.a(libc_a-reallocr.o)
 .text          0x08000e10        0x0 /home/strayker/Pkgs/arm-gnu-toolchain/arm-gnu-toolchain-12.2.mpacbti-bet1-x86_64-arm-none-eabi/bin/../lib/gcc/arm-none-eabi/12.2.0/../../../../arm-none-eabi/lib/thumb/v7e-m/nofp/libg_nano.a(libc_a-freer.o)
 .text          0x08000e10        0x0 /home/strayker/Pkgs/arm-gnu-toolchain/arm-gnu-toolchain-12.2.mpacbti-bet1-x86_64-arm-none-eabi/bin/../lib/gcc/arm-none-eabi/12.2.0/../../../../arm-none-eabi/lib/thumb/v7e-m/nofp/libg_nano.a(libc_a-lock.o)
 .text          0x08000e10        0x0 /home/strayker/Pkgs/arm-gnu-toolchain/arm-gnu-toolchain-12.2.mpacbti-bet1-x86_64-arm-none-eabi/bin/../lib/gcc/arm-none-eabi/12.2.0/../../../../arm-none-eabi/lib/thumb/v7e-m/nofp/libg_nano.a(libc_a-makebuf.o)
 .text          0x08000e10        0x0 /home/strayker/Pkgs/arm-gnu-toolchain/arm-gnu-toolchain-12.2.mpacbti-bet1-x86_64-arm-none-eabi/bin/../lib/gcc/arm-none-eabi/12.2.0/../../../../arm-none-eabi/lib/thumb/v7e-m/nofp/libg_nano.a(libc_a-nano-svfscanf.o)
 .text          0x08000e10        0x0 /home/strayker/Pkgs/arm-gnu-toolchain/arm-gnu-toolchain-12.2.mpacbti-bet1-x86_64-arm-none-eabi/bin/../lib/gcc/arm-none-eabi/12.2.0/../../../../arm-none-eabi/lib/thumb/v7e-m/nofp/libg_nano.a(libc_a-nano-vfscanf_i.o)
 .text          0x08000e10        0x0 /home/strayker/Pkgs/arm-gnu-toolchain/arm-gnu-toolchain-12.2.mpacbti-bet1-x86_64-arm-none-eabi/bin/../lib/gcc/arm-none-eabi/12.2.0/../../../../arm-none-eabi/lib/thumb/v7e-m/nofp/libg_nano.a(libc_a-closer.o)
 .text          0x08000e10        0x0 /home/strayker/Pkgs/arm-gnu-toolchain/arm-gnu-toolchain-12.2.mpacbti-bet1-x86_64-arm-none-eabi/bin/../lib/gcc/arm-none-eabi/12.2.0/../../../../arm-none-eabi/lib/thumb/v7e-m/nofp/libg_nano.a(libc_a-reent.o)
 .text          0x08000e10        0x0 /home/strayker/Pkgs/arm-gnu-toolchain/arm-gnu-toolchain-12.2.mpacbti-bet1-x86_64-arm-none-eabi/bin/../lib/gcc/arm-none-eabi/12.2.0/../../../../arm-none-eabi/lib/thumb/v7e-m/nofp/libg_nano.a(libc_a-memcpy-stub.o)
 .text          0x08000e10       0x10 /home/strayker/Pkgs/arm-gnu-toolchain/arm-gnu-toolchain-12.2.mpacbti-bet1-x86_64-arm-none-eabi/bin/../lib/gcc/arm-none-eabi/12.2.0/../../../../arm-none-eabi/lib/thumb/v7e-m/nofp/libg_nano.a(libc_a-strlen.o)
                0x08000e10                strlen
 .text          0x08000e20        0x0 /home/strayker/Pkgs/arm-gnu-toolchain/arm-gnu-toolchain-12.2.mpacbti-bet1-x86_64-arm-none-eabi/bin/../lib/gcc/arm-none-eabi/12.2.0/../../../../arm-none-eabi/lib/thumb/v7e-m/nofp/libg_nano.a(libc_a-mallocr.o)
 .text          0x08000e20        0x0 /home/strayker/Pkgs/arm-gnu-toolchain/arm-gnu-toolchain-12.2.mpacbti-bet1-x86_64-arm-none-eabi/bin/../lib/gcc/arm-none-eabi/12.2.0/../../../../arm-none-eabi/lib/thumb/v7e-m/nofp/libg_nano.a(libc_a-fstatr.o)
 .text          0x08000e20        0x0 /home/strayker/Pkgs/arm-gnu-toolchain/arm-gnu-toolchain-12.2.mpacbti-bet1-x86_64-arm-none-eabi/bin/../lib/gcc/arm-none-eabi/12.2.0/../../../../arm-none-eabi/lib/thumb/v7e-m/nofp/libg_nano.a(libc_a-isattyr.o)
 .text          0x08000e20        0x0 /home/strayker/Pkgs/arm-gnu-toolchain/arm-gnu-toolchain-12.2.mpacbti-bet1-x86_64-arm-none-eabi/bin/../lib/gcc/arm-none-eabi/12.2.0/../../../../arm-none-eabi/lib/thumb/v7e-m/nofp/libg_nano.a(libc_a-lseekr.o)
 .text          0x08000e20        0x0 /home/strayker/Pkgs/arm-gnu-toolchain/arm-gnu-toolchain-12.2.mpacbti-bet1-x86_64-arm-none-eabi/bin/../lib/gcc/arm-none-eabi/12.2.0/../../../../arm-none-eabi/lib/thumb/v7e-m/nofp/libg_nano.a(libc_a-readr.o)
 .text          0x08000e20        0x0 /home/strayker/Pkgs/arm-gnu-toolchain/arm-gnu-toolchain-12.2.mpacbti-bet1-x86_64-arm-none-eabi/bin/../lib/gcc/arm-none-eabi/12.2.0/../../../../arm-none-eabi/lib/thumb/v7e-m/nofp/libg_nano.a(libc_a-sccl.o)
 .text          0x08000e20        0x0 /home/strayker/Pkgs/arm-gnu-toolchain/arm-gnu-toolchain-12.2.mpacbti-bet1-x86_64-arm-none-eabi/bin/../lib/gcc/arm-none-eabi/12.2.0/../../../../arm-none-eabi/lib/thumb/v7e-m/nofp/libg_nano.a(libc_a-mlock.o)
 .text          0x08000e20        0x0 /home/strayker/Pkgs/arm-gnu-toolchain/arm-gnu-toolchain-12.2.mpacbti-bet1-x86_64-arm-none-eabi/bin/../lib/gcc/arm-none-eabi/12.2.0/../../../../arm-none-eabi/lib/thumb/v7e-m/nofp/libg_nano.a(libc_a-msizer.o)
 .text          0x08000e20        0x0 /home/strayker/Pkgs/arm-gnu-toolchain/arm-gnu-toolchain-12.2.mpacbti-bet1-x86_64-arm-none-eabi/bin/../lib/gcc/arm-none-eabi/12.2.0/../../../../arm-none-eabi/lib/thumb/v7e-m/nofp/libg_nano.a(libc_a-ctype_.o)
 .text          0x08000e20        0x0 /home/strayker/Pkgs/arm-gnu-toolchain/arm-gnu-toolchain-12.2.mpacbti-bet1-x86_64-arm-none-eabi/bin/../lib/gcc/arm-none-eabi/12.2.0/../../../../arm-none-eabi/lib/thumb/v7e-m/nofp/libg_nano.a(libc_a-sbrkr.o)
 .text          0x08000e20        0x0 /home/strayker/Pkgs/arm-gnu-toolchain/arm-gnu-toolchain-12.2.mpacbti-bet1-x86_64-arm-none-eabi/bin/../lib/gcc/arm-none-eabi/12.2.0/../../../../arm-none-eabi/lib/thumb/v7e-m/nofp/libg_nano.a(libc_a-ungetc.o)
 .text          0x08000e20        0x0 /home/strayker/Pkgs/arm-gnu-toolchain/arm-gnu-toolchain-12.2.mpacbti-bet1-x86_64-arm-none-eabi/bin/../lib/gcc/arm-none-eabi/12.2.0/../../../../arm-none-eabi/lib/thumb/v7e-m/nofp/libg_nano.a(libc_a-strtol.o)
 .text          0x08000e20        0x0 /home/strayker/Pkgs/arm-gnu-toolchain/arm-gnu-toolchain-12.2.mpacbti-bet1-x86_64-arm-none-eabi/bin/../lib/gcc/arm-none-eabi/12.2.0/../../../../arm-none-eabi/lib/thumb/v7e-m/nofp/libg_nano.a(libc_a-strtoul.o)
 .text          0x08000e20        0x0 /home/strayker/Pkgs/arm-gnu-toolchain/arm-gnu-toolchain-12.2.mpacbti-bet1-x86_64-arm-none-eabi/bin/../lib/gcc/arm-none-eabi/12.2.0/thumb/v7e-m/nofp/crtend.o
 .text          0x08000e20        0x0 /home/strayker/Pkgs/arm-gnu-toolchain/arm-gnu-toolchain-12.2.mpacbti-bet1-x86_64-arm-none-eabi/bin/../lib/gcc/arm-none-eabi/12.2.0/thumb/v7e-m/nofp/crtn.o
 *(.text.*)
 .text.deregister_tm_clones
                0x08000e20       0x1c /home/strayker/Pkgs/arm-gnu-toolchain/arm-gnu-toolchain-12.2.mpacbti-bet1-x86_64-arm-none-eabi/bin/../lib/gcc/arm-none-eabi/12.2.0/thumb/v7e-m/nofp/crtbegin.o
 .text.register_tm_clones
                0x08000e3c       0x24 /home/strayker/Pkgs/arm-gnu-toolchain/arm-gnu-toolchain-12.2.mpacbti-bet1-x86_64-arm-none-eabi/bin/../lib/gcc/arm-none-eabi/12.2.0/thumb/v7e-m/nofp/crtbegin.o
 .text.__do_global_dtors_aux
                0x08000e60       0x28 /home/strayker/Pkgs/arm-gnu-toolchain/arm-gnu-toolchain-12.2.mpacbti-bet1-x86_64-arm-none-eabi/bin/../lib/gcc/arm-none-eabi/12.2.0/thumb/v7e-m/nofp/crtbegin.o
 .text.frame_dummy
                0x08000e88       0x24 /home/strayker/Pkgs/arm-gnu-toolchain/arm-gnu-toolchain-12.2.mpacbti-bet1-x86_64-arm-none-eabi/bin/../lib/gcc/arm-none-eabi/12.2.0/thumb/v7e-m/nofp/crtbegin.o
 .text.exit     0x08000eac       0x24 /home/strayker/Pkgs/arm-gnu-toolchain/arm-gnu-toolchain-12.2.mpacbti-bet1-x86_64-arm-none-eabi/bin/../lib/gcc/arm-none-eabi/12.2.0/../../../../arm-none-eabi/lib/thumb/v7e-m/nofp/libg_nano.a(libc_a-exit.o)
                0x08000eac                exit
 .text.__libc_init_array
                0x08000ed0       0x48 /home/strayker/Pkgs/arm-gnu-toolchain/arm-gnu-toolchain-12.2.mpacbti-bet1-x86_64-arm-none-eabi/bin/../lib/gcc/arm-none-eabi/12.2.0/../../../../arm-none-eabi/lib/thumb/v7e-m/nofp/libg_nano.a(libc_a-init.o)
                0x08000ed0                __libc_init_array
 .text._printf_r
                0x08000f18       0x1c /home/strayker/Pkgs/arm-gnu-toolchain/arm-gnu-toolchain-12.2.mpacbti-bet1-x86_64-arm-none-eabi/bin/../lib/gcc/arm-none-eabi/12.2.0/../../../../arm-none-eabi/lib/thumb/v7e-m/nofp/libg_nano.a(libc_a-printf.o)
                0x08000f18                _printf_r
                0x08000f18                _iprintf_r
 .text.printf   0x08000f34       0x24 /home/strayker/Pkgs/arm-gnu-toolchain/arm-gnu-toolchain-12.2.mpacbti-bet1-x86_64-arm-none-eabi/bin/../lib/gcc/arm-none-eabi/12.2.0/../../../../arm-none-eabi/lib/thumb/v7e-m/nofp/libg_nano.a(libc_a-printf.o)
                0x08000f34                printf
                0x08000f34                iprintf
 .text.__sfputc_r
                0x08000f58       0x2a /home/strayker/Pkgs/arm-gnu-toolchain/arm-gnu-toolchain-12.2.mpacbti-bet1-x86_64-arm-none-eabi/bin/../lib/gcc/arm-none-eabi/12.2.0/../../../../arm-none-eabi/lib/thumb/v7e-m/nofp/libg_nano.a(libc_a-nano-vfprintf.o)
 .text.__sfputs_r
                0x08000f82       0x24 /home/strayker/Pkgs/arm-gnu-toolchain/arm-gnu-toolchain-12.2.mpacbti-bet1-x86_64-arm-none-eabi/bin/../lib/gcc/arm-none-eabi/12.2.0/../../../../arm-none-eabi/lib/thumb/v7e-m/nofp/libg_nano.a(libc_a-nano-vfprintf.o)
                0x08000f82                __sfputs_r
 .text.__sprint_r
                0x08000fa6       0x1a /home/strayker/Pkgs/arm-gnu-toolchain/arm-gnu-toolchain-12.2.mpacbti-bet1-x86_64-arm-none-eabi/bin/../lib/gcc/arm-none-eabi/12.2.0/../../../../arm-none-eabi/lib/thumb/v7e-m/nofp/libg_nano.a(libc_a-nano-vfprintf.o)
                0x08000fa6                __sprint_r
 .text._vfprintf_r
                0x08000fc0      0x230 /home/strayker/Pkgs/arm-gnu-toolchain/arm-gnu-toolchain-12.2.mpacbti-bet1-x86_64-arm-none-eabi/bin/../lib/gcc/arm-none-eabi/12.2.0/../../../../arm-none-eabi/lib/thumb/v7e-m/nofp/libg_nano.a(libc_a-nano-vfprintf.o)
                0x08000fc0                _vfiprintf_r
                0x08000fc0                _vfprintf_r
 .text.vfprintf
                0x080011f0       0x14 /home/strayker/Pkgs/arm-gnu-toolchain/arm-gnu-toolchain-12.2.mpacbti-bet1-x86_64-arm-none-eabi/bin/../lib/gcc/arm-none-eabi/12.2.0/../../../../arm-none-eabi/lib/thumb/v7e-m/nofp/libg_nano.a(libc_a-nano-vfprintf.o)
                0x080011f0                vfiprintf
                0x080011f0                vfprintf
 .text.__swbuf_r
                0x08001204       0x7c /home/strayker/Pkgs/arm-gnu-toolchain/arm-gnu-toolchain-12.2.mpacbti-bet1-x86_64-arm-none-eabi/bin/../lib/gcc/arm-none-eabi/12.2.0/../../../../arm-none-eabi/lib/thumb/v7e-m/nofp/libg_nano.a(libc_a-wbuf.o)
                0x08001204                __swbuf_r
 .text.__swbuf  0x08001280       0x10 /home/strayker/Pkgs/arm-gnu-toolchain/arm-gnu-toolchain-12.2.mpacbti-bet1-x86_64-arm-none-eabi/bin/../lib/gcc/arm-none-eabi/12.2.0/../../../../arm-none-eabi/lib/thumb/v7e-m/nofp/libg_nano.a(libc_a-wbuf.o)
                0x08001280                __swbuf
 .text.__swsetup_r
                0x08001290       0xac /home/strayker/Pkgs/arm-gnu-toolchain/arm-gnu-toolchain-12.2.mpacbti-bet1-x86_64-arm-none-eabi/bin/../lib/gcc/arm-none-eabi/12.2.0/../../../../arm-none-eabi/lib/thumb/v7e-m/nofp/libg_nano.a(libc_a-wsetup.o)
                0x08001290                __swsetup_r
 .text._printf_common
                0x0800133c       0xda /home/strayker/Pkgs/arm-gnu-toolchain/arm-gnu-toolchain-12.2.mpacbti-bet1-x86_64-arm-none-eabi/bin/../lib/gcc/arm-none-eabi/12.2.0/../../../../arm-none-eabi/lib/thumb/v7e-m/nofp/libg_nano.a(libc_a-nano-vfprintf_i.o)
                0x0800133c                _printf_common
 *fill*         0x08001416        0x2 
 .text._printf_i
                0x08001418      0x25c /home/strayker/Pkgs/arm-gnu-toolchain/arm-gnu-toolchain-12.2.mpacbti-bet1-x86_64-arm-none-eabi/bin/../lib/gcc/arm-none-eabi/12.2.0/../../../../arm-none-eabi/lib/thumb/v7e-m/nofp/libg_nano.a(libc_a-nano-vfprintf_i.o)
                0x08001418                _printf_i
 .text._puts_r  0x08001674       0xaa /home/strayker/Pkgs/arm-gnu-toolchain/arm-gnu-toolchain-12.2.mpacbti-bet1-x86_64-arm-none-eabi/bin/../lib/gcc/arm-none-eabi/12.2.0/../../../../arm-none-eabi/lib/thumb/v7e-m/nofp/libg_nano.a(libc_a-puts.o)
                0x08001674                _puts_r
 *fill*         0x0800171e        0x2 
 .text.puts     0x08001720       0x10 /home/strayker/Pkgs/arm-gnu-toolchain/arm-gnu-toolchain-12.2.mpacbti-bet1-x86_64-arm-none-eabi/bin/../lib/gcc/arm-none-eabi/12.2.0/../../../../arm-none-eabi/lib/thumb/v7e-m/nofp/libg_nano.a(libc_a-puts.o)
                0x08001720                puts
 .text.__sflush_r
                0x08001730      0x100 /home/strayker/Pkgs/arm-gnu-toolchain/arm-gnu-toolchain-12.2.mpacbti-bet1-x86_64-arm-none-eabi/bin/../lib/gcc/arm-none-eabi/12.2.0/../../../../arm-none-eabi/lib/thumb/v7e-m/nofp/libg_nano.a(libc_a-fflush.o)
                0x08001730                __sflush_r
 .text._fflush_r
                0x08001830       0x50 /home/strayker/Pkgs/arm-gnu-toolchain/arm-gnu-toolchain-12.2.mpacbti-bet1-x86_64-arm-none-eabi/bin/../lib/gcc/arm-none-eabi/12.2.0/../../../../arm-none-eabi/lib/thumb/v7e-m/nofp/libg_nano.a(libc_a-fflush.o)
                0x08001830                _fflush_r
 .text.fflush   0x08001880       0x28 /home/strayker/Pkgs/arm-gnu-toolchain/arm-gnu-toolchain-12.2.mpacbti-bet1-x86_64-arm-none-eabi/bin/../lib/gcc/arm-none-eabi/12.2.0/../../../../arm-none-eabi/lib/thumb/v7e-m/nofp/libg_nano.a(libc_a-fflush.o)
                0x08001880                fflush
 .text.std      0x080018a8       0x48 /home/strayker/Pkgs/arm-gnu-toolchain/arm-gnu-toolchain-12.2.mpacbti-bet1-x86_64-arm-none-eabi/bin/../lib/gcc/arm-none-eabi/12.2.0/../../../../arm-none-eabi/lib/thumb/v7e-m/nofp/libg_nano.a(libc_a-findfp.o)
 .text.stdio_exit_handler
                0x080018f0       0x18 /home/strayker/Pkgs/arm-gnu-toolchain/arm-gnu-toolchain-12.2.mpacbti-bet1-x86_64-arm-none-eabi/bin/../lib/gcc/arm-none-eabi/12.2.0/../../../../arm-none-eabi/lib/thumb/v7e-m/nofp/libg_nano.a(libc_a-findfp.o)
 .text.cleanup_stdio
                0x08001908       0x40 /home/strayker/Pkgs/arm-gnu-toolchain/arm-gnu-toolchain-12.2.mpacbti-bet1-x86_64-arm-none-eabi/bin/../lib/gcc/arm-none-eabi/12.2.0/../../../../arm-none-eabi/lib/thumb/v7e-m/nofp/libg_nano.a(libc_a-findfp.o)
 .text.__fp_lock
                0x08001948       0x18 /home/strayker/Pkgs/arm-gnu-toolchain/arm-gnu-toolchain-12.2.mpacbti-bet1-x86_64-arm-none-eabi/bin/../lib/gcc/arm-none-eabi/12.2.0/../../../../arm-none-eabi/lib/thumb/v7e-m/nofp/libg_nano.a(libc_a-findfp.o)
 .text.__fp_unlock
                0x08001960       0x18 /home/strayker/Pkgs/arm-gnu-toolchain/arm-gnu-toolchain-12.2.mpacbti-bet1-x86_64-arm-none-eabi/bin/../lib/gcc/arm-none-eabi/12.2.0/../../../../arm-none-eabi/lib/thumb/v7e-m/nofp/libg_nano.a(libc_a-findfp.o)
 .text.global_stdio_init.part.0
                0x08001978       0x3c /home/strayker/Pkgs/arm-gnu-toolchain/arm-gnu-toolchain-12.2.mpacbti-bet1-x86_64-arm-none-eabi/bin/../lib/gcc/arm-none-eabi/12.2.0/../../../../arm-none-eabi/lib/thumb/v7e-m/nofp/libg_nano.a(libc_a-findfp.o)
 .text.__sfp_lock_acquire
                0x080019b4        0xc /home/strayker/Pkgs/arm-gnu-toolchain/arm-gnu-toolchain-12.2.mpacbti-bet1-x86_64-arm-none-eabi/bin/../lib/gcc/arm-none-eabi/12.2.0/../../../../arm-none-eabi/lib/thumb/v7e-m/nofp/libg_nano.a(libc_a-findfp.o)
                0x080019b4                __sfp_lock_acquire
 .text.__sfp_lock_release
                0x080019c0        0xc /home/strayker/Pkgs/arm-gnu-toolchain/arm-gnu-toolchain-12.2.mpacbti-bet1-x86_64-arm-none-eabi/bin/../lib/gcc/arm-none-eabi/12.2.0/../../../../arm-none-eabi/lib/thumb/v7e-m/nofp/libg_nano.a(libc_a-findfp.o)
                0x080019c0                __sfp_lock_release
 .text.__sfp    0x080019cc       0xa4 /home/strayker/Pkgs/arm-gnu-toolchain/arm-gnu-toolchain-12.2.mpacbti-bet1-x86_64-arm-none-eabi/bin/../lib/gcc/arm-none-eabi/12.2.0/../../../../arm-none-eabi/lib/thumb/v7e-m/nofp/libg_nano.a(libc_a-findfp.o)
                0x080019cc                __sfp
 .text.__sinit  0x08001a70       0x30 /home/strayker/Pkgs/arm-gnu-toolchain/arm-gnu-toolchain-12.2.mpacbti-bet1-x86_64-arm-none-eabi/bin/../lib/gcc/arm-none-eabi/12.2.0/../../../../arm-none-eabi/lib/thumb/v7e-m/nofp/libg_nano.a(libc_a-findfp.o)
                0x08001a70                __sinit
 .text.__fp_lock_all
                0x08001aa0       0x1c /home/strayker/Pkgs/arm-gnu-toolchain/arm-gnu-toolchain-12.2.mpacbti-bet1-x86_64-arm-none-eabi/bin/../lib/gcc/arm-none-eabi/12.2.0/../../../../arm-none-eabi/lib/thumb/v7e-m/nofp/libg_nano.a(libc_a-findfp.o)
                0x08001aa0                __fp_lock_all
 .text.__fp_unlock_all
                0x08001abc       0x1c /home/strayker/Pkgs/arm-gnu-toolchain/arm-gnu-toolchain-12.2.mpacbti-bet1-x86_64-arm-none-eabi/bin/../lib/gcc/arm-none-eabi/12.2.0/../../../../arm-none-eabi/lib/thumb/v7e-m/nofp/libg_nano.a(libc_a-findfp.o)
                0x08001abc                __fp_unlock_all
 .text.sscanf   0x08001ad8       0x54 /home/strayker/Pkgs/arm-gnu-toolchain/arm-gnu-toolchain-12.2.mpacbti-bet1-x86_64-arm-none-eabi/bin/../lib/gcc/arm-none-eabi/12.2.0/../../../../arm-none-eabi/lib/thumb/v7e-m/nofp/libg_nano.a(libc_a-sscanf.o)
                0x08001ad8                sscanf
                0x08001ad8                siscanf
 .text._sscanf_r
                0x08001b2c       0x54 /home/strayker/Pkgs/arm-gnu-toolchain/arm-gnu-toolchain-12.2.mpacbti-bet1-x86_64-arm-none-eabi/bin/../lib/gcc/arm-none-eabi/12.2.0/../../../../arm-none-eabi/lib/thumb/v7e-m/nofp/libg_nano.a(libc_a-sscanf.o)
                0x08001b2c                _siscanf_r
                0x08001b2c                _sscanf_r
 .text.__sread  0x08001b80       0x22 /home/strayker/Pkgs/arm-gnu-toolchain/arm-gnu-toolchain-12.2.mpacbti-bet1-x86_64-arm-none-eabi/bin/../lib/gcc/arm-none-eabi/12.2.0/../../../../arm-none-eabi/lib/thumb/v7e-m/nofp/libg_nano.a(libc_a-stdio.o)
                0x08001b80                __sread
 .text.__seofread
                0x08001ba2        0x4 /home/strayker/Pkgs/arm-gnu-toolchain/arm-gnu-toolchain-12.2.mpacbti-bet1-x86_64-arm-none-eabi/bin/../lib/gcc/arm-none-eabi/12.2.0/../../../../arm-none-eabi/lib/thumb/v7e-m/nofp/libg_nano.a(libc_a-stdio.o)
                0x08001ba2                __seofread
 .text.__swrite
                0x08001ba6       0x38 /home/strayker/Pkgs/arm-gnu-toolchain/arm-gnu-toolchain-12.2.mpacbti-bet1-x86_64-arm-none-eabi/bin/../lib/gcc/arm-none-eabi/12.2.0/../../../../arm-none-eabi/lib/thumb/v7e-m/nofp/libg_nano.a(libc_a-stdio.o)
                0x08001ba6                __swrite
 .text.__sseek  0x08001bde       0x24 /home/strayker/Pkgs/arm-gnu-toolchain/arm-gnu-toolchain-12.2.mpacbti-bet1-x86_64-arm-none-eabi/bin/../lib/gcc/arm-none-eabi/12.2.0/../../../../arm-none-eabi/lib/thumb/v7e-m/nofp/libg_nano.a(libc_a-stdio.o)
                0x08001bde                __sseek
 .text.__sclose
                0x08001c02        0x8 /home/strayker/Pkgs/arm-gnu-toolchain/arm-gnu-toolchain-12.2.mpacbti-bet1-x86_64-arm-none-eabi/bin/../lib/gcc/arm-none-eabi/12.2.0/../../../../arm-none-eabi/lib/thumb/v7e-m/nofp/libg_nano.a(libc_a-stdio.o)
                0x08001c02                __sclose
 *fill*         0x08001c0a        0x2 
 .text._write_r
                0x08001c0c       0x24 /home/strayker/Pkgs/arm-gnu-toolchain/arm-gnu-toolchain-12.2.mpacbti-bet1-x86_64-arm-none-eabi/bin/../lib/gcc/arm-none-eabi/12.2.0/../../../../arm-none-eabi/lib/thumb/v7e-m/nofp/libg_nano.a(libc_a-writer.o)
                0x08001c0c                _write_r
 .text.__errno  0x08001c30        0xc /home/strayker/Pkgs/arm-gnu-toolchain/arm-gnu-toolchain-12.2.mpacbti-bet1-x86_64-arm-none-eabi/bin/../lib/gcc/arm-none-eabi/12.2.0/../../../../arm-none-eabi/lib/thumb/v7e-m/nofp/libg_nano.a(libc_a-errno.o)
                0x08001c30                __errno
 .text.__sfvwrite_r
                0x08001c3c      0x2a0 /home/strayker/Pkgs/arm-gnu-toolchain/arm-gnu-toolchain-12.2.mpacbti-bet1-x86_64-arm-none-eabi/bin/../lib/gcc/arm-none-eabi/12.2.0/../../../../arm-none-eabi/lib/thumb/v7e-m/nofp/libg_nano.a(libc_a-fvwrite.o)
                0x08001c3c                __sfvwrite_r
 .text._fwalk_sglue
                0x08001edc       0x3c /home/strayker/Pkgs/arm-gnu-toolchain/arm-gnu-toolchain-12.2.mpacbti-bet1-x86_64-arm-none-eabi/bin/../lib/gcc/arm-none-eabi/12.2.0/../../../../arm-none-eabi/lib/thumb/v7e-m/nofp/libg_nano.a(libc_a-fwalk.o)
                0x08001edc                _fwalk_sglue
 .text.memmove  0x08001f18       0x34 /home/strayker/Pkgs/arm-gnu-toolchain/arm-gnu-toolchain-12.2.mpacbti-bet1-x86_64-arm-none-eabi/bin/../lib/gcc/arm-none-eabi/12.2.0/../../../../arm-none-eabi/lib/thumb/v7e-m/nofp/libg_nano.a(libc_a-memmove.o)
                0x08001f18                memmove
 .text.memset   0x08001f4c       0x10 /home/strayker/Pkgs/arm-gnu-toolchain/arm-gnu-toolchain-12.2.mpacbti-bet1-x86_64-arm-none-eabi/bin/../lib/gcc/arm-none-eabi/12.2.0/../../../../arm-none-eabi/lib/thumb/v7e-m/nofp/libg_nano.a(libc_a-memset.o)
                0x08001f4c                memset
 .text._realloc_r
                0x08001f5c       0x5c /home/strayker/Pkgs/arm-gnu-toolchain/arm-gnu-toolchain-12.2.mpacbti-bet1-x86_64-arm-none-eabi/bin/../lib/gcc/arm-none-eabi/12.2.0/../../../../arm-none-eabi/lib/thumb/v7e-m/nofp/libg_nano.a(libc_a-reallocr.o)
                0x08001f5c                _realloc_r
 .text._free_r  0x08001fb8       0x94 /home/strayker/Pkgs/arm-gnu-toolchain/arm-gnu-toolchain-12.2.mpacbti-bet1-x86_64-arm-none-eabi/bin/../lib/gcc/arm-none-eabi/12.2.0/../../../../arm-none-eabi/lib/thumb/v7e-m/nofp/libg_nano.a(libc_a-freer.o)
                0x08001fb8                _free_r
 .text.__retarget_lock_init
                0x0800204c        0x2 /home/strayker/Pkgs/arm-gnu-toolchain/arm-gnu-toolchain-12.2.mpacbti-bet1-x86_64-arm-none-eabi/bin/../lib/gcc/arm-none-eabi/12.2.0/../../../../arm-none-eabi/lib/thumb/v7e-m/nofp/libg_nano.a(libc_a-lock.o)
                0x0800204c                __retarget_lock_init
 .text.__retarget_lock_init_recursive
                0x0800204e        0x2 /home/strayker/Pkgs/arm-gnu-toolchain/arm-gnu-toolchain-12.2.mpacbti-bet1-x86_64-arm-none-eabi/bin/../lib/gcc/arm-none-eabi/12.2.0/../../../../arm-none-eabi/lib/thumb/v7e-m/nofp/libg_nano.a(libc_a-lock.o)
                0x0800204e                __retarget_lock_init_recursive
 .text.__retarget_lock_close
                0x08002050        0x2 /home/strayker/Pkgs/arm-gnu-toolchain/arm-gnu-toolchain-12.2.mpacbti-bet1-x86_64-arm-none-eabi/bin/../lib/gcc/arm-none-eabi/12.2.0/../../../../arm-none-eabi/lib/thumb/v7e-m/nofp/libg_nano.a(libc_a-lock.o)
                0x08002050                __retarget_lock_close
 .text.__retarget_lock_close_recursive
                0x08002052        0x2 /home/strayker/Pkgs/arm-gnu-toolchain/arm-gnu-toolchain-12.2.mpacbti-bet1-x86_64-arm-none-eabi/bin/../lib/gcc/arm-none-eabi/12.2.0/../../../../arm-none-eabi/lib/thumb/v7e-m/nofp/libg_nano.a(libc_a-lock.o)
                0x08002052                __retarget_lock_close_recursive
 .text.__retarget_lock_acquire
                0x08002054        0x2 /home/strayker/Pkgs/arm-gnu-toolchain/arm-gnu-toolchain-12.2.mpacbti-bet1-x86_64-arm-none-eabi/bin/../lib/gcc/arm-none-eabi/12.2.0/../../../../arm-none-eabi/lib/thumb/v7e-m/nofp/libg_nano.a(libc_a-lock.o)
                0x08002054                __retarget_lock_acquire
 .text.__retarget_lock_acquire_recursive
                0x08002056        0x2 /home/strayker/Pkgs/arm-gnu-toolchain/arm-gnu-toolchain-12.2.mpacbti-bet1-x86_64-arm-none-eabi/bin/../lib/gcc/arm-none-eabi/12.2.0/../../../../arm-none-eabi/lib/thumb/v7e-m/nofp/libg_nano.a(libc_a-lock.o)
                0x08002056                __retarget_lock_acquire_recursive
 .text.__retarget_lock_try_acquire
                0x08002058        0x4 /home/strayker/Pkgs/arm-gnu-toolchain/arm-gnu-toolchain-12.2.mpacbti-bet1-x86_64-arm-none-eabi/bin/../lib/gcc/arm-none-eabi/12.2.0/../../../../arm-none-eabi/lib/thumb/v7e-m/nofp/libg_nano.a(libc_a-lock.o)
                0x08002058                __retarget_lock_try_acquire
 .text.__retarget_lock_try_acquire_recursive
                0x0800205c        0x4 /home/strayker/Pkgs/arm-gnu-toolchain/arm-gnu-toolchain-12.2.mpacbti-bet1-x86_64-arm-none-eabi/bin/../lib/gcc/arm-none-eabi/12.2.0/../../../../arm-none-eabi/lib/thumb/v7e-m/nofp/libg_nano.a(libc_a-lock.o)
                0x0800205c                __retarget_lock_try_acquire_recursive
 .text.__retarget_lock_release
                0x08002060        0x2 /home/strayker/Pkgs/arm-gnu-toolchain/arm-gnu-toolchain-12.2.mpacbti-bet1-x86_64-arm-none-eabi/bin/../lib/gcc/arm-none-eabi/12.2.0/../../../../arm-none-eabi/lib/thumb/v7e-m/nofp/libg_nano.a(libc_a-lock.o)
                0x08002060                __retarget_lock_release
 .text.__retarget_lock_release_recursive
                0x08002062        0x2 /home/strayker/Pkgs/arm-gnu-toolchain/arm-gnu-toolchain-12.2.mpacbti-bet1-x86_64-arm-none-eabi/bin/../lib/gcc/arm-none-eabi/12.2.0/../../../../arm-none-eabi/lib/thumb/v7e-m/nofp/libg_nano.a(libc_a-lock.o)
                0x08002062                __retarget_lock_release_recursive
 .text.__swhatbuf_r
                0x08002064       0x4c /home/strayker/Pkgs/arm-gnu-toolchain/arm-gnu-toolchain-12.2.mpacbti-bet1-x86_64-arm-none-eabi/bin/../lib/gcc/arm-none-eabi/12.2.0/../../../../arm-none-eabi/lib/thumb/v7e-m/nofp/libg_nano.a(libc_a-makebuf.o)
                0x08002064                __swhatbuf_r
 .text.__smakebuf_r
                0x080020b0       0x78 /home/strayker/Pkgs/arm-gnu-toolchain/arm-gnu-toolchain-12.2.mpacbti-bet1-x86_64-arm-none-eabi/bin/../lib/gcc/arm-none-eabi/12.2.0/../../../../arm-none-eabi/lib/thumb/v7e-m/nofp/libg_nano.a(libc_a-makebuf.o)
                0x080020b0                __smakebuf_r
 .text._sungetc_r
                0x08002128       0x76 /home/strayker/Pkgs/arm-gnu-toolchain/arm-gnu-toolchain-12.2.mpacbti-bet1-x86_64-arm-none-eabi/bin/../lib/gcc/arm-none-eabi/12.2.0/../../../../arm-none-eabi/lib/thumb/v7e-m/nofp/libg_nano.a(libc_a-nano-svfscanf.o)
                0x08002128                _sungetc_r
 .text.__ssrefill_r
                0x0800219e       0x3a /home/strayker/Pkgs/arm-gnu-toolchain/arm-gnu-toolchain-12.2.mpacbti-bet1-x86_64-arm-none-eabi/bin/../lib/gcc/arm-none-eabi/12.2.0/../../../../arm-none-eabi/lib/thumb/v7e-m/nofp/libg_nano.a(libc_a-nano-svfscanf.o)
                0x0800219e                __ssrefill_r
 .text.__ssvfscanf_r
                0x080021d8      0x2ec /home/strayker/Pkgs/arm-gnu-toolchain/arm-gnu-toolchain-12.2.mpacbti-bet1-x86_64-arm-none-eabi/bin/../lib/gcc/arm-none-eabi/12.2.0/../../../../arm-none-eabi/lib/thumb/v7e-m/nofp/libg_nano.a(libc_a-nano-svfscanf.o)
                0x080021d8                __ssvfscanf_r
                0x080021d8                __ssvfiscanf_r
 .text._scanf_chars
                0x080024c4       0xb4 /home/strayker/Pkgs/arm-gnu-toolchain/arm-gnu-toolchain-12.2.mpacbti-bet1-x86_64-arm-none-eabi/bin/../lib/gcc/arm-none-eabi/12.2.0/../../../../arm-none-eabi/lib/thumb/v7e-m/nofp/libg_nano.a(libc_a-nano-vfscanf_i.o)
                0x080024c4                _scanf_chars
 .text._scanf_i
                0x08002578      0x200 /home/strayker/Pkgs/arm-gnu-toolchain/arm-gnu-toolchain-12.2.mpacbti-bet1-x86_64-arm-none-eabi/bin/../lib/gcc/arm-none-eabi/12.2.0/../../../../arm-none-eabi/lib/thumb/v7e-m/nofp/libg_nano.a(libc_a-nano-vfscanf_i.o)
                0x08002578                _scanf_i
 .text._close_r
                0x08002778       0x20 /home/strayker/Pkgs/arm-gnu-toolchain/arm-gnu-toolchain-12.2.mpacbti-bet1-x86_64-arm-none-eabi/bin/../lib/gcc/arm-none-eabi/12.2.0/../../../../arm-none-eabi/lib/thumb/v7e-m/nofp/libg_nano.a(libc_a-closer.o)
                0x08002778                _close_r
 .text._reclaim_reent
                0x08002798       0xac /home/strayker/Pkgs/arm-gnu-toolchain/arm-gnu-toolchain-12.2.mpacbti-bet1-x86_64-arm-none-eabi/bin/../lib/gcc/arm-none-eabi/12.2.0/../../../../arm-none-eabi/lib/thumb/v7e-m/nofp/libg_nano.a(libc_a-reent.o)
                0x08002798                _reclaim_reent
 .text.memcpy   0x08002844       0x1c /home/strayker/Pkgs/arm-gnu-toolchain/arm-gnu-toolchain-12.2.mpacbti-bet1-x86_64-arm-none-eabi/bin/../lib/gcc/arm-none-eabi/12.2.0/../../../../arm-none-eabi/lib/thumb/v7e-m/nofp/libg_nano.a(libc_a-memcpy-stub.o)
                0x08002844                memcpy
 .text.sbrk_aligned
                0x08002860       0x44 /home/strayker/Pkgs/arm-gnu-toolchain/arm-gnu-toolchain-12.2.mpacbti-bet1-x86_64-arm-none-eabi/bin/../lib/gcc/arm-none-eabi/12.2.0/../../../../arm-none-eabi/lib/thumb/v7e-m/nofp/libg_nano.a(libc_a-mallocr.o)
 .text._malloc_r
                0x080028a4       0xe0 /home/strayker/Pkgs/arm-gnu-toolchain/arm-gnu-toolchain-12.2.mpacbti-bet1-x86_64-arm-none-eabi/bin/../lib/gcc/arm-none-eabi/12.2.0/../../../../arm-none-eabi/lib/thumb/v7e-m/nofp/libg_nano.a(libc_a-mallocr.o)
                0x080028a4                _malloc_r
 .text._fstat_r
                0x08002984       0x24 /home/strayker/Pkgs/arm-gnu-toolchain/arm-gnu-toolchain-12.2.mpacbti-bet1-x86_64-arm-none-eabi/bin/../lib/gcc/arm-none-eabi/12.2.0/../../../../arm-none-eabi/lib/thumb/v7e-m/nofp/libg_nano.a(libc_a-fstatr.o)
                0x08002984                _fstat_r
 .text._isatty_r
                0x080029a8       0x20 /home/strayker/Pkgs/arm-gnu-toolchain/arm-gnu-toolchain-12.2.mpacbti-bet1-x86_64-arm-none-eabi/bin/../lib/gcc/arm-none-eabi/12.2.0/../../../../arm-none-eabi/lib/thumb/v7e-m/nofp/libg_nano.a(libc_a-isattyr.o)
                0x080029a8                _isatty_r
 .text._lseek_r
                0x080029c8       0x24 /home/strayker/Pkgs/arm-gnu-toolchain/arm-gnu-toolchain-12.2.mpacbti-bet1-x86_64-arm-none-eabi/bin/../lib/gcc/arm-none-eabi/12.2.0/../../../../arm-none-eabi/lib/thumb/v7e-m/nofp/libg_nano.a(libc_a-lseekr.o)
                0x080029c8                _lseek_r
 .text._read_r  0x080029ec       0x24 /home/strayker/Pkgs/arm-gnu-toolchain/arm-gnu-toolchain-12.2.mpacbti-bet1-x86_64-arm-none-eabi/bin/../lib/gcc/arm-none-eabi/12.2.0/../../../../arm-none-eabi/lib/thumb/v7e-m/nofp/libg_nano.a(libc_a-readr.o)
                0x080029ec                _read_r
 .text.__sccl   0x08002a10       0x72 /home/strayker/Pkgs/arm-gnu-toolchain/arm-gnu-toolchain-12.2.mpacbti-bet1-x86_64-arm-none-eabi/bin/../lib/gcc/arm-none-eabi/12.2.0/../../../../arm-none-eabi/lib/thumb/v7e-m/nofp/libg_nano.a(libc_a-sccl.o)
                0x08002a10                __sccl
 *fill*         0x08002a82        0x2 
 .text.__malloc_lock
                0x08002a84        0xc /home/strayker/Pkgs/arm-gnu-toolchain/arm-gnu-toolchain-12.2.mpacbti-bet1-x86_64-arm-none-eabi/bin/../lib/gcc/arm-none-eabi/12.2.0/../../../../arm-none-eabi/lib/thumb/v7e-m/nofp/libg_nano.a(libc_a-mlock.o)
                0x08002a84                __malloc_lock
 .text.__malloc_unlock
                0x08002a90        0xc /home/strayker/Pkgs/arm-gnu-toolchain/arm-gnu-toolchain-12.2.mpacbti-bet1-x86_64-arm-none-eabi/bin/../lib/gcc/arm-none-eabi/12.2.0/../../../../arm-none-eabi/lib/thumb/v7e-m/nofp/libg_nano.a(libc_a-mlock.o)
                0x08002a90                __malloc_unlock
 .text._malloc_usable_size_r
                0x08002a9c       0x10 /home/strayker/Pkgs/arm-gnu-toolchain/arm-gnu-toolchain-12.2.mpacbti-bet1-x86_64-arm-none-eabi/bin/../lib/gcc/arm-none-eabi/12.2.0/../../../../arm-none-eabi/lib/thumb/v7e-m/nofp/libg_nano.a(libc_a-msizer.o)
                0x08002a9c                _malloc_usable_size_r
 .text._sbrk_r  0x08002aac       0x20 /home/strayker/Pkgs/arm-gnu-toolchain/arm-gnu-toolchain-12.2.mpacbti-bet1-x86_64-arm-none-eabi/bin/../lib/gcc/arm-none-eabi/12.2.0/../../../../arm-none-eabi/lib/thumb/v7e-m/nofp/libg_nano.a(libc_a-sbrkr.o)
                0x08002aac                _sbrk_r
 .text.__submore
                0x08002acc       0x74 /home/strayker/Pkgs/arm-gnu-toolchain/arm-gnu-toolchain-12.2.mpacbti-bet1-x86_64-arm-none-eabi/bin/../lib/gcc/arm-none-eabi/12.2.0/../../../../arm-none-eabi/lib/thumb/v7e-m/nofp/libg_nano.a(libc_a-ungetc.o)
                0x08002acc                __submore
 .text._ungetc_r
                0x08002b40       0xfc /home/strayker/Pkgs/arm-gnu-toolchain/arm-gnu-toolchain-12.2.mpacbti-bet1-x86_64-arm-none-eabi/bin/../lib/gcc/arm-none-eabi/12.2.0/../../../../arm-none-eabi/lib/thumb/v7e-m/nofp/libg_nano.a(libc_a-ungetc.o)
                0x08002b40                _ungetc_r
 .text.ungetc   0x08002c3c       0x10 /home/strayker/Pkgs/arm-gnu-toolchain/arm-gnu-toolchain-12.2.mpacbti-bet1-x86_64-arm-none-eabi/bin/../lib/gcc/arm-none-eabi/12.2.0/../../../../arm-none-eabi/lib/thumb/v7e-m/nofp/libg_nano.a(libc_a-ungetc.o)
                0x08002c3c                ungetc
 .text._strtol_l.constprop.0
                0x08002c4c       0xfc /home/strayker/Pkgs/arm-gnu-toolchain/arm-gnu-toolchain-12.2.mpacbti-bet1-x86_64-arm-none-eabi/bin/../lib/gcc/arm-none-eabi/12.2.0/../../../../arm-none-eabi/lib/thumb/v7e-m/nofp/libg_nano.a(libc_a-strtol.o)
 .text._strtol_r
                0x08002d48        0x4 /home/strayker/Pkgs/arm-gnu-toolchain/arm-gnu-toolchain-12.2.mpacbti-bet1-x86_64-arm-none-eabi/bin/../lib/gcc/arm-none-eabi/12.2.0/../../../../arm-none-eabi/lib/thumb/v7e-m/nofp/libg_nano.a(libc_a-strtol.o)
                0x08002d48                _strtol_r
 .text.strtol_l
                0x08002d4c       0x14 /home/strayker/Pkgs/arm-gnu-toolchain/arm-gnu-toolchain-12.2.mpacbti-bet1-x86_64-arm-none-eabi/bin/../lib/gcc/arm-none-eabi/12.2.0/../../../../arm-none-eabi/lib/thumb/v7e-m/nofp/libg_nano.a(libc_a-strtol.o)
                0x08002d4c                strtol_l
 .text.strtol   0x08002d60       0x14 /home/strayker/Pkgs/arm-gnu-toolchain/arm-gnu-toolchain-12.2.mpacbti-bet1-x86_64-arm-none-eabi/bin/../lib/gcc/arm-none-eabi/12.2.0/../../../../arm-none-eabi/lib/thumb/v7e-m/nofp/libg_nano.a(libc_a-strtol.o)
                0x08002d60                strtol
 .text._strtoul_l.constprop.0
                0x08002d74       0xe4 /home/strayker/Pkgs/arm-gnu-toolchain/arm-gnu-toolchain-12.2.mpacbti-bet1-x86_64-arm-none-eabi/bin/../lib/gcc/arm-none-eabi/12.2.0/../../../../arm-none-eabi/lib/thumb/v7e-m/nofp/libg_nano.a(libc_a-strtoul.o)
 .text._strtoul_r
                0x08002e58        0x4 /home/strayker/Pkgs/arm-gnu-toolchain/arm-gnu-toolchain-12.2.mpacbti-bet1-x86_64-arm-none-eabi/bin/../lib/gcc/arm-none-eabi/12.2.0/../../../../arm-none-eabi/lib/thumb/v7e-m/nofp/libg_nano.a(libc_a-strtoul.o)
                0x08002e58                _strtoul_r
 .text.strtoul_l
                0x08002e5c       0x14 /home/strayker/Pkgs/arm-gnu-toolchain/arm-gnu-toolchain-12.2.mpacbti-bet1-x86_64-arm-none-eabi/bin/../lib/gcc/arm-none-eabi/12.2.0/../../../../arm-none-eabi/lib/thumb/v7e-m/nofp/libg_nano.a(libc_a-strtoul.o)
                0x08002e5c                strtoul_l
 .text.strtoul  0x08002e70       0x14 /home/strayker/Pkgs/arm-gnu-toolchain/arm-gnu-toolchain-12.2.mpacbti-bet1-x86_64-arm-none-eabi/bin/../lib/gcc/arm-none-eabi/12.2.0/../../../../arm-none-eabi/lib/thumb/v7e-m/nofp/libg_nano.a(libc_a-strtoul.o)
                0x08002e70                strtoul
 *(.eh_frame)
 .eh_frame      0x08002e84        0x0 /home/strayker/Pkgs/arm-gnu-toolchain/arm-gnu-toolchain-12.2.mpacbti-bet1-x86_64-arm-none-eabi/bin/../lib/gcc/arm-none-eabi/12.2.0/thumb/v7e-m/nofp/crtbegin.o
 .eh_frame      0x08002e84       0x44 /home/strayker/Pkgs/arm-gnu-toolchain/arm-gnu-toolchain-12.2.mpacbti-bet1-x86_64-arm-none-eabi/bin/../lib/gcc/arm-none-eabi/12.2.0/../../../../arm-none-eabi/lib/thumb/v7e-m/nofp/libg_nano.a(libc_a-memchr.o)
 .eh_frame      0x08002ec8       0x28 /home/strayker/Pkgs/arm-gnu-toolchain/arm-gnu-toolchain-12.2.mpacbti-bet1-x86_64-arm-none-eabi/bin/../lib/gcc/arm-none-eabi/12.2.0/../../../../arm-none-eabi/lib/thumb/v7e-m/nofp/libg_nano.a(libc_a-strlen.o)
 .eh_frame      0x08002ef0        0x4 /home/strayker/Pkgs/arm-gnu-toolchain/arm-gnu-toolchain-12.2.mpacbti-bet1-x86_64-arm-none-eabi/bin/../lib/gcc/arm-none-eabi/12.2.0/thumb/v7e-m/nofp/crtend.o
 *(.init)
 .init          0x08002ef4        0x4 /home/strayker/Pkgs/arm-gnu-toolchain/arm-gnu-toolchain-12.2.mpacbti-bet1-x86_64-arm-none-eabi/bin/../lib/gcc/arm-none-eabi/12.2.0/thumb/v7e-m/nofp/crti.o
                0x08002ef4                _init
 .init          0x08002ef8        0x8 /home/strayker/Pkgs/arm-gnu-toolchain/arm-gnu-toolchain-12.2.mpacbti-bet1-x86_64-arm-none-eabi/bin/../lib/gcc/arm-none-eabi/12.2.0/thumb/v7e-m/nofp/crtn.o
 *(.fini)
 .fini          0x08002f00        0x4 /home/strayker/Pkgs/arm-gnu-toolchain/arm-gnu-toolchain-12.2.mpacbti-bet1-x86_64-arm-none-eabi/bin/../lib/gcc/arm-none-eabi/12.2.0/thumb/v7e-m/nofp/crti.o
                0x08002f00                _fini
 .fini          0x08002f04        0x8 /home/strayker/Pkgs/arm-gnu-toolchain/arm-gnu-toolchain-12.2.mpacbti-bet1-x86_64-arm-none-eabi/bin/../lib/gcc/arm-none-eabi/12.2.0/thumb/v7e-m/nofp/crtn.o
 *(.ARM)
 *(.ARM*)
 .ARM.attributes
                0x08002f0c       0x1e /home/strayker/Pkgs/arm-gnu-toolchain/arm-gnu-toolchain-12.2.mpacbti-bet1-x86_64-arm-none-eabi/bin/../lib/gcc/arm-none-eabi/12.2.0/thumb/v7e-m/nofp/crti.o
 .ARM.attributes
                0x08002f2a       0x2e /home/strayker/Pkgs/arm-gnu-toolchain/arm-gnu-toolchain-12.2.mpacbti-bet1-x86_64-arm-none-eabi/bin/../lib/gcc/arm-none-eabi/12.2.0/thumb/v7e-m/nofp/crtbegin.o
 .ARM.extab     0x08002f58        0x0 /home/strayker/Pkgs/arm-gnu-toolchain/arm-gnu-toolchain-12.2.mpacbti-bet1-x86_64-arm-none-eabi/bin/../lib/gcc/arm-none-eabi/12.2.0/../../../../arm-none-eabi/lib/thumb/v7e-m/nofp/crt0.o
 .ARM.attributes
                0x08002f58       0x1c /home/strayker/Pkgs/arm-gnu-toolchain/arm-gnu-toolchain-12.2.mpacbti-bet1-x86_64-arm-none-eabi/bin/../lib/gcc/arm-none-eabi/12.2.0/../../../../arm-none-eabi/lib/thumb/v7e-m/nofp/crt0.o
 .ARM.attributes
                0x08002f74       0x2e src/obj/i2c.o
 .ARM.attributes
                0x08002fa2       0x2e src/obj/main.o
 .ARM.attributes
                0x08002fd0       0x2e src/obj/syscalls.o
 .ARM.attributes
                0x08002ffe       0x2e src/obj/startup_STM32F401RE.o
 .ARM.attributes
                0x0800302c       0x2e /home/strayker/Pkgs/arm-gnu-toolchain/arm-gnu-toolchain-12.2.mpacbti-bet1-x86_64-arm-none-eabi/bin/../lib/gcc/arm-none-eabi/12.2.0/../../../../arm-none-eabi/lib/thumb/v7e-m/nofp/libg_nano.a(libc_a-exit.o)
 .ARM.attributes
                0x0800305a       0x2e /home/strayker/Pkgs/arm-gnu-toolchain/arm-gnu-toolchain-12.2.mpacbti-bet1-x86_64-arm-none-eabi/bin/../lib/gcc/arm-none-eabi/12.2.0/../../../../arm-none-eabi/lib/thumb/v7e-m/nofp/libg_nano.a(libc_a-init.o)
 .ARM.extab     0x08003088        0x0 /home/strayker/Pkgs/arm-gnu-toolchain/arm-gnu-toolchain-12.2.mpacbti-bet1-x86_64-arm-none-eabi/bin/../lib/gcc/arm-none-eabi/12.2.0/../../../../arm-none-eabi/lib/thumb/v7e-m/nofp/libg_nano.a(libc_a-strcmp.o)
 .ARM.attributes
                0x08003088       0x1c /home/strayker/Pkgs/arm-gnu-toolchain/arm-gnu-toolchain-12.2.mpacbti-bet1-x86_64-arm-none-eabi/bin/../lib/gcc/arm-none-eabi/12.2.0/../../../../arm-none-eabi/lib/thumb/v7e-m/nofp/libg_nano.a(libc_a-strcmp.o)
 .ARM.attributes
                0x080030a4       0x2e /home/strayker/Pkgs/arm-gnu-toolchain/arm-gnu-toolchain-12.2.mpacbti-bet1-x86_64-arm-none-eabi/bin/../lib/gcc/arm-none-eabi/12.2.0/../../../../arm-none-eabi/lib/thumb/v7e-m/nofp/libg_nano.a(libc_a-printf.o)
 .ARM.attributes
                0x080030d2       0x2e /home/strayker/Pkgs/arm-gnu-toolchain/arm-gnu-toolchain-12.2.mpacbti-bet1-x86_64-arm-none-eabi/bin/../lib/gcc/arm-none-eabi/12.2.0/../../../../arm-none-eabi/lib/thumb/v7e-m/nofp/libg_nano.a(libc_a-nano-vfprintf.o)
 .ARM.attributes
                0x08003100       0x2e /home/strayker/Pkgs/arm-gnu-toolchain/arm-gnu-toolchain-12.2.mpacbti-bet1-x86_64-arm-none-eabi/bin/../lib/gcc/arm-none-eabi/12.2.0/../../../../arm-none-eabi/lib/thumb/v7e-m/nofp/libg_nano.a(libc_a-wbuf.o)
 .ARM.attributes
                0x0800312e       0x2e /home/strayker/Pkgs/arm-gnu-toolchain/arm-gnu-toolchain-12.2.mpacbti-bet1-x86_64-arm-none-eabi/bin/../lib/gcc/arm-none-eabi/12.2.0/../../../../arm-none-eabi/lib/thumb/v7e-m/nofp/libg_nano.a(libc_a-wsetup.o)
 .ARM.attributes
                0x0800315c       0x2e /home/strayker/Pkgs/arm-gnu-toolchain/arm-gnu-toolchain-12.2.mpacbti-bet1-x86_64-arm-none-eabi/bin/../lib/gcc/arm-none-eabi/12.2.0/../../../../arm-none-eabi/lib/thumb/v7e-m/nofp/libg_nano.a(libc_a-nano-vfprintf_i.o)
 .ARM.attributes
                0x0800318a       0x2e /home/strayker/Pkgs/arm-gnu-toolchain/arm-gnu-toolchain-12.2.mpacbti-bet1-x86_64-arm-none-eabi/bin/../lib/gcc/arm-none-eabi/12.2.0/../../../../arm-none-eabi/lib/thumb/v7e-m/nofp/libg_nano.a(libc_a-puts.o)
 .ARM.attributes
                0x080031b8       0x2e /home/strayker/Pkgs/arm-gnu-toolchain/arm-gnu-toolchain-12.2.mpacbti-bet1-x86_64-arm-none-eabi/bin/../lib/gcc/arm-none-eabi/12.2.0/../../../../arm-none-eabi/lib/thumb/v7e-m/nofp/libg_nano.a(libc_a-impure.o)
 .ARM.attributes
                0x080031e6       0x2e /home/strayker/Pkgs/arm-gnu-toolchain/arm-gnu-toolchain-12.2.mpacbti-bet1-x86_64-arm-none-eabi/bin/../lib/gcc/arm-none-eabi/12.2.0/../../../../arm-none-eabi/lib/thumb/v7e-m/nofp/libg_nano.a(libc_a-fflush.o)
 .ARM.extab     0x08003214        0x0 /home/strayker/Pkgs/arm-gnu-toolchain/arm-gnu-toolchain-12.2.mpacbti-bet1-x86_64-arm-none-eabi/bin/../lib/gcc/arm-none-eabi/12.2.0/../../../../arm-none-eabi/lib/thumb/v7e-m/nofp/libg_nano.a(libc_a-memchr.o)
 .ARM.attributes
                0x08003214       0x1c /home/strayker/Pkgs/arm-gnu-toolchain/arm-gnu-toolchain-12.2.mpacbti-bet1-x86_64-arm-none-eabi/bin/../lib/gcc/arm-none-eabi/12.2.0/../../../../arm-none-eabi/lib/thumb/v7e-m/nofp/libg_nano.a(libc_a-memchr.o)
 .ARM.attributes
                0x08003230       0x2e /home/strayker/Pkgs/arm-gnu-toolchain/arm-gnu-toolchain-12.2.mpacbti-bet1-x86_64-arm-none-eabi/bin/../lib/gcc/arm-none-eabi/12.2.0/../../../../arm-none-eabi/lib/thumb/v7e-m/nofp/libg_nano.a(libc_a-findfp.o)
 .ARM.attributes
                0x0800325e       0x2e /home/strayker/Pkgs/arm-gnu-toolchain/arm-gnu-toolchain-12.2.mpacbti-bet1-x86_64-arm-none-eabi/bin/../lib/gcc/arm-none-eabi/12.2.0/../../../../arm-none-eabi/lib/thumb/v7e-m/nofp/libg_nano.a(libc_a-sscanf.o)
 .ARM.attributes
                0x0800328c       0x2e /home/strayker/Pkgs/arm-gnu-toolchain/arm-gnu-toolchain-12.2.mpacbti-bet1-x86_64-arm-none-eabi/bin/../lib/gcc/arm-none-eabi/12.2.0/../../../../arm-none-eabi/lib/thumb/v7e-m/nofp/libg_nano.a(libc_a-stdio.o)
 .ARM.attributes
                0x080032ba       0x2e /home/strayker/Pkgs/arm-gnu-toolchain/arm-gnu-toolchain-12.2.mpacbti-bet1-x86_64-arm-none-eabi/bin/../lib/gcc/arm-none-eabi/12.2.0/../../../../arm-none-eabi/lib/thumb/v7e-m/nofp/libg_nano.a(libc_a-writer.o)
 .ARM.attributes
                0x080032e8       0x2e /home/strayker/Pkgs/arm-gnu-toolchain/arm-gnu-toolchain-12.2.mpacbti-bet1-x86_64-arm-none-eabi/bin/../lib/gcc/arm-none-eabi/12.2.0/../../../../arm-none-eabi/lib/thumb/v7e-m/nofp/libg_nano.a(libc_a-errno.o)
 .ARM.attributes
                0x08003316       0x2e /home/strayker/Pkgs/arm-gnu-toolchain/arm-gnu-toolchain-12.2.mpacbti-bet1-x86_64-arm-none-eabi/bin/../lib/gcc/arm-none-eabi/12.2.0/../../../../arm-none-eabi/lib/thumb/v7e-m/nofp/libg_nano.a(libc_a-fvwrite.o)
 .ARM.attributes
                0x08003344       0x2e /home/strayker/Pkgs/arm-gnu-toolchain/arm-gnu-toolchain-12.2.mpacbti-bet1-x86_64-arm-none-eabi/bin/../lib/gcc/arm-none-eabi/12.2.0/../../../../arm-none-eabi/lib/thumb/v7e-m/nofp/libg_nano.a(libc_a-fwalk.o)
 .ARM.attributes
                0x08003372       0x2e /home/strayker/Pkgs/arm-gnu-toolchain/arm-gnu-toolchain-12.2.mpacbti-bet1-x86_64-arm-none-eabi/bin/../lib/gcc/arm-none-eabi/12.2.0/../../../../arm-none-eabi/lib/thumb/v7e-m/nofp/libg_nano.a(libc_a-memmove.o)
 .ARM.attributes
                0x080033a0       0x2e /home/strayker/Pkgs/arm-gnu-toolchain/arm-gnu-toolchain-12.2.mpacbti-bet1-x86_64-arm-none-eabi/bin/../lib/gcc/arm-none-eabi/12.2.0/../../../../arm-none-eabi/lib/thumb/v7e-m/nofp/libg_nano.a(libc_a-memset.o)
 .ARM.attributes
                0x080033ce       0x2e /home/strayker/Pkgs/arm-gnu-toolchain/arm-gnu-toolchain-12.2.mpacbti-bet1-x86_64-arm-none-eabi/bin/../lib/gcc/arm-none-eabi/12.2.0/../../../../arm-none-eabi/lib/thumb/v7e-m/nofp/libg_nano.a(libc_a-reallocr.o)
 .ARM.attributes
                0x080033fc       0x2e /home/strayker/Pkgs/arm-gnu-toolchain/arm-gnu-toolchain-12.2.mpacbti-bet1-x86_64-arm-none-eabi/bin/../lib/gcc/arm-none-eabi/12.2.0/../../../../arm-none-eabi/lib/thumb/v7e-m/nofp/libg_nano.a(libc_a-freer.o)
 .ARM.attributes
                0x0800342a       0x2e /home/strayker/Pkgs/arm-gnu-toolchain/arm-gnu-toolchain-12.2.mpacbti-bet1-x86_64-arm-none-eabi/bin/../lib/gcc/arm-none-eabi/12.2.0/../../../../arm-none-eabi/lib/thumb/v7e-m/nofp/libg_nano.a(libc_a-lock.o)
 .ARM.attributes
                0x08003458       0x2e /home/strayker/Pkgs/arm-gnu-toolchain/arm-gnu-toolchain-12.2.mpacbti-bet1-x86_64-arm-none-eabi/bin/../lib/gcc/arm-none-eabi/12.2.0/../../../../arm-none-eabi/lib/thumb/v7e-m/nofp/libg_nano.a(libc_a-makebuf.o)
 .ARM.attributes
                0x08003486       0x2e /home/strayker/Pkgs/arm-gnu-toolchain/arm-gnu-toolchain-12.2.mpacbti-bet1-x86_64-arm-none-eabi/bin/../lib/gcc/arm-none-eabi/12.2.0/../../../../arm-none-eabi/lib/thumb/v7e-m/nofp/libg_nano.a(libc_a-nano-svfscanf.o)
 .ARM.attributes
                0x080034b4       0x2e /home/strayker/Pkgs/arm-gnu-toolchain/arm-gnu-toolchain-12.2.mpacbti-bet1-x86_64-arm-none-eabi/bin/../lib/gcc/arm-none-eabi/12.2.0/../../../../arm-none-eabi/lib/thumb/v7e-m/nofp/libg_nano.a(libc_a-nano-vfscanf_i.o)
 .ARM.attributes
                0x080034e2       0x2e /home/strayker/Pkgs/arm-gnu-toolchain/arm-gnu-toolchain-12.2.mpacbti-bet1-x86_64-arm-none-eabi/bin/../lib/gcc/arm-none-eabi/12.2.0/../../../../arm-none-eabi/lib/thumb/v7e-m/nofp/libg_nano.a(libc_a-closer.o)
 .ARM.attributes
                0x08003510       0x2e /home/strayker/Pkgs/arm-gnu-toolchain/arm-gnu-toolchain-12.2.mpacbti-bet1-x86_64-arm-none-eabi/bin/../lib/gcc/arm-none-eabi/12.2.0/../../../../arm-none-eabi/lib/thumb/v7e-m/nofp/libg_nano.a(libc_a-reent.o)
 .ARM.attributes
                0x0800353e       0x2e /home/strayker/Pkgs/arm-gnu-toolchain/arm-gnu-toolchain-12.2.mpacbti-bet1-x86_64-arm-none-eabi/bin/../lib/gcc/arm-none-eabi/12.2.0/../../../../arm-none-eabi/lib/thumb/v7e-m/nofp/libg_nano.a(libc_a-memcpy-stub.o)
 .ARM.extab     0x0800356c        0x0 /home/strayker/Pkgs/arm-gnu-toolchain/arm-gnu-toolchain-12.2.mpacbti-bet1-x86_64-arm-none-eabi/bin/../lib/gcc/arm-none-eabi/12.2.0/../../../../arm-none-eabi/lib/thumb/v7e-m/nofp/libg_nano.a(libc_a-strlen.o)
 .ARM.attributes
                0x0800356c       0x17 /home/strayker/Pkgs/arm-gnu-toolchain/arm-gnu-toolchain-12.2.mpacbti-bet1-x86_64-arm-none-eabi/bin/../lib/gcc/arm-none-eabi/12.2.0/../../../../arm-none-eabi/lib/thumb/v7e-m/nofp/libg_nano.a(libc_a-strlen.o)
 .ARM.attributes
                0x08003583       0x2e /home/strayker/Pkgs/arm-gnu-toolchain/arm-gnu-toolchain-12.2.mpacbti-bet1-x86_64-arm-none-eabi/bin/../lib/gcc/arm-none-eabi/12.2.0/../../../../arm-none-eabi/lib/thumb/v7e-m/nofp/libg_nano.a(libc_a-mallocr.o)
 .ARM.attributes
                0x080035b1       0x2e /home/strayker/Pkgs/arm-gnu-toolchain/arm-gnu-toolchain-12.2.mpacbti-bet1-x86_64-arm-none-eabi/bin/../lib/gcc/arm-none-eabi/12.2.0/../../../../arm-none-eabi/lib/thumb/v7e-m/nofp/libg_nano.a(libc_a-fstatr.o)
 .ARM.attributes
                0x080035df       0x2e /home/strayker/Pkgs/arm-gnu-toolchain/arm-gnu-toolchain-12.2.mpacbti-bet1-x86_64-arm-none-eabi/bin/../lib/gcc/arm-none-eabi/12.2.0/../../../../arm-none-eabi/lib/thumb/v7e-m/nofp/libg_nano.a(libc_a-isattyr.o)
 .ARM.attributes
                0x0800360d       0x2e /home/strayker/Pkgs/arm-gnu-toolchain/arm-gnu-toolchain-12.2.mpacbti-bet1-x86_64-arm-none-eabi/bin/../lib/gcc/arm-none-eabi/12.2.0/../../../../arm-none-eabi/lib/thumb/v7e-m/nofp/libg_nano.a(libc_a-lseekr.o)
 .ARM.attributes
                0x0800363b       0x2e /home/strayker/Pkgs/arm-gnu-toolchain/arm-gnu-toolchain-12.2.mpacbti-bet1-x86_64-arm-none-eabi/bin/../lib/gcc/arm-none-eabi/12.2.0/../../../../arm-none-eabi/lib/thumb/v7e-m/nofp/libg_nano.a(libc_a-readr.o)
 .ARM.attributes
                0x08003669       0x2e /home/strayker/Pkgs/arm-gnu-toolchain/arm-gnu-toolchain-12.2.mpacbti-bet1-x86_64-arm-none-eabi/bin/../lib/gcc/arm-none-eabi/12.2.0/../../../../arm-none-eabi/lib/thumb/v7e-m/nofp/libg_nano.a(libc_a-sccl.o)
 .ARM.attributes
                0x08003697       0x2e /home/strayker/Pkgs/arm-gnu-toolchain/arm-gnu-toolchain-12.2.mpacbti-bet1-x86_64-arm-none-eabi/bin/../lib/gcc/arm-none-eabi/12.2.0/../../../../arm-none-eabi/lib/thumb/v7e-m/nofp/libg_nano.a(libc_a-mlock.o)
 .ARM.attributes
                0x080036c5       0x2e /home/strayker/Pkgs/arm-gnu-toolchain/arm-gnu-toolchain-12.2.mpacbti-bet1-x86_64-arm-none-eabi/bin/../lib/gcc/arm-none-eabi/12.2.0/../../../../arm-none-eabi/lib/thumb/v7e-m/nofp/libg_nano.a(libc_a-msizer.o)
 .ARM.attributes
                0x080036f3       0x2e /home/strayker/Pkgs/arm-gnu-toolchain/arm-gnu-toolchain-12.2.mpacbti-bet1-x86_64-arm-none-eabi/bin/../lib/gcc/arm-none-eabi/12.2.0/../../../../arm-none-eabi/lib/thumb/v7e-m/nofp/libg_nano.a(libc_a-ctype_.o)
 .ARM.attributes
                0x08003721       0x2e /home/strayker/Pkgs/arm-gnu-toolchain/arm-gnu-toolchain-12.2.mpacbti-bet1-x86_64-arm-none-eabi/bin/../lib/gcc/arm-none-eabi/12.2.0/../../../../arm-none-eabi/lib/thumb/v7e-m/nofp/libg_nano.a(libc_a-sbrkr.o)
 .ARM.attributes
                0x0800374f       0x2e /home/strayker/Pkgs/arm-gnu-toolchain/arm-gnu-toolchain-12.2.mpacbti-bet1-x86_64-arm-none-eabi/bin/../lib/gcc/arm-none-eabi/12.2.0/../../../../arm-none-eabi/lib/thumb/v7e-m/nofp/libg_nano.a(libc_a-ungetc.o)
 .ARM.attributes
                0x0800377d       0x2e /home/strayker/Pkgs/arm-gnu-toolchain/arm-gnu-toolchain-12.2.mpacbti-bet1-x86_64-arm-none-eabi/bin/../lib/gcc/arm-none-eabi/12.2.0/../../../../arm-none-eabi/lib/thumb/v7e-m/nofp/libg_nano.a(libc_a-strtol.o)
 .ARM.attributes
                0x080037ab       0x2e /home/strayker/Pkgs/arm-gnu-toolchain/arm-gnu-toolchain-12.2.mpacbti-bet1-x86_64-arm-none-eabi/bin/../lib/gcc/arm-none-eabi/12.2.0/../../../../arm-none-eabi/lib/thumb/v7e-m/nofp/libg_nano.a(libc_a-strtoul.o)
 .ARM.attributes
                0x080037d9       0x2e /home/strayker/Pkgs/arm-gnu-toolchain/arm-gnu-toolchain-12.2.mpacbti-bet1-x86_64-arm-none-eabi/bin/../lib/gcc/arm-none-eabi/12.2.0/thumb/v7e-m/nofp/crtend.o
 .ARM.attributes
                0x08003807       0x1e /home/strayker/Pkgs/arm-gnu-toolchain/arm-gnu-toolchain-12.2.mpacbti-bet1-x86_64-arm-none-eabi/bin/../lib/gcc/arm-none-eabi/12.2.0/thumb/v7e-m/nofp/crtn.o
 *fill*         0x08003825        0x3 
 .ARM.exidx     0x08003828        0x8 /home/strayker/Pkgs/arm-gnu-toolchain/arm-gnu-toolchain-12.2.mpacbti-bet1-x86_64-arm-none-eabi/bin/../lib/gcc/arm-none-eabi/12.2.0/../../../../arm-none-eabi/lib/thumb/v7e-m/nofp/crt0.o
                                 0x10 (size before relaxing)
 .ARM.exidx     0x08003830        0x0 /home/strayker/Pkgs/arm-gnu-toolchain/arm-gnu-toolchain-12.2.mpacbti-bet1-x86_64-arm-none-eabi/bin/../lib/gcc/arm-none-eabi/12.2.0/../../../../arm-none-eabi/lib/thumb/v7e-m/nofp/libg_nano.a(libc_a-strcmp.o)
                                  0x8 (size before relaxing)
 .ARM.exidx     0x08003830        0x0 /home/strayker/Pkgs/arm-gnu-toolchain/arm-gnu-toolchain-12.2.mpacbti-bet1-x86_64-arm-none-eabi/bin/../lib/gcc/arm-none-eabi/12.2.0/../../../../arm-none-eabi/lib/thumb/v7e-m/nofp/libg_nano.a(libc_a-memchr.o)
                                  0x8 (size before relaxing)
 .ARM.exidx     0x08003830        0x0 /home/strayker/Pkgs/arm-gnu-toolchain/arm-gnu-toolchain-12.2.mpacbti-bet1-x86_64-arm-none-eabi/bin/../lib/gcc/arm-none-eabi/12.2.0/../../../../arm-none-eabi/lib/thumb/v7e-m/nofp/libg_nano.a(libc_a-strlen.o)
                                  0x8 (size before relaxing)
 *(.rodata)
 *fill*         0x08003830        0x0 
 .rodata        0x08003830       0xe0 src/obj/i2c.o
 .rodata        0x08003910       0x18 src/obj/main.o
                0x08003910                RCC
                0x08003914                GPIOA
                0x08003918                GPIOB
                0x0800391c                USART2
                0x08003920                NVIC
                0x08003924                I2C1
 .rodata        0x08003928        0xc /home/strayker/Pkgs/arm-gnu-toolchain/arm-gnu-toolchain-12.2.mpacbti-bet1-x86_64-arm-none-eabi/bin/../lib/gcc/arm-none-eabi/12.2.0/../../../../arm-none-eabi/lib/thumb/v7e-m/nofp/libg_nano.a(libc_a-nano-vfscanf_i.o)
 *(.rodata.*)
 .rodata.all_implied_fbits
                0x08003934       0x24 /home/strayker/Pkgs/arm-gnu-toolchain/arm-gnu-toolchain-12.2.mpacbti-bet1-x86_64-arm-none-eabi/bin/../lib/gcc/arm-none-eabi/12.2.0/thumb/v7e-m/nofp/crtbegin.o
 .rodata._vfprintf_r.str1.1
                0x08003958       0x11 /home/strayker/Pkgs/arm-gnu-toolchain/arm-gnu-toolchain-12.2.mpacbti-bet1-x86_64-arm-none-eabi/bin/../lib/gcc/arm-none-eabi/12.2.0/../../../../arm-none-eabi/lib/thumb/v7e-m/nofp/libg_nano.a(libc_a-nano-vfprintf.o)
 .rodata._printf_i.str1.1
                0x08003969       0x22 /home/strayker/Pkgs/arm-gnu-toolchain/arm-gnu-toolchain-12.2.mpacbti-bet1-x86_64-arm-none-eabi/bin/../lib/gcc/arm-none-eabi/12.2.0/../../../../arm-none-eabi/lib/thumb/v7e-m/nofp/libg_nano.a(libc_a-nano-vfprintf_i.o)
 .rodata.__ssvfscanf_r.str1.1
                0x0800398b        0x4 /home/strayker/Pkgs/arm-gnu-toolchain/arm-gnu-toolchain-12.2.mpacbti-bet1-x86_64-arm-none-eabi/bin/../lib/gcc/arm-none-eabi/12.2.0/../../../../arm-none-eabi/lib/thumb/v7e-m/nofp/libg_nano.a(libc_a-nano-svfscanf.o)
 .rodata._scanf_i.str1.1
                0x0800398b       0x12 /home/strayker/Pkgs/arm-gnu-toolchain/arm-gnu-toolchain-12.2.mpacbti-bet1-x86_64-arm-none-eabi/bin/../lib/gcc/arm-none-eabi/12.2.0/../../../../arm-none-eabi/lib/thumb/v7e-m/nofp/libg_nano.a(libc_a-nano-vfscanf_i.o)
 .rodata.str1.1
                0x0800399d        0x9 /home/strayker/Pkgs/arm-gnu-toolchain/arm-gnu-toolchain-12.2.mpacbti-bet1-x86_64-arm-none-eabi/bin/../lib/gcc/arm-none-eabi/12.2.0/../../../../arm-none-eabi/lib/thumb/v7e-m/nofp/libg_nano.a(libc_a-nano-vfscanf_i.o)
 .rodata._ctype_
                0x080039a6      0x101 /home/strayker/Pkgs/arm-gnu-toolchain/arm-gnu-toolchain-12.2.mpacbti-bet1-x86_64-arm-none-eabi/bin/../lib/gcc/arm-none-eabi/12.2.0/../../../../arm-none-eabi/lib/thumb/v7e-m/nofp/libg_nano.a(libc_a-ctype_.o)
                0x080039a6                _ctype_
 *fill*         0x08003aa7        0x1 
 .rodata.all_implied_fbits
                0x08003aa8       0x24 /home/strayker/Pkgs/arm-gnu-toolchain/arm-gnu-toolchain-12.2.mpacbti-bet1-x86_64-arm-none-eabi/bin/../lib/gcc/arm-none-eabi/12.2.0/thumb/v7e-m/nofp/crtend.o
                0x08003acc                        . = ALIGN (0x4)
                0x08003acc                        _sidata = LOADADDR (.data)

.glue_7         0x08003acc        0x0
 .glue_7        0x08003acc        0x0 linker stubs

.glue_7t        0x08003acc        0x0
 .glue_7t       0x08003acc        0x0 linker stubs

.vfp11_veneer   0x08003acc        0x0
 .vfp11_veneer  0x08003acc        0x0 linker stubs

.v4_bx          0x08003acc        0x0
 .v4_bx         0x08003acc        0x0 linker stubs

.iplt           0x08003acc        0x0
 .iplt          0x08003acc        0x0 /home/strayker/Pkgs/arm-gnu-toolchain/arm-gnu-toolchain-12.2.mpacbti-bet1-x86_64-arm-none-eabi/bin/../lib/gcc/arm-none-eabi/12.2.0/thumb/v7e-m/nofp/crtbegin.o

.rel.dyn        0x08003acc        0x0
 .rel.iplt      0x08003acc        0x0 /home/strayker/Pkgs/arm-gnu-toolchain/arm-gnu-toolchain-12.2.mpacbti-bet1-x86_64-arm-none-eabi/bin/../lib/gcc/arm-none-eabi/12.2.0/thumb/v7e-m/nofp/crtbegin.o

.data           0x20000000       0x6c load address 0x08003acc
                0x20000000                        . = ALIGN (0x4)
                0x20000000                        _sdata = .
 *(.data)
 .data          0x20000000        0x0 /home/strayker/Pkgs/arm-gnu-toolchain/arm-gnu-toolchain-12.2.mpacbti-bet1-x86_64-arm-none-eabi/bin/../lib/gcc/arm-none-eabi/12.2.0/thumb/v7e-m/nofp/crti.o
 .data          0x20000000        0x0 /home/strayker/Pkgs/arm-gnu-toolchain/arm-gnu-toolchain-12.2.mpacbti-bet1-x86_64-arm-none-eabi/bin/../lib/gcc/arm-none-eabi/12.2.0/thumb/v7e-m/nofp/crtbegin.o
 .data          0x20000000        0x0 /home/strayker/Pkgs/arm-gnu-toolchain/arm-gnu-toolchain-12.2.mpacbti-bet1-x86_64-arm-none-eabi/bin/../lib/gcc/arm-none-eabi/12.2.0/../../../../arm-none-eabi/lib/thumb/v7e-m/nofp/crt0.o
 .data          0x20000000        0x0 src/obj/i2c.o
 .data          0x20000000        0x0 src/obj/main.o
 .data          0x20000000        0x4 src/obj/syscalls.o
                0x20000000                environ
 .data          0x20000004        0x0 src/obj/startup_STM32F401RE.o
 .data          0x20000004        0x0 /home/strayker/Pkgs/arm-gnu-toolchain/arm-gnu-toolchain-12.2.mpacbti-bet1-x86_64-arm-none-eabi/bin/../lib/gcc/arm-none-eabi/12.2.0/../../../../arm-none-eabi/lib/thumb/v7e-m/nofp/libg_nano.a(libc_a-exit.o)
 .data          0x20000004        0x0 /home/strayker/Pkgs/arm-gnu-toolchain/arm-gnu-toolchain-12.2.mpacbti-bet1-x86_64-arm-none-eabi/bin/../lib/gcc/arm-none-eabi/12.2.0/../../../../arm-none-eabi/lib/thumb/v7e-m/nofp/libg_nano.a(libc_a-init.o)
 .data          0x20000004        0x0 /home/strayker/Pkgs/arm-gnu-toolchain/arm-gnu-toolchain-12.2.mpacbti-bet1-x86_64-arm-none-eabi/bin/../lib/gcc/arm-none-eabi/12.2.0/../../../../arm-none-eabi/lib/thumb/v7e-m/nofp/libg_nano.a(libc_a-strcmp.o)
 .data          0x20000004        0x0 /home/strayker/Pkgs/arm-gnu-toolchain/arm-gnu-toolchain-12.2.mpacbti-bet1-x86_64-arm-none-eabi/bin/../lib/gcc/arm-none-eabi/12.2.0/../../../../arm-none-eabi/lib/thumb/v7e-m/nofp/libg_nano.a(libc_a-printf.o)
 .data          0x20000004        0x0 /home/strayker/Pkgs/arm-gnu-toolchain/arm-gnu-toolchain-12.2.mpacbti-bet1-x86_64-arm-none-eabi/bin/../lib/gcc/arm-none-eabi/12.2.0/../../../../arm-none-eabi/lib/thumb/v7e-m/nofp/libg_nano.a(libc_a-nano-vfprintf.o)
 .data          0x20000004        0x0 /home/strayker/Pkgs/arm-gnu-toolchain/arm-gnu-toolchain-12.2.mpacbti-bet1-x86_64-arm-none-eabi/bin/../lib/gcc/arm-none-eabi/12.2.0/../../../../arm-none-eabi/lib/thumb/v7e-m/nofp/libg_nano.a(libc_a-wbuf.o)
 .data          0x20000004        0x0 /home/strayker/Pkgs/arm-gnu-toolchain/arm-gnu-toolchain-12.2.mpacbti-bet1-x86_64-arm-none-eabi/bin/../lib/gcc/arm-none-eabi/12.2.0/../../../../arm-none-eabi/lib/thumb/v7e-m/nofp/libg_nano.a(libc_a-wsetup.o)
 .data          0x20000004        0x0 /home/strayker/Pkgs/arm-gnu-toolchain/arm-gnu-toolchain-12.2.mpacbti-bet1-x86_64-arm-none-eabi/bin/../lib/gcc/arm-none-eabi/12.2.0/../../../../arm-none-eabi/lib/thumb/v7e-m/nofp/libg_nano.a(libc_a-nano-vfprintf_i.o)
 .data          0x20000004        0x0 /home/strayker/Pkgs/arm-gnu-toolchain/arm-gnu-toolchain-12.2.mpacbti-bet1-x86_64-arm-none-eabi/bin/../lib/gcc/arm-none-eabi/12.2.0/../../../../arm-none-eabi/lib/thumb/v7e-m/nofp/libg_nano.a(libc_a-puts.o)
 .data          0x20000004        0x0 /home/strayker/Pkgs/arm-gnu-toolchain/arm-gnu-toolchain-12.2.mpacbti-bet1-x86_64-arm-none-eabi/bin/../lib/gcc/arm-none-eabi/12.2.0/../../../../arm-none-eabi/lib/thumb/v7e-m/nofp/libg_nano.a(libc_a-impure.o)
 .data          0x20000004        0x0 /home/strayker/Pkgs/arm-gnu-toolchain/arm-gnu-toolchain-12.2.mpacbti-bet1-x86_64-arm-none-eabi/bin/../lib/gcc/arm-none-eabi/12.2.0/../../../../arm-none-eabi/lib/thumb/v7e-m/nofp/libg_nano.a(libc_a-fflush.o)
 .data          0x20000004        0x0 /home/strayker/Pkgs/arm-gnu-toolchain/arm-gnu-toolchain-12.2.mpacbti-bet1-x86_64-arm-none-eabi/bin/../lib/gcc/arm-none-eabi/12.2.0/../../../../arm-none-eabi/lib/thumb/v7e-m/nofp/libg_nano.a(libc_a-memchr.o)
 .data          0x20000004        0x0 /home/strayker/Pkgs/arm-gnu-toolchain/arm-gnu-toolchain-12.2.mpacbti-bet1-x86_64-arm-none-eabi/bin/../lib/gcc/arm-none-eabi/12.2.0/../../../../arm-none-eabi/lib/thumb/v7e-m/nofp/libg_nano.a(libc_a-findfp.o)
 .data          0x20000004        0x0 /home/strayker/Pkgs/arm-gnu-toolchain/arm-gnu-toolchain-12.2.mpacbti-bet1-x86_64-arm-none-eabi/bin/../lib/gcc/arm-none-eabi/12.2.0/../../../../arm-none-eabi/lib/thumb/v7e-m/nofp/libg_nano.a(libc_a-sscanf.o)
 .data          0x20000004        0x0 /home/strayker/Pkgs/arm-gnu-toolchain/arm-gnu-toolchain-12.2.mpacbti-bet1-x86_64-arm-none-eabi/bin/../lib/gcc/arm-none-eabi/12.2.0/../../../../arm-none-eabi/lib/thumb/v7e-m/nofp/libg_nano.a(libc_a-stdio.o)
 .data          0x20000004        0x0 /home/strayker/Pkgs/arm-gnu-toolchain/arm-gnu-toolchain-12.2.mpacbti-bet1-x86_64-arm-none-eabi/bin/../lib/gcc/arm-none-eabi/12.2.0/../../../../arm-none-eabi/lib/thumb/v7e-m/nofp/libg_nano.a(libc_a-writer.o)
 .data          0x20000004        0x0 /home/strayker/Pkgs/arm-gnu-toolchain/arm-gnu-toolchain-12.2.mpacbti-bet1-x86_64-arm-none-eabi/bin/../lib/gcc/arm-none-eabi/12.2.0/../../../../arm-none-eabi/lib/thumb/v7e-m/nofp/libg_nano.a(libc_a-errno.o)
 .data          0x20000004        0x0 /home/strayker/Pkgs/arm-gnu-toolchain/arm-gnu-toolchain-12.2.mpacbti-bet1-x86_64-arm-none-eabi/bin/../lib/gcc/arm-none-eabi/12.2.0/../../../../arm-none-eabi/lib/thumb/v7e-m/nofp/libg_nano.a(libc_a-fvwrite.o)
 .data          0x20000004        0x0 /home/strayker/Pkgs/arm-gnu-toolchain/arm-gnu-toolchain-12.2.mpacbti-bet1-x86_64-arm-none-eabi/bin/../lib/gcc/arm-none-eabi/12.2.0/../../../../arm-none-eabi/lib/thumb/v7e-m/nofp/libg_nano.a(libc_a-fwalk.o)
 .data          0x20000004        0x0 /home/strayker/Pkgs/arm-gnu-toolchain/arm-gnu-toolchain-12.2.mpacbti-bet1-x86_64-arm-none-eabi/bin/../lib/gcc/arm-none-eabi/12.2.0/../../../../arm-none-eabi/lib/thumb/v7e-m/nofp/libg_nano.a(libc_a-memmove.o)
 .data          0x20000004        0x0 /home/strayker/Pkgs/arm-gnu-toolchain/arm-gnu-toolchain-12.2.mpacbti-bet1-x86_64-arm-none-eabi/bin/../lib/gcc/arm-none-eabi/12.2.0/../../../../arm-none-eabi/lib/thumb/v7e-m/nofp/libg_nano.a(libc_a-memset.o)
 .data          0x20000004        0x0 /home/strayker/Pkgs/arm-gnu-toolchain/arm-gnu-toolchain-12.2.mpacbti-bet1-x86_64-arm-none-eabi/bin/../lib/gcc/arm-none-eabi/12.2.0/../../../../arm-none-eabi/lib/thumb/v7e-m/nofp/libg_nano.a(libc_a-reallocr.o)
 .data          0x20000004        0x0 /home/strayker/Pkgs/arm-gnu-toolchain/arm-gnu-toolchain-12.2.mpacbti-bet1-x86_64-arm-none-eabi/bin/../lib/gcc/arm-none-eabi/12.2.0/../../../../arm-none-eabi/lib/thumb/v7e-m/nofp/libg_nano.a(libc_a-freer.o)
 .data          0x20000004        0x0 /home/strayker/Pkgs/arm-gnu-toolchain/arm-gnu-toolchain-12.2.mpacbti-bet1-x86_64-arm-none-eabi/bin/../lib/gcc/arm-none-eabi/12.2.0/../../../../arm-none-eabi/lib/thumb/v7e-m/nofp/libg_nano.a(libc_a-lock.o)
 .data          0x20000004        0x0 /home/strayker/Pkgs/arm-gnu-toolchain/arm-gnu-toolchain-12.2.mpacbti-bet1-x86_64-arm-none-eabi/bin/../lib/gcc/arm-none-eabi/12.2.0/../../../../arm-none-eabi/lib/thumb/v7e-m/nofp/libg_nano.a(libc_a-makebuf.o)
 .data          0x20000004        0x0 /home/strayker/Pkgs/arm-gnu-toolchain/arm-gnu-toolchain-12.2.mpacbti-bet1-x86_64-arm-none-eabi/bin/../lib/gcc/arm-none-eabi/12.2.0/../../../../arm-none-eabi/lib/thumb/v7e-m/nofp/libg_nano.a(libc_a-nano-svfscanf.o)
 .data          0x20000004        0x0 /home/strayker/Pkgs/arm-gnu-toolchain/arm-gnu-toolchain-12.2.mpacbti-bet1-x86_64-arm-none-eabi/bin/../lib/gcc/arm-none-eabi/12.2.0/../../../../arm-none-eabi/lib/thumb/v7e-m/nofp/libg_nano.a(libc_a-nano-vfscanf_i.o)
 .data          0x20000004        0x0 /home/strayker/Pkgs/arm-gnu-toolchain/arm-gnu-toolchain-12.2.mpacbti-bet1-x86_64-arm-none-eabi/bin/../lib/gcc/arm-none-eabi/12.2.0/../../../../arm-none-eabi/lib/thumb/v7e-m/nofp/libg_nano.a(libc_a-closer.o)
 .data          0x20000004        0x0 /home/strayker/Pkgs/arm-gnu-toolchain/arm-gnu-toolchain-12.2.mpacbti-bet1-x86_64-arm-none-eabi/bin/../lib/gcc/arm-none-eabi/12.2.0/../../../../arm-none-eabi/lib/thumb/v7e-m/nofp/libg_nano.a(libc_a-reent.o)
 .data          0x20000004        0x0 /home/strayker/Pkgs/arm-gnu-toolchain/arm-gnu-toolchain-12.2.mpacbti-bet1-x86_64-arm-none-eabi/bin/../lib/gcc/arm-none-eabi/12.2.0/../../../../arm-none-eabi/lib/thumb/v7e-m/nofp/libg_nano.a(libc_a-memcpy-stub.o)
 .data          0x20000004        0x0 /home/strayker/Pkgs/arm-gnu-toolchain/arm-gnu-toolchain-12.2.mpacbti-bet1-x86_64-arm-none-eabi/bin/../lib/gcc/arm-none-eabi/12.2.0/../../../../arm-none-eabi/lib/thumb/v7e-m/nofp/libg_nano.a(libc_a-strlen.o)
 .data          0x20000004        0x0 /home/strayker/Pkgs/arm-gnu-toolchain/arm-gnu-toolchain-12.2.mpacbti-bet1-x86_64-arm-none-eabi/bin/../lib/gcc/arm-none-eabi/12.2.0/../../../../arm-none-eabi/lib/thumb/v7e-m/nofp/libg_nano.a(libc_a-mallocr.o)
 .data          0x20000004        0x0 /home/strayker/Pkgs/arm-gnu-toolchain/arm-gnu-toolchain-12.2.mpacbti-bet1-x86_64-arm-none-eabi/bin/../lib/gcc/arm-none-eabi/12.2.0/../../../../arm-none-eabi/lib/thumb/v7e-m/nofp/libg_nano.a(libc_a-fstatr.o)
 .data          0x20000004        0x0 /home/strayker/Pkgs/arm-gnu-toolchain/arm-gnu-toolchain-12.2.mpacbti-bet1-x86_64-arm-none-eabi/bin/../lib/gcc/arm-none-eabi/12.2.0/../../../../arm-none-eabi/lib/thumb/v7e-m/nofp/libg_nano.a(libc_a-isattyr.o)
 .data          0x20000004        0x0 /home/strayker/Pkgs/arm-gnu-toolchain/arm-gnu-toolchain-12.2.mpacbti-bet1-x86_64-arm-none-eabi/bin/../lib/gcc/arm-none-eabi/12.2.0/../../../../arm-none-eabi/lib/thumb/v7e-m/nofp/libg_nano.a(libc_a-lseekr.o)
 .data          0x20000004        0x0 /home/strayker/Pkgs/arm-gnu-toolchain/arm-gnu-toolchain-12.2.mpacbti-bet1-x86_64-arm-none-eabi/bin/../lib/gcc/arm-none-eabi/12.2.0/../../../../arm-none-eabi/lib/thumb/v7e-m/nofp/libg_nano.a(libc_a-readr.o)
 .data          0x20000004        0x0 /home/strayker/Pkgs/arm-gnu-toolchain/arm-gnu-toolchain-12.2.mpacbti-bet1-x86_64-arm-none-eabi/bin/../lib/gcc/arm-none-eabi/12.2.0/../../../../arm-none-eabi/lib/thumb/v7e-m/nofp/libg_nano.a(libc_a-sccl.o)
 .data          0x20000004        0x0 /home/strayker/Pkgs/arm-gnu-toolchain/arm-gnu-toolchain-12.2.mpacbti-bet1-x86_64-arm-none-eabi/bin/../lib/gcc/arm-none-eabi/12.2.0/../../../../arm-none-eabi/lib/thumb/v7e-m/nofp/libg_nano.a(libc_a-mlock.o)
 .data          0x20000004        0x0 /home/strayker/Pkgs/arm-gnu-toolchain/arm-gnu-toolchain-12.2.mpacbti-bet1-x86_64-arm-none-eabi/bin/../lib/gcc/arm-none-eabi/12.2.0/../../../../arm-none-eabi/lib/thumb/v7e-m/nofp/libg_nano.a(libc_a-msizer.o)
 .data          0x20000004        0x0 /home/strayker/Pkgs/arm-gnu-toolchain/arm-gnu-toolchain-12.2.mpacbti-bet1-x86_64-arm-none-eabi/bin/../lib/gcc/arm-none-eabi/12.2.0/../../../../arm-none-eabi/lib/thumb/v7e-m/nofp/libg_nano.a(libc_a-ctype_.o)
 .data          0x20000004        0x0 /home/strayker/Pkgs/arm-gnu-toolchain/arm-gnu-toolchain-12.2.mpacbti-bet1-x86_64-arm-none-eabi/bin/../lib/gcc/arm-none-eabi/12.2.0/../../../../arm-none-eabi/lib/thumb/v7e-m/nofp/libg_nano.a(libc_a-sbrkr.o)
 .data          0x20000004        0x0 /home/strayker/Pkgs/arm-gnu-toolchain/arm-gnu-toolchain-12.2.mpacbti-bet1-x86_64-arm-none-eabi/bin/../lib/gcc/arm-none-eabi/12.2.0/../../../../arm-none-eabi/lib/thumb/v7e-m/nofp/libg_nano.a(libc_a-ungetc.o)
 .data          0x20000004        0x0 /home/strayker/Pkgs/arm-gnu-toolchain/arm-gnu-toolchain-12.2.mpacbti-bet1-x86_64-arm-none-eabi/bin/../lib/gcc/arm-none-eabi/12.2.0/../../../../arm-none-eabi/lib/thumb/v7e-m/nofp/libg_nano.a(libc_a-strtol.o)
 .data          0x20000004        0x0 /home/strayker/Pkgs/arm-gnu-toolchain/arm-gnu-toolchain-12.2.mpacbti-bet1-x86_64-arm-none-eabi/bin/../lib/gcc/arm-none-eabi/12.2.0/../../../../arm-none-eabi/lib/thumb/v7e-m/nofp/libg_nano.a(libc_a-strtoul.o)
 .data          0x20000004        0x0 /home/strayker/Pkgs/arm-gnu-toolchain/arm-gnu-toolchain-12.2.mpacbti-bet1-x86_64-arm-none-eabi/bin/../lib/gcc/arm-none-eabi/12.2.0/thumb/v7e-m/nofp/crtend.o
 .data          0x20000004        0x0 /home/strayker/Pkgs/arm-gnu-toolchain/arm-gnu-toolchain-12.2.mpacbti-bet1-x86_64-arm-none-eabi/bin/../lib/gcc/arm-none-eabi/12.2.0/thumb/v7e-m/nofp/crtn.o
 *(.data.*)
 .data.__dso_handle
                0x20000004        0x4 /home/strayker/Pkgs/arm-gnu-toolchain/arm-gnu-toolchain-12.2.mpacbti-bet1-x86_64-arm-none-eabi/bin/../lib/gcc/arm-none-eabi/12.2.0/thumb/v7e-m/nofp/crtbegin.o
                0x20000004                __dso_handle
 .data._impure_ptr
                0x20000008        0x4 /home/strayker/Pkgs/arm-gnu-toolchain/arm-gnu-toolchain-12.2.mpacbti-bet1-x86_64-arm-none-eabi/bin/../lib/gcc/arm-none-eabi/12.2.0/../../../../arm-none-eabi/lib/thumb/v7e-m/nofp/libg_nano.a(libc_a-impure.o)
                0x20000008                _impure_ptr
 .data._impure_data
                0x2000000c       0x4c /home/strayker/Pkgs/arm-gnu-toolchain/arm-gnu-toolchain-12.2.mpacbti-bet1-x86_64-arm-none-eabi/bin/../lib/gcc/arm-none-eabi/12.2.0/../../../../arm-none-eabi/lib/thumb/v7e-m/nofp/libg_nano.a(libc_a-impure.o)
                0x2000000c                _impure_data
 .data.__sglue  0x20000058        0xc /home/strayker/Pkgs/arm-gnu-toolchain/arm-gnu-toolchain-12.2.mpacbti-bet1-x86_64-arm-none-eabi/bin/../lib/gcc/arm-none-eabi/12.2.0/../../../../arm-none-eabi/lib/thumb/v7e-m/nofp/libg_nano.a(libc_a-findfp.o)
                0x20000058                __sglue
 *(.init_*)
 .init_array    0x20000064        0x4 /home/strayker/Pkgs/arm-gnu-toolchain/arm-gnu-toolchain-12.2.mpacbti-bet1-x86_64-arm-none-eabi/bin/../lib/gcc/arm-none-eabi/12.2.0/thumb/v7e-m/nofp/crtbegin.o
 *(.fini_*)
 .fini_array    0x20000068        0x4 /home/strayker/Pkgs/arm-gnu-toolchain/arm-gnu-toolchain-12.2.mpacbti-bet1-x86_64-arm-none-eabi/bin/../lib/gcc/arm-none-eabi/12.2.0/thumb/v7e-m/nofp/crtbegin.o
                0x2000006c                        . = ALIGN (0x4)
                0x2000006c                        _edata = .

.tm_clone_table
                0x2000006c        0x0 load address 0x08003b38
 .tm_clone_table
                0x2000006c        0x0 /home/strayker/Pkgs/arm-gnu-toolchain/arm-gnu-toolchain-12.2.mpacbti-bet1-x86_64-arm-none-eabi/bin/../lib/gcc/arm-none-eabi/12.2.0/thumb/v7e-m/nofp/crtbegin.o
 .tm_clone_table
                0x2000006c        0x0 /home/strayker/Pkgs/arm-gnu-toolchain/arm-gnu-toolchain-12.2.mpacbti-bet1-x86_64-arm-none-eabi/bin/../lib/gcc/arm-none-eabi/12.2.0/thumb/v7e-m/nofp/crtend.o

.igot.plt       0x2000006c        0x0 load address 0x08003b38
 .igot.plt      0x2000006c        0x0 /home/strayker/Pkgs/arm-gnu-toolchain/arm-gnu-toolchain-12.2.mpacbti-bet1-x86_64-arm-none-eabi/bin/../lib/gcc/arm-none-eabi/12.2.0/thumb/v7e-m/nofp/crtbegin.o

.bss            0x2000006c      0x174 load address 0x08003b38
                0x2000006c                        . = ALIGN (0x4)
                0x2000006c                        _sbss = .
                0x2000006c                        __bss_start__ = _sbss
 *(.bss)
 .bss           0x2000006c        0x0 /home/strayker/Pkgs/arm-gnu-toolchain/arm-gnu-toolchain-12.2.mpacbti-bet1-x86_64-arm-none-eabi/bin/../lib/gcc/arm-none-eabi/12.2.0/thumb/v7e-m/nofp/crti.o
 .bss           0x2000006c        0x0 /home/strayker/Pkgs/arm-gnu-toolchain/arm-gnu-toolchain-12.2.mpacbti-bet1-x86_64-arm-none-eabi/bin/../lib/gcc/arm-none-eabi/12.2.0/thumb/v7e-m/nofp/crtbegin.o
 .bss           0x2000006c        0x0 /home/strayker/Pkgs/arm-gnu-toolchain/arm-gnu-toolchain-12.2.mpacbti-bet1-x86_64-arm-none-eabi/bin/../lib/gcc/arm-none-eabi/12.2.0/../../../../arm-none-eabi/lib/thumb/v7e-m/nofp/crt0.o
 .bss           0x2000006c        0x0 src/obj/i2c.o
 .bss           0x2000006c        0x0 src/obj/main.o
 .bss           0x2000006c        0x8 src/obj/syscalls.o
                0x2000006c                __env
 .bss           0x20000074        0x0 src/obj/startup_STM32F401RE.o
 .bss           0x20000074        0x0 /home/strayker/Pkgs/arm-gnu-toolchain/arm-gnu-toolchain-12.2.mpacbti-bet1-x86_64-arm-none-eabi/bin/../lib/gcc/arm-none-eabi/12.2.0/../../../../arm-none-eabi/lib/thumb/v7e-m/nofp/libg_nano.a(libc_a-exit.o)
 .bss           0x20000074        0x0 /home/strayker/Pkgs/arm-gnu-toolchain/arm-gnu-toolchain-12.2.mpacbti-bet1-x86_64-arm-none-eabi/bin/../lib/gcc/arm-none-eabi/12.2.0/../../../../arm-none-eabi/lib/thumb/v7e-m/nofp/libg_nano.a(libc_a-init.o)
 .bss           0x20000074        0x0 /home/strayker/Pkgs/arm-gnu-toolchain/arm-gnu-toolchain-12.2.mpacbti-bet1-x86_64-arm-none-eabi/bin/../lib/gcc/arm-none-eabi/12.2.0/../../../../arm-none-eabi/lib/thumb/v7e-m/nofp/libg_nano.a(libc_a-strcmp.o)
 .bss           0x20000074        0x0 /home/strayker/Pkgs/arm-gnu-toolchain/arm-gnu-toolchain-12.2.mpacbti-bet1-x86_64-arm-none-eabi/bin/../lib/gcc/arm-none-eabi/12.2.0/../../../../arm-none-eabi/lib/thumb/v7e-m/nofp/libg_nano.a(libc_a-printf.o)
 .bss           0x20000074        0x0 /home/strayker/Pkgs/arm-gnu-toolchain/arm-gnu-toolchain-12.2.mpacbti-bet1-x86_64-arm-none-eabi/bin/../lib/gcc/arm-none-eabi/12.2.0/../../../../arm-none-eabi/lib/thumb/v7e-m/nofp/libg_nano.a(libc_a-nano-vfprintf.o)
 .bss           0x20000074        0x0 /home/strayker/Pkgs/arm-gnu-toolchain/arm-gnu-toolchain-12.2.mpacbti-bet1-x86_64-arm-none-eabi/bin/../lib/gcc/arm-none-eabi/12.2.0/../../../../arm-none-eabi/lib/thumb/v7e-m/nofp/libg_nano.a(libc_a-wbuf.o)
 .bss           0x20000074        0x0 /home/strayker/Pkgs/arm-gnu-toolchain/arm-gnu-toolchain-12.2.mpacbti-bet1-x86_64-arm-none-eabi/bin/../lib/gcc/arm-none-eabi/12.2.0/../../../../arm-none-eabi/lib/thumb/v7e-m/nofp/libg_nano.a(libc_a-wsetup.o)
 .bss           0x20000074        0x0 /home/strayker/Pkgs/arm-gnu-toolchain/arm-gnu-toolchain-12.2.mpacbti-bet1-x86_64-arm-none-eabi/bin/../lib/gcc/arm-none-eabi/12.2.0/../../../../arm-none-eabi/lib/thumb/v7e-m/nofp/libg_nano.a(libc_a-nano-vfprintf_i.o)
 .bss           0x20000074        0x0 /home/strayker/Pkgs/arm-gnu-toolchain/arm-gnu-toolchain-12.2.mpacbti-bet1-x86_64-arm-none-eabi/bin/../lib/gcc/arm-none-eabi/12.2.0/../../../../arm-none-eabi/lib/thumb/v7e-m/nofp/libg_nano.a(libc_a-puts.o)
 .bss           0x20000074        0x0 /home/strayker/Pkgs/arm-gnu-toolchain/arm-gnu-toolchain-12.2.mpacbti-bet1-x86_64-arm-none-eabi/bin/../lib/gcc/arm-none-eabi/12.2.0/../../../../arm-none-eabi/lib/thumb/v7e-m/nofp/libg_nano.a(libc_a-impure.o)
 .bss           0x20000074        0x0 /home/strayker/Pkgs/arm-gnu-toolchain/arm-gnu-toolchain-12.2.mpacbti-bet1-x86_64-arm-none-eabi/bin/../lib/gcc/arm-none-eabi/12.2.0/../../../../arm-none-eabi/lib/thumb/v7e-m/nofp/libg_nano.a(libc_a-fflush.o)
 .bss           0x20000074        0x0 /home/strayker/Pkgs/arm-gnu-toolchain/arm-gnu-toolchain-12.2.mpacbti-bet1-x86_64-arm-none-eabi/bin/../lib/gcc/arm-none-eabi/12.2.0/../../../../arm-none-eabi/lib/thumb/v7e-m/nofp/libg_nano.a(libc_a-memchr.o)
 .bss           0x20000074        0x0 /home/strayker/Pkgs/arm-gnu-toolchain/arm-gnu-toolchain-12.2.mpacbti-bet1-x86_64-arm-none-eabi/bin/../lib/gcc/arm-none-eabi/12.2.0/../../../../arm-none-eabi/lib/thumb/v7e-m/nofp/libg_nano.a(libc_a-findfp.o)
 .bss           0x20000074        0x0 /home/strayker/Pkgs/arm-gnu-toolchain/arm-gnu-toolchain-12.2.mpacbti-bet1-x86_64-arm-none-eabi/bin/../lib/gcc/arm-none-eabi/12.2.0/../../../../arm-none-eabi/lib/thumb/v7e-m/nofp/libg_nano.a(libc_a-sscanf.o)
 .bss           0x20000074        0x0 /home/strayker/Pkgs/arm-gnu-toolchain/arm-gnu-toolchain-12.2.mpacbti-bet1-x86_64-arm-none-eabi/bin/../lib/gcc/arm-none-eabi/12.2.0/../../../../arm-none-eabi/lib/thumb/v7e-m/nofp/libg_nano.a(libc_a-stdio.o)
 .bss           0x20000074        0x0 /home/strayker/Pkgs/arm-gnu-toolchain/arm-gnu-toolchain-12.2.mpacbti-bet1-x86_64-arm-none-eabi/bin/../lib/gcc/arm-none-eabi/12.2.0/../../../../arm-none-eabi/lib/thumb/v7e-m/nofp/libg_nano.a(libc_a-writer.o)
 .bss           0x20000074        0x0 /home/strayker/Pkgs/arm-gnu-toolchain/arm-gnu-toolchain-12.2.mpacbti-bet1-x86_64-arm-none-eabi/bin/../lib/gcc/arm-none-eabi/12.2.0/../../../../arm-none-eabi/lib/thumb/v7e-m/nofp/libg_nano.a(libc_a-errno.o)
 .bss           0x20000074        0x0 /home/strayker/Pkgs/arm-gnu-toolchain/arm-gnu-toolchain-12.2.mpacbti-bet1-x86_64-arm-none-eabi/bin/../lib/gcc/arm-none-eabi/12.2.0/../../../../arm-none-eabi/lib/thumb/v7e-m/nofp/libg_nano.a(libc_a-fvwrite.o)
 .bss           0x20000074        0x0 /home/strayker/Pkgs/arm-gnu-toolchain/arm-gnu-toolchain-12.2.mpacbti-bet1-x86_64-arm-none-eabi/bin/../lib/gcc/arm-none-eabi/12.2.0/../../../../arm-none-eabi/lib/thumb/v7e-m/nofp/libg_nano.a(libc_a-fwalk.o)
 .bss           0x20000074        0x0 /home/strayker/Pkgs/arm-gnu-toolchain/arm-gnu-toolchain-12.2.mpacbti-bet1-x86_64-arm-none-eabi/bin/../lib/gcc/arm-none-eabi/12.2.0/../../../../arm-none-eabi/lib/thumb/v7e-m/nofp/libg_nano.a(libc_a-memmove.o)
 .bss           0x20000074        0x0 /home/strayker/Pkgs/arm-gnu-toolchain/arm-gnu-toolchain-12.2.mpacbti-bet1-x86_64-arm-none-eabi/bin/../lib/gcc/arm-none-eabi/12.2.0/../../../../arm-none-eabi/lib/thumb/v7e-m/nofp/libg_nano.a(libc_a-memset.o)
 .bss           0x20000074        0x0 /home/strayker/Pkgs/arm-gnu-toolchain/arm-gnu-toolchain-12.2.mpacbti-bet1-x86_64-arm-none-eabi/bin/../lib/gcc/arm-none-eabi/12.2.0/../../../../arm-none-eabi/lib/thumb/v7e-m/nofp/libg_nano.a(libc_a-reallocr.o)
 .bss           0x20000074        0x0 /home/strayker/Pkgs/arm-gnu-toolchain/arm-gnu-toolchain-12.2.mpacbti-bet1-x86_64-arm-none-eabi/bin/../lib/gcc/arm-none-eabi/12.2.0/../../../../arm-none-eabi/lib/thumb/v7e-m/nofp/libg_nano.a(libc_a-freer.o)
 .bss           0x20000074        0x0 /home/strayker/Pkgs/arm-gnu-toolchain/arm-gnu-toolchain-12.2.mpacbti-bet1-x86_64-arm-none-eabi/bin/../lib/gcc/arm-none-eabi/12.2.0/../../../../arm-none-eabi/lib/thumb/v7e-m/nofp/libg_nano.a(libc_a-lock.o)
 .bss           0x20000074        0x0 /home/strayker/Pkgs/arm-gnu-toolchain/arm-gnu-toolchain-12.2.mpacbti-bet1-x86_64-arm-none-eabi/bin/../lib/gcc/arm-none-eabi/12.2.0/../../../../arm-none-eabi/lib/thumb/v7e-m/nofp/libg_nano.a(libc_a-makebuf.o)
 .bss           0x20000074        0x0 /home/strayker/Pkgs/arm-gnu-toolchain/arm-gnu-toolchain-12.2.mpacbti-bet1-x86_64-arm-none-eabi/bin/../lib/gcc/arm-none-eabi/12.2.0/../../../../arm-none-eabi/lib/thumb/v7e-m/nofp/libg_nano.a(libc_a-nano-svfscanf.o)
 .bss           0x20000074        0x0 /home/strayker/Pkgs/arm-gnu-toolchain/arm-gnu-toolchain-12.2.mpacbti-bet1-x86_64-arm-none-eabi/bin/../lib/gcc/arm-none-eabi/12.2.0/../../../../arm-none-eabi/lib/thumb/v7e-m/nofp/libg_nano.a(libc_a-nano-vfscanf_i.o)
 .bss           0x20000074        0x0 /home/strayker/Pkgs/arm-gnu-toolchain/arm-gnu-toolchain-12.2.mpacbti-bet1-x86_64-arm-none-eabi/bin/../lib/gcc/arm-none-eabi/12.2.0/../../../../arm-none-eabi/lib/thumb/v7e-m/nofp/libg_nano.a(libc_a-closer.o)
 .bss           0x20000074        0x0 /home/strayker/Pkgs/arm-gnu-toolchain/arm-gnu-toolchain-12.2.mpacbti-bet1-x86_64-arm-none-eabi/bin/../lib/gcc/arm-none-eabi/12.2.0/../../../../arm-none-eabi/lib/thumb/v7e-m/nofp/libg_nano.a(libc_a-reent.o)
 .bss           0x20000074        0x0 /home/strayker/Pkgs/arm-gnu-toolchain/arm-gnu-toolchain-12.2.mpacbti-bet1-x86_64-arm-none-eabi/bin/../lib/gcc/arm-none-eabi/12.2.0/../../../../arm-none-eabi/lib/thumb/v7e-m/nofp/libg_nano.a(libc_a-memcpy-stub.o)
 .bss           0x20000074        0x0 /home/strayker/Pkgs/arm-gnu-toolchain/arm-gnu-toolchain-12.2.mpacbti-bet1-x86_64-arm-none-eabi/bin/../lib/gcc/arm-none-eabi/12.2.0/../../../../arm-none-eabi/lib/thumb/v7e-m/nofp/libg_nano.a(libc_a-strlen.o)
 .bss           0x20000074        0x0 /home/strayker/Pkgs/arm-gnu-toolchain/arm-gnu-toolchain-12.2.mpacbti-bet1-x86_64-arm-none-eabi/bin/../lib/gcc/arm-none-eabi/12.2.0/../../../../arm-none-eabi/lib/thumb/v7e-m/nofp/libg_nano.a(libc_a-mallocr.o)
 .bss           0x20000074        0x0 /home/strayker/Pkgs/arm-gnu-toolchain/arm-gnu-toolchain-12.2.mpacbti-bet1-x86_64-arm-none-eabi/bin/../lib/gcc/arm-none-eabi/12.2.0/../../../../arm-none-eabi/lib/thumb/v7e-m/nofp/libg_nano.a(libc_a-fstatr.o)
 .bss           0x20000074        0x0 /home/strayker/Pkgs/arm-gnu-toolchain/arm-gnu-toolchain-12.2.mpacbti-bet1-x86_64-arm-none-eabi/bin/../lib/gcc/arm-none-eabi/12.2.0/../../../../arm-none-eabi/lib/thumb/v7e-m/nofp/libg_nano.a(libc_a-isattyr.o)
 .bss           0x20000074        0x0 /home/strayker/Pkgs/arm-gnu-toolchain/arm-gnu-toolchain-12.2.mpacbti-bet1-x86_64-arm-none-eabi/bin/../lib/gcc/arm-none-eabi/12.2.0/../../../../arm-none-eabi/lib/thumb/v7e-m/nofp/libg_nano.a(libc_a-lseekr.o)